Component: ARM Compiler 5.06 update 6 (build 750) Tool: armlink [4d35ed]

==============================================================================

Section Cross References

    stm32f4xx_it.o(i.SysTick_Handler) refers to port.o(i.xPortSysTickHandler) for xPortSysTickHandler
    main.o(i.BSP_Init) refers to usart1.o(i.USART1_Configuration) for USART1_Configuration
    main.o(i.BSP_Init) refers to main.o(i.delay_ms) for delay_ms
    main.o(i.BSP_Init) refers to usart2.o(i.USART2_Configuration) for USART2_Configuration
    main.o(i.BSP_Init) refers to microsw.o(i.MicroSwConfigration) for MicroSwConfigration
    main.o(i.BSP_Init) refers to steeringengine.o(i.SteeringEngine_Configuration) for SteeringEngine_Configuration
    main.o(i.BSP_Init) refers to tim7.o(i.TIM7_Configuration) for TIM7_Configuration
    main.o(i.BSP_Init) refers to can1.o(i.CAN1_Configuration) for CAN1_Configuration
    main.o(i.BSP_Init) refers to can2.o(i.CAN2_Configuration) for CAN2_Configuration
    main.o(i.BSP_Init) refers to iwdg.o(i.IWDG_Config) for IWDG_Config
    main.o(i.BSP_Init) refers to uart4.o(i.VOFA_USART_Configuration) for VOFA_USART_Configuration
    main.o(i.BSP_Init) refers to steeringengine.o(i.SteeringEngine_Set) for SteeringEngine_Set
    main.o(i.BSP_Init) refers to main.o(.bss) for Infantry
    main.o(i.Infantry_Init) refers to main.o(.bss) for Infantry
    main.o(i.Offline_Check_task) refers to start_task.o(i.Shoot_Stop) for Shoot_Stop
    main.o(i.Offline_Check_task) refers to start_task.o(i.Shoot_Recover) for Shoot_Recover
    main.o(i.Offline_Check_task) refers to datareceivetask.o(i.RC_Rst) for RC_Rst
    main.o(i.Offline_Check_task) refers to datareceivetask.o(i.F105_Rst) for F105_Rst
    main.o(i.Offline_Check_task) refers to uart4.o(i.VOFA_Send) for VOFA_Send
    main.o(i.Offline_Check_task) refers to iwdg.o(i.IWDG_Feed) for IWDG_Feed
    main.o(i.Offline_Check_task) refers to tasks.o(i.vTaskDelay) for vTaskDelay
    main.o(i.Offline_Check_task) refers to datareceivetask.o(.bss) for Robot_Disconnect
    main.o(i.Offline_Check_task) refers to main.o(.data) for Judge_Lost
    main.o(i.Robot_Init) refers to zerochecktask.o(i.ZeroCheck_Init) for ZeroCheck_Init
    main.o(i.Robot_Init) refers to main.o(i.Infantry_Init) for Infantry_Init
    main.o(i.Robot_Init) refers to chassistask.o(i.Pid_ChassisPosition_Init) for Pid_ChassisPosition_Init
    main.o(i.Robot_Init) refers to gimbaltask.o(i.PidGimbalMotor_Init) for PidGimbalMotor_Init
    main.o(i.Robot_Init) refers to shoottask.o(i.Pid_BodanMotor_Init) for Pid_BodanMotor_Init
    main.o(i.Robot_Init) refers to shoottask.o(i.Pid_Friction_Init) for Pid_Friction_Init
    main.o(i.main) refers to main.o(i.BSP_Init) for BSP_Init
    main.o(i.main) refers to main.o(i.Robot_Init) for Robot_Init
    main.o(i.main) refers to start_task.o(i.startTast) for startTast
    main.o(i.main) refers to tasks.o(i.vTaskStartScheduler) for vTaskStartScheduler
    system_stm32f4xx.o(i.SystemCoreClockUpdate) refers to system_stm32f4xx.o(.data) for SystemCoreClock
    system_stm32f4xx.o(i.SystemInit) refers to system_stm32f4xx.o(i.SetSysClock) for SetSysClock
    startup_stm32f40_41xxx.o(RESET) refers to startup_stm32f40_41xxx.o(STACK) for __initial_sp
    startup_stm32f40_41xxx.o(RESET) refers to startup_stm32f40_41xxx.o(.text) for Reset_Handler
    startup_stm32f40_41xxx.o(RESET) refers to stm32f4xx_it.o(i.NMI_Handler) for NMI_Handler
    startup_stm32f40_41xxx.o(RESET) refers to stm32f4xx_it.o(i.HardFault_Handler) for HardFault_Handler
    startup_stm32f40_41xxx.o(RESET) refers to stm32f4xx_it.o(i.MemManage_Handler) for MemManage_Handler
    startup_stm32f40_41xxx.o(RESET) refers to stm32f4xx_it.o(i.BusFault_Handler) for BusFault_Handler
    startup_stm32f40_41xxx.o(RESET) refers to stm32f4xx_it.o(i.UsageFault_Handler) for UsageFault_Handler
    startup_stm32f40_41xxx.o(RESET) refers to port.o(.emb_text) for SVC_Handler
    startup_stm32f40_41xxx.o(RESET) refers to stm32f4xx_it.o(i.DebugMon_Handler) for DebugMon_Handler
    startup_stm32f40_41xxx.o(RESET) refers to stm32f4xx_it.o(i.SysTick_Handler) for SysTick_Handler
    startup_stm32f40_41xxx.o(RESET) refers to uart4.o(i.DMA1_Stream4_IRQHandler) for DMA1_Stream4_IRQHandler
    startup_stm32f40_41xxx.o(RESET) refers to usart2.o(i.DMA1_Stream5_IRQHandler) for DMA1_Stream5_IRQHandler
    startup_stm32f40_41xxx.o(RESET) refers to can1.o(i.CAN1_TX_IRQHandler) for CAN1_TX_IRQHandler
    startup_stm32f40_41xxx.o(RESET) refers to can1.o(i.CAN1_RX0_IRQHandler) for CAN1_RX0_IRQHandler
    startup_stm32f40_41xxx.o(RESET) refers to can1.o(i.CAN1_RX1_IRQHandler) for CAN1_RX1_IRQHandler
    startup_stm32f40_41xxx.o(RESET) refers to tim4.o(i.TIM4_IRQHandler) for TIM4_IRQHandler
    startup_stm32f40_41xxx.o(RESET) refers to usart1.o(i.USART1_IRQHandler) for USART1_IRQHandler
    startup_stm32f40_41xxx.o(RESET) refers to tim7.o(i.TIM7_IRQHandler) for TIM7_IRQHandler
[...]
    DMA2_Stream6_IRQHandler                  0x0800026f   Thumb Code     0  startup_stm32f40_41xxx.o(.text)
    DMA2_Stream7_IRQHandler                  0x0800026f   Thumb Code     0  startup_stm32f40_41xxx.o(.text)
    ETH_IRQHandler                           0x0800026f   Thumb Code     0  startup_stm32f40_41xxx.o(.text)
    ETH_WKUP_IRQHandler                      0x0800026f   Thumb Code     0  startup_stm32f40_41xxx.o(.text)
    EXTI0_IRQHandler                         0x0800026f   Thumb Code     0  startup_stm32f40_41xxx.o(.text)
    EXTI15_10_IRQHandler                     0x0800026f   Thumb Code     0  startup_stm32f40_41xxx.o(.text)
    EXTI1_IRQHandler                         0x0800026f   Thumb Code     0  startup_stm32f40_41xxx.o(.text)
    EXTI2_IRQHandler                         0x0800026f   Thumb Code     0  startup_stm32f40_41xxx.o(.text)
    EXTI3_IRQHandler                         0x0800026f   Thumb Code     0  startup_stm32f40_41xxx.o(.text)
    EXTI4_IRQHandler                         0x0800026f   Thumb Code     0  startup_stm32f40_41xxx.o(.text)
    EXTI9_5_IRQHandler                       0x0800026f   Thumb Code     0  startup_stm32f40_41xxx.o(.text)
    FLASH_IRQHandler                         0x0800026f   Thumb Code     0  startup_stm32f40_41xxx.o(.text)
    FPU_IRQHandler                           0x0800026f   Thumb Code     0  startup_stm32f40_41xxx.o(.text)
    FSMC_IRQHandler                          0x0800026f   Thumb Code     0  startup_stm32f40_41xxx.o(.text)
    HASH_RNG_IRQHandler                      0x0800026f   Thumb Code     0  startup_stm32f40_41xxx.o(.text)
    I2C1_ER_IRQHandler                       0x0800026f   Thumb Code     0  startup_stm32f40_41xxx.o(.text)
    I2C1_EV_IRQHandler                       0x0800026f   Thumb Code     0  startup_stm32f40_41xxx.o(.text)
    I2C2_ER_IRQHandler                       0x0800026f   Thumb Code     0  startup_stm32f40_41xxx.o(.text)
    I2C2_EV_IRQHandler                       0x0800026f   Thumb Code     0  startup_stm32f40_41xxx.o(.text)
    I2C3_ER_IRQHandler                       0x0800026f   Thumb Code     0  startup_stm32f40_41xxx.o(.text)
    I2C3_EV_IRQHandler                       0x0800026f   Thumb Code     0  startup_stm32f40_41xxx.o(.text)
    OTG_FS_IRQHandler                        0x0800026f   Thumb Code     0  startup_stm32f40_41xxx.o(.text)
    OTG_FS_WKUP_IRQHandler                   0x0800026f   Thumb Code     0  startup_stm32f40_41xxx.o(.text)
    OTG_HS_EP1_IN_IRQHandler                 0x0800026f   Thumb Code     0  startup_stm32f40_41xxx.o(.text)
    OTG_HS_EP1_OUT_IRQHandler                0x0800026f   Thumb Code     0  startup_stm32f40_41xxx.o(.text)
    OTG_HS_IRQHandler                        0x0800026f   Thumb Code     0  startup_stm32f40_41xxx.o(.text)
    OTG_HS_WKUP_IRQHandler                   0x0800026f   Thumb Code     0  startup_stm32f40_41xxx.o(.text)
    PVD_IRQHandler                           0x0800026f   Thumb Code     0  startup_stm32f40_41xxx.o(.text)
    RCC_IRQHandler                           0x0800026f   Thumb Code     0  startup_stm32f40_41xxx.o(.text)
    RTC_Alarm_IRQHandler                     0x0800026f   Thumb Code     0  startup_stm32f40_41xxx.o(.text)
    RTC_WKUP_IRQHandler                      0x0800026f   Thumb Code     0  startup_stm32f40_41xxx.o(.text)
    SDIO_IRQHandler                          0x0800026f   Thumb Code     0  startup_stm32f40_41xxx.o(.text)
    SPI1_IRQHandler                          0x0800026f   Thumb Code     0  startup_stm32f40_41xxx.o(.text)
    SPI2_IRQHandler                          0x0800026f   Thumb Code     0  startup_stm32f40_41xxx.o(.text)
    SPI3_IRQHandler                          0x0800026f   Thumb Code     0  startup_stm32f40_41xxx.o(.text)
    TAMP_STAMP_IRQHandler                    0x0800026f   Thumb Code     0  startup_stm32f40_41xxx.o(.text)
    TIM1_BRK_TIM9_IRQHandler                 0x0800026f   Thumb Code     0  startup_stm32f40_41xxx.o(.text)
    TIM1_CC_IRQHandler                       0x0800026f   Thumb Code     0  startup_stm32f40_41xxx.o(.text)
    TIM1_TRG_COM_TIM11_IRQHandler            0x0800026f   Thumb Code     0  startup_stm32f40_41xxx.o(.text)
    TIM1_UP_TIM10_IRQHandler                 0x0800026f   Thumb Code     0  startup_stm32f40_41xxx.o(.text)
    TIM2_IRQHandler                          0x0800026f   Thumb Code     0  startup_stm32f40_41xxx.o(.text)
    TIM3_IRQHandler                          0x0800026f   Thumb Code     0  startup_stm32f40_41xxx.o(.text)
    TIM5_IRQHandler                          0x0800026f   Thumb Code     0  startup_stm32f40_41xxx.o(.text)
    TIM6_DAC_IRQHandler                      0x0800026f   Thumb Code     0  startup_stm32f40_41xxx.o(.text)
    TIM8_BRK_TIM12_IRQHandler                0x0800026f   Thumb Code     0  startup_stm32f40_41xxx.o(.text)
    TIM8_CC_IRQHandler                       0x0800026f   Thumb Code     0  startup_stm32f40_41xxx.o(.text)
    TIM8_TRG_COM_TIM14_IRQHandler            0x0800026f   Thumb Code     0  startup_stm32f40_41xxx.o(.text)
    TIM8_UP_TIM13_IRQHandler                 0x0800026f   Thumb Code     0  startup_stm32f40_41xxx.o(.text)
    UART4_IRQHandler                         0x0800026f   Thumb Code     0  startup_stm32f40_41xxx.o(.text)
    UART5_IRQHandler                         0x0800026f   Thumb Code     0  startup_stm32f40_41xxx.o(.text)
    USART2_IRQHandler                        0x0800026f   Thumb Code     0  startup_stm32f40_41xxx.o(.text)
    USART3_IRQHandler                        0x0800026f   Thumb Code     0  startup_stm32f40_41xxx.o(.text)
    USART6_IRQHandler                        0x0800026f   Thumb Code     0  startup_stm32f40_41xxx.o(.text)
    WWDG_IRQHandler                          0x0800026f   Thumb Code     0  startup_stm32f40_41xxx.o(.text)
    __aeabi_memcpy                           0x08000279   Thumb Code    36  memcpya.o(.text)
    __aeabi_memcpy4                          0x08000279   Thumb Code     0  memcpya.o(.text)
    __aeabi_memcpy8                          0x08000279   Thumb Code     0  memcpya.o(.text)
    __aeabi_memset                           0x0800029d   Thumb Code    14  memseta.o(.text)
    __aeabi_memset4                          0x0800029d   Thumb Code     0  memseta.o(.text)
    __aeabi_memset8                          0x0800029d   Thumb Code     0  memseta.o(.text)
    __aeabi_memclr                           0x080002ab   Thumb Code     4  memseta.o(.text)
    __aeabi_memclr4                          0x080002ab   Thumb Code     0  memseta.o(.text)
    __aeabi_memclr8                          0x080002ab   Thumb Code     0  memseta.o(.text)
    _memset$wrapper                          0x080002af   Thumb Code    18  memseta.o(.text)
    __aeabi_dmul                             0x080002c1   Thumb Code   228  dmul.o(.text)
    __aeabi_ddiv                             0x080003a5   Thumb Code   222  ddiv.o(.text)
    __aeabi_i2d                              0x08000483   Thumb Code    34  dflti.o(.text)
    __aeabi_d2iz                             0x080004a5   Thumb Code    62  dfixi.o(.text)
    __aeabi_f2d                              0x080004e3   Thumb Code    38  f2d.o(.text)
    __aeabi_d2f                              0x08000509   Thumb Code    56  d2f.o(.text)
    __aeabi_llsr                             0x08000541   Thumb Code    32  llushr.o(.text)
    _ll_ushift_r                             0x08000541   Thumb Code     0  llushr.o(.text)
    __I$use$fp                               0x08000561   Thumb Code     0  iusefp.o(.text)
    _float_round                             0x08000561   Thumb Code    18  fepilogue.o(.text)
    _float_epilogue                          0x08000573   Thumb Code    92  fepilogue.o(.text)
    _double_round                            0x080005cf   Thumb Code    30  depilogue.o(.text)
    _double_epilogue                         0x080005ed   Thumb Code   156  depilogue.o(.text)
    __aeabi_dadd                             0x08000689   Thumb Code   322  dadd.o(.text)
    __aeabi_dsub                             0x080007cb   Thumb Code     6  dadd.o(.text)
    __aeabi_drsub                            0x080007d1   Thumb Code     6  dadd.o(.text)
    _drnd                                    0x080007d9   Thumb Code   132  drnd.o(.text)
    __aeabi_cdcmpeq                          0x08000861   Thumb Code     0  cdcmple.o(.text)
    __aeabi_cdcmple                          0x08000861   Thumb Code    48  cdcmple.o(.text)
    __aeabi_cdrcmple                         0x08000891   Thumb Code    48  cdrcmple.o(.text)
    __scatterload                            0x080008c1   Thumb Code    28  init.o(.text)
    __scatterload_rt2                        0x080008c1   Thumb Code     0  init.o(.text)
    __aeabi_llsl                             0x080008e5   Thumb Code    30  llshl.o(.text)
    _ll_shift_l                              0x080008e5   Thumb Code     0  llshl.o(.text)
    __aeabi_lasr                             0x08000903   Thumb Code    36  llsshr.o(.text)
    _ll_sshift_r                             0x08000903   Thumb Code     0  llsshr.o(.text)
    __aeabi_ui2d                             0x08000927   Thumb Code    26  dfltui.o(.text)
    __decompress                             0x08000941   Thumb Code     0  __dczerorl2.o(.text)
    __decompress1                            0x08000941   Thumb Code    86  __dczerorl2.o(.text)
    Append_CRC8_Check_Sum                    0x08000997   Thumb Code    36  algorithmofcrc.o(i.Append_CRC8_Check_Sum)
    BSP_Init                                 0x080009bd   Thumb Code   110  main.o(i.BSP_Init)
    BodanMotor_CurrentPid_Cal                0x08000a31   Thumb Code   188  shoottask.o(i.BodanMotor_CurrentPid_Cal)
    BusFault_Handler                         0x08000b11   Thumb Code     4  stm32f4xx_it.o(i.BusFault_Handler)
    CAN1_Configuration                       0x08000b15   Thumb Code   380  can1.o(i.CAN1_Configuration)
    CAN1_RX0_IRQHandler                      0x08000c99   Thumb Code    48  can1.o(i.CAN1_RX0_IRQHandler)
    CAN1_RX1_IRQHandler                      0x08000ccd   Thumb Code    52  can1.o(i.CAN1_RX1_IRQHandler)
    CAN1_TX_IRQHandler                       0x08000d05   Thumb Code    22  can1.o(i.CAN1_TX_IRQHandler)
    CAN2_Configuration                       0x08000d21   Thumb Code   402  can2.o(i.CAN2_Configuration)
    CAN2_RX0_IRQHandler                      0x08000ebd   Thumb Code    48  can2.o(i.CAN2_RX0_IRQHandler)
    CAN2_RX1_IRQHandler                      0x08000ef1   Thumb Code    48  can2.o(i.CAN2_RX1_IRQHandler)
    CAN2_TX_IRQHandler                       0x08000f25   Thumb Code    22  can2.o(i.CAN2_TX_IRQHandler)
    CAN_ClearITPendingBit                    0x08000f41   Thumb Code   162  stm32f4xx_can.o(i.CAN_ClearITPendingBit)
    CAN_DeInit                               0x08000fe9   Thumb Code    50  stm32f4xx_can.o(i.CAN_DeInit)
    CAN_FilterInit                           0x08001021   Thumb Code   258  stm32f4xx_can.o(i.CAN_FilterInit)
    CAN_GetITStatus                          0x08001129   Thumb Code   284  stm32f4xx_can.o(i.CAN_GetITStatus)
    CAN_ITConfig                             0x08001249   Thumb Code    18  stm32f4xx_can.o(i.CAN_ITConfig)
    CAN_Init                                 0x0800125b   Thumb Code   276  stm32f4xx_can.o(i.CAN_Init)
    CAN_Receive                              0x0800136f   Thumb Code   240  stm32f4xx_can.o(i.CAN_Receive)
    CAN_StructInit                           0x0800145f   Thumb Code    32  stm32f4xx_can.o(i.CAN_StructInit)
    CAN_Transmit                             0x0800147f   Thumb Code   294  stm32f4xx_can.o(i.CAN_Transmit)
    Can1Receive0                             0x080015a5   Thumb Code    52  datareceivetask.o(i.Can1Receive0)
    Can1Receive1                             0x080015e5   Thumb Code    66  datareceivetask.o(i.Can1Receive1)
    Can2Receive0                             0x08001635   Thumb Code   260  datareceivetask.o(i.Can2Receive0)
    Can2Receive1                             0x0800175d   Thumb Code   144  datareceivetask.o(i.Can2Receive1)
    ChassisCan1Send                          0x080017f9   Thumb Code   104  datasendtask.o(i.ChassisCan1Send)
    ChassisPostionAngle_TranSform            0x08001869   Thumb Code   118  chassistask.o(i.ChassisPostionAngle_TranSform)
    Chassis_Act_Cal                          0x080018f9   Thumb Code   912  chassistask.o(i.Chassis_Act_Cal)
    Chassis_CurrentPid_Cal                   0x08001cd5   Thumb Code   260  chassistask.o(i.Chassis_CurrentPid_Cal)
    Chassis_Jump_Cal                         0x08001de9   Thumb Code   826  chassistask.o(i.Chassis_Jump_Cal)
    Chassis_Powerdown_Cal                    0x08002171   Thumb Code    24  chassistask.o(i.Chassis_Powerdown_Cal)
    Chassis_SelfProtect_Cal                  0x08002191   Thumb Code   794  chassistask.o(i.Chassis_SelfProtect_Cal)
    Chassis_Solo_Cal                         0x080024e9   Thumb Code  1174  chassistask.o(i.Chassis_Solo_Cal)
    Chassis_task                             0x0800298d   Thumb Code    18  chassistask.o(i.Chassis_task)
    DMA1_Stream4_IRQHandler                  0x080029b1   Thumb Code    30  uart4.o(i.DMA1_Stream4_IRQHandler)
    DMA1_Stream5_IRQHandler                  0x080029d9   Thumb Code    36  usart2.o(i.DMA1_Stream5_IRQHandler)
    DMA2_Stream1_IRQHandler                  0x08002a0d   Thumb Code    94  frictionwheel.o(i.DMA2_Stream1_IRQHandler)
    DMA_ClearFlag                            0x08002a7d   Thumb Code    38  stm32f4xx_dma.o(i.DMA_ClearFlag)
    DMA_ClearITPendingBit                    0x08002ab1   Thumb Code    38  stm32f4xx_dma.o(i.DMA_ClearITPendingBit)
    DMA_Cmd                                  0x08002ae5   Thumb Code    22  stm32f4xx_dma.o(i.DMA_Cmd)
    DMA_DeInit                               0x08002afd   Thumb Code   324  stm32f4xx_dma.o(i.DMA_DeInit)
    DMA_GetFlagStatus                        0x08002c55   Thumb Code    54  stm32f4xx_dma.o(i.DMA_GetFlagStatus)
    DMA_GetITStatus                          0x08002c99   Thumb Code    82  stm32f4xx_dma.o(i.DMA_GetITStatus)
    DMA_ITConfig                             0x08002cfd   Thumb Code    58  stm32f4xx_dma.o(i.DMA_ITConfig)
    DMA_Init                                 0x08002d39   Thumb Code    82  stm32f4xx_dma.o(i.DMA_Init)
    DebugMon_Handler                         0x08002d91   Thumb Code     2  stm32f4xx_it.o(i.DebugMon_Handler)
    F105_Rst                                 0x08002d95   Thumb Code    48  datareceivetask.o(i.F105_Rst)
    F405Can1Send                             0x08002dcd   Thumb Code   196  datasendtask.o(i.F405Can1Send)
    FeedForward_Calc                         0x08002eb1   Thumb Code   106  pid.o(i.FeedForward_Calc)
    FrictionBodanCan2Send                    0x08002f1d   Thumb Code   336  datasendtask.o(i.FrictionBodanCan2Send)
    FrictionSpeedChoose                      0x0800307d   Thumb Code    68  shoottask.o(i.FrictionSpeedChoose)
    FrictionWheel_Set                        0x080030cd   Thumb Code   202  frictionwheel.o(i.FrictionWheel_Set)
    FuzzyGyroGimbal_Act_Cal                  0x080031bd   Thumb Code   602  gimbaltask.o(i.FuzzyGyroGimbal_Act_Cal)
    FuzzyMotorGimbal_Act_Cal                 0x08003469   Thumb Code   632  gimbaltask.o(i.FuzzyMotorGimbal_Act_Cal)
    FuzzyPID_Calc                            0x0800373d   Thumb Code   276  pid.o(i.FuzzyPID_Calc)
    GPIO_Init                                0x08003859   Thumb Code   144  stm32f4xx_gpio.o(i.GPIO_Init)
    GPIO_PinAFConfig                         0x080038e9   Thumb Code    70  stm32f4xx_gpio.o(i.GPIO_PinAFConfig)
    GPIO_ResetBits                           0x0800392f   Thumb Code     4  stm32f4xx_gpio.o(i.GPIO_ResetBits)
    GPIO_SetBits                             0x08003933   Thumb Code     4  stm32f4xx_gpio.o(i.GPIO_SetBits)
    Get_CRC8_Check_Sum                       0x08003939   Thumb Code    30  algorithmofcrc.o(i.Get_CRC8_Check_Sum)
    GimbalCan2Send                           0x0800395d   Thumb Code   254  datasendtask.o(i.GimbalCan2Send)
    Gimbal_Armor_Cal                         0x08003a69   Thumb Code   650  gimbaltask.o(i.Gimbal_Armor_Cal)
    Gimbal_Buff_Cal                          0x08003d55   Thumb Code   544  gimbaltask.o(i.Gimbal_Buff_Cal)
    Gimbal_CurrentPid_Cal                    0x08003fc9   Thumb Code   312  gimbaltask.o(i.Gimbal_CurrentPid_Cal)
    Gimbal_Powerdown_Cal                     0x08004121   Thumb Code   110  gimbaltask.o(i.Gimbal_Powerdown_Cal)
    Gimbal_SI_Cal                            0x080041b9   Thumb Code   342  gimbaltask.o(i.Gimbal_SI_Cal)
    Gimbal_Test_Cal                          0x0800434d   Thumb Code   368  gimbaltask.o(i.Gimbal_Test_Cal)
    Gimbal_task                              0x080044f9   Thumb Code    88  gimbaltask.o(i.Gimbal_task)
    HardFault_Handler                        0x08004565   Thumb Code     4  stm32f4xx_it.o(i.HardFault_Handler)
    IWDG_Config                              0x08004569   Thumb Code    36  iwdg.o(i.IWDG_Config)
    IWDG_Enable                              0x0800458d   Thumb Code    10  stm32f4xx_iwdg.o(i.IWDG_Enable)
    IWDG_Feed                                0x0800459d   Thumb Code     8  iwdg.o(i.IWDG_Feed)
    IWDG_ReloadCounter                       0x080045a5   Thumb Code    10  stm32f4xx_iwdg.o(i.IWDG_ReloadCounter)
    IWDG_SetPrescaler                        0x080045b5   Thumb Code     6  stm32f4xx_iwdg.o(i.IWDG_SetPrescaler)
    IWDG_SetReload                           0x080045c1   Thumb Code     6  stm32f4xx_iwdg.o(i.IWDG_SetReload)
    IWDG_WriteAccessCmd                      0x080045cd   Thumb Code     6  stm32f4xx_iwdg.o(i.IWDG_WriteAccessCmd)
    Infantry_Init                            0x080045d9   Thumb Code    82  main.o(i.Infantry_Init)
    MemManage_Handler                        0x08004631   Thumb Code     4  stm32f4xx_it.o(i.MemManage_Handler)
    MicroSwConfigration                      0x08004635   Thumb Code    44  microsw.o(i.MicroSwConfigration)
    ModeChoose_task                          0x08004665   Thumb Code    18  actiontask.o(i.ModeChoose_task)
    MouseKey_Act_Cal                         0x08004679   Thumb Code  1492  actiontask.o(i.MouseKey_Act_Cal)
    Mouse_Key_Process                        0x08004c81   Thumb Code   126  actiontask.o(i.Mouse_Key_Process)
    NMI_Handler                              0x08004d19   Thumb Code     2  stm32f4xx_it.o(i.NMI_Handler)
    NVIC_Init                                0x08004d1d   Thumb Code   106  misc.o(i.NVIC_Init)
    Offline_Check_task                       0x08004d95   Thumb Code   164  main.o(i.Offline_Check_task)
    PCReceive                                0x08004e41   Thumb Code   284  datareceivetask.o(i.PCReceive)
    PCReceive_task                           0x08004f95   Thumb Code   166  datareceivetask.o(i.PCReceive_task)
    PID_Calc                                 0x08005055   Thumb Code   366  pid.o(i.PID_Calc)
    PidGimbalMotor_Init                      0x080051c9   Thumb Code   486  gimbaltask.o(i.PidGimbalMotor_Init)
    Pid_BodanMotor_Init                      0x08005411   Thumb Code   120  shoottask.o(i.Pid_BodanMotor_Init)
    Pid_ChassisPosition_Init                 0x080054b5   Thumb Code    78  chassistask.o(i.Pid_ChassisPosition_Init)
    Pid_Friction_Init                        0x0800551d   Thumb Code   120  shoottask.o(i.Pid_Friction_Init)
    Pluck_Speed_Choose                       0x080055a9   Thumb Code    26  shoottask.o(i.Pluck_Speed_Choose)
    Powerdown_Process                        0x080055cd   Thumb Code    34  actiontask.o(i.Powerdown_Process)
    RCC_AHB1PeriphClockCmd                   0x080055fd   Thumb Code    26  stm32f4xx_rcc.o(i.RCC_AHB1PeriphClockCmd)
    RCC_APB1PeriphClockCmd                   0x0800561d   Thumb Code    26  stm32f4xx_rcc.o(i.RCC_APB1PeriphClockCmd)
    RCC_APB1PeriphResetCmd                   0x0800563d   Thumb Code    26  stm32f4xx_rcc.o(i.RCC_APB1PeriphResetCmd)
    RCC_APB2PeriphClockCmd                   0x0800565d   Thumb Code    26  stm32f4xx_rcc.o(i.RCC_APB2PeriphClockCmd)
    RCC_GetClocksFreq                        0x0800567d   Thumb Code   214  stm32f4xx_rcc.o(i.RCC_GetClocksFreq)
    RCReceive_task                           0x08005765   Thumb Code    26  datareceivetask.o(i.RCReceive_task)
    RC_Rst                                   0x08005789   Thumb Code    68  datareceivetask.o(i.RC_Rst)
    RemoteReceive                            0x080057d1   Thumb Code   452  datareceivetask.o(i.RemoteReceive)
    Remote_Process                           0x080059a5   Thumb Code   124  actiontask.o(i.Remote_Process)
    Robot_Init                               0x08005a35   Thumb Code    28  main.o(i.Robot_Init)
    SetInputMode                             0x08005a51   Thumb Code    62  actiontask.o(i.SetInputMode)
    Shoot_Check_Cal                          0x08005b85   Thumb Code    98  shoottask.o(i.Shoot_Check_Cal)
    Shoot_Fire_Cal                           0x08005c09   Thumb Code   364  shoottask.o(i.Shoot_Fire_Cal)
    Shoot_Powerdown_Cal                      0x08005dad   Thumb Code    56  shoottask.o(i.Shoot_Powerdown_Cal)
    Shoot_Recover                            0x08005df5   Thumb Code    34  start_task.o(i.Shoot_Recover)
    Shoot_Stop                               0x08005e21   Thumb Code    42  start_task.o(i.Shoot_Stop)
    Shoot_Test_Cal                           0x08005e55   Thumb Code   224  shoottask.o(i.Shoot_Test_Cal)
    Shoot_task                               0x08005f61   Thumb Code   132  shoottask.o(i.Shoot_task)
    Status_Act                               0x08006001   Thumb Code   164  actiontask.o(i.Status_Act)
    SteeringEngine_Configuration             0x080060b5   Thumb Code   172  steeringengine.o(i.SteeringEngine_Configuration)
    SteeringEngine_Set                       0x0800616d   Thumb Code    46  steeringengine.o(i.SteeringEngine_Set)
    SysTick_Handler                          0x080061ad   Thumb Code     8  stm32f4xx_it.o(i.SysTick_Handler)
    SystemInit                               0x080061b5   Thumb Code    88  system_stm32f4xx.o(i.SystemInit)
    TIM4_IRQHandler                          0x0800621d   Thumb Code    22  tim4.o(i.TIM4_IRQHandler)
    TIM7_Configuration                       0x08006239   Thumb Code    90  tim7.o(i.TIM7_Configuration)
    TIM7_IRQHandler                          0x08006299   Thumb Code    32  tim7.o(i.TIM7_IRQHandler)
    TIM_ARRPreloadConfig                     0x080062c1   Thumb Code    24  stm32f4xx_tim.o(i.TIM_ARRPreloadConfig)
    TIM_ClearFlag                            0x080062d9   Thumb Code     6  stm32f4xx_tim.o(i.TIM_ClearFlag)
    TIM_ClearITPendingBit                    0x080062df   Thumb Code     6  stm32f4xx_tim.o(i.TIM_ClearITPendingBit)
    TIM_Cmd                                  0x080062e5   Thumb Code    24  stm32f4xx_tim.o(i.TIM_Cmd)
    TIM_CtrlPWMOutputs                       0x080062fd   Thumb Code    30  stm32f4xx_tim.o(i.TIM_CtrlPWMOutputs)
    TIM_DMACmd                               0x0800631b   Thumb Code    18  stm32f4xx_tim.o(i.TIM_DMACmd)
    TIM_GetITStatus                          0x0800632d   Thumb Code    34  stm32f4xx_tim.o(i.TIM_GetITStatus)
    TIM_ITConfig                             0x0800634f   Thumb Code    18  stm32f4xx_tim.o(i.TIM_ITConfig)
    TIM_OC4Init                              0x08006361   Thumb Code   112  stm32f4xx_tim.o(i.TIM_OC4Init)
    TIM_OC4PreloadConfig                     0x080063d9   Thumb Code    26  stm32f4xx_tim.o(i.TIM_OC4PreloadConfig)
    TIM_SetCompare3                          0x080063f3   Thumb Code     4  stm32f4xx_tim.o(i.TIM_SetCompare3)
    TIM_SetCompare4                          0x080063f7   Thumb Code     4  stm32f4xx_tim.o(i.TIM_SetCompare4)
    TIM_TimeBaseInit                         0x080063fd   Thumb Code   104  stm32f4xx_tim.o(i.TIM_TimeBaseInit)
    TX2_task                                 0x08006481   Thumb Code    28  datasendtask.o(i.TX2_task)
    T_change                                 0x080064a1   Thumb Code   588  gimbaltask.o(i.T_change)
    USART1_Configuration                     0x08006731   Thumb Code   276  usart1.o(i.USART1_Configuration)
    USART1_IRQHandler                        0x08006859   Thumb Code    76  usart1.o(i.USART1_IRQHandler)
    USART2_Configuration                     0x080068b5   Thumb Code   394  usart2.o(i.USART2_Configuration)
    USART6_SendtoPC                          0x08006a55   Thumb Code   516  datasendtask.o(i.USART6_SendtoPC)
    USART_Cmd                                0x08006c99   Thumb Code    24  stm32f4xx_usart.o(i.USART_Cmd)
    USART_DMACmd                             0x08006cb1   Thumb Code    18  stm32f4xx_usart.o(i.USART_DMACmd)
    USART_GetITStatus                        0x08006cc3   Thumb Code    84  stm32f4xx_usart.o(i.USART_GetITStatus)
    USART_ITConfig                           0x08006d17   Thumb Code    74  stm32f4xx_usart.o(i.USART_ITConfig)
    USART_Init                               0x08006d61   Thumb Code   204  stm32f4xx_usart.o(i.USART_Init)
    UsageFault_Handler                       0x08006e35   Thumb Code     4  stm32f4xx_it.o(i.UsageFault_Handler)
    VOFA_Send                                0x08006e39   Thumb Code    82  uart4.o(i.VOFA_Send)
    VOFA_USART_Configuration                 0x08006ea5   Thumb Code   348  uart4.o(i.VOFA_USART_Configuration)
    Verify_CRC8_Check_Sum                    0x0800701d   Thumb Code    50  algorithmofcrc.o(i.Verify_CRC8_Check_Sum)
    ZeroCheck                                0x08007055   Thumb Code   186  zerochecktask.o(i.ZeroCheck)
    ZeroCheck_Init                           0x0800711d   Thumb Code   208  zerochecktask.o(i.ZeroCheck_Init)
    ZeroCheck_cal                            0x08007225   Thumb Code   200  zerochecktask.o(i.ZeroCheck_cal)
    __ARM_fpclassify                         0x08007321   Thumb Code    48  fpclassify.o(i.__ARM_fpclassify)
    __hardfp_cos                             0x08007351   Thumb Code   180  cos.o(i.__hardfp_cos)
    __hardfp_round                           0x08007419   Thumb Code   194  round.o(i.__hardfp_round)
    __hardfp_sin                             0x080074f9   Thumb Code   180  sin.o(i.__hardfp_sin)
    __hardfp_tan                             0x080075c1   Thumb Code   108  tan.o(i.__hardfp_tan)
    __ieee754_rem_pio2                       0x08007641   Thumb Code   938  rred.o(i.__ieee754_rem_pio2)
    __kernel_cos                             0x08007a79   Thumb Code   322  cos_i.o(i.__kernel_cos)
    __kernel_poly                            0x08007be9   Thumb Code   248  poly.o(i.__kernel_poly)
    __kernel_sin                             0x08007ce1   Thumb Code   280  sin_i.o(i.__kernel_sin)
    __kernel_tan                             0x08007e11   Thumb Code   764  tan_i.o(i.__kernel_tan)
    __mathlib_dbl_infnan                     0x08008161   Thumb Code    20  dunder.o(i.__mathlib_dbl_infnan)
    __mathlib_dbl_invalid                    0x08008179   Thumb Code    24  dunder.o(i.__mathlib_dbl_invalid)
    __mathlib_dbl_underflow                  0x08008199   Thumb Code    24  dunder.o(i.__mathlib_dbl_underflow)
    __scatterload_copy                       0x080081b9   Thumb Code    14  handlers.o(i.__scatterload_copy)
    __scatterload_null                       0x080081c7   Thumb Code     2  handlers.o(i.__scatterload_null)
    __scatterload_zeroinit                   0x080081c9   Thumb Code    14  handlers.o(i.__scatterload_zeroinit)
    __set_errno                              0x080081d9   Thumb Code     6  errno.o(i.__set_errno)
    delay_ms                                 0x080081e5   Thumb Code    28  main.o(i.delay_ms)
    fabs                                     0x08008201   Thumb Code    24  fabs.o(i.fabs)
    fuzzy                                    0x08008219   Thumb Code   812  pid.o(i.fuzzy)
    get_F                                    0x08008555   Thumb Code   312  gimbaltask.o(i.get_F)
    main                                     0x080086b1   Thumb Code    20  main.o(i.main)
    pvPortMalloc                             0x08008b1d   Thumb Code   188  heap_4.o(i.pvPortMalloc)
    pxPortInitialiseStack                    0x08008bed   Thumb Code    38  port.o(i.pxPortInitialiseStack)
    startTast                                0x08008c19   Thumb Code    24  start_task.o(i.startTast)
    start_task                               0x08008c45   Thumb Code   182  start_task.o(i.start_task)
    ulTaskNotifyTake                         0x08008db9   Thumb Code   112  tasks.o(i.ulTaskNotifyTake)
    uxListRemove                             0x08008e35   Thumb Code    40  list.o(i.uxListRemove)
    vListInitialise                          0x08008e5d   Thumb Code    26  list.o(i.vListInitialise)
    vListInitialiseItem                      0x08008e77   Thumb Code     6  list.o(i.vListInitialiseItem)
    vListInsert                              0x08008e7d   Thumb Code    52  list.o(i.vListInsert)
    vListInsertEnd                           0x08008eb1   Thumb Code    24  list.o(i.vListInsertEnd)
    vPortEnterCritical                       0x08008ec9   Thumb Code    30  port.o(i.vPortEnterCritical)
    vPortExitCritical                        0x08008eed   Thumb Code    28  port.o(i.vPortExitCritical)
    vPortFree                                0x08008f0d   Thumb Code    64  heap_4.o(i.vPortFree)
    vPortSetupTimerInterrupt                 0x08008f55   Thumb Code    26  port.o(i.vPortSetupTimerInterrupt)
    vTaskDelay                               0x08008f75   Thumb Code    46  tasks.o(i.vTaskDelay)
    vTaskDelayUntil                          0x08008fa9   Thumb Code   106  tasks.o(i.vTaskDelayUntil)
    vTaskDelete                              0x0800901d   Thumb Code   166  tasks.o(i.vTaskDelete)
    vTaskResume                              0x080090e9   Thumb Code   104  tasks.o(i.vTaskResume)
    vTaskStartScheduler                      0x08009161   Thumb Code    76  tasks.o(i.vTaskStartScheduler)
    vTaskSuspend                             0x080091cd   Thumb Code   160  tasks.o(i.vTaskSuspend)
    vTaskSuspendAll                          0x08009289   Thumb Code    12  tasks.o(i.vTaskSuspendAll)
    vTaskSwitchContext                       0x08009299   Thumb Code   128  tasks.o(i.vTaskSwitchContext)
    xPortStartScheduler                      0x08009339   Thumb Code    58  port.o(i.xPortStartScheduler)
    xPortSysTickHandler                      0x08009381   Thumb Code    46  port.o(i.xPortSysTickHandler)
    xTaskCreate                              0x080093b5   Thumb Code    96  tasks.o(i.xTaskCreate)
    xTaskGenericNotify                       0x08009415   Thumb Code   178  tasks.o(i.xTaskGenericNotify)
    xTaskGetTickCount                        0x080094d9   Thumb Code     6  tasks.o(i.xTaskGetTickCount)
    xTaskGetTickCountFromISR                 0x080094e5   Thumb Code     8  tasks.o(i.xTaskGetTickCountFromISR)
    xTaskIncrementTick                       0x080094f1   Thumb Code   238  tasks.o(i.xTaskIncrementTick)
    xTaskResumeAll                           0x0800960d   Thumb Code   196  tasks.o(i.xTaskResumeAll)
    wCRC_Table                               0x08009940   Data         512  algorithmofcrc.o(.constdata)
    CRC8_INIT                                0x08009b40   Data           1  algorithmofcrc.o(.constdata)
    CRC8_TAB                                 0x08009b41   Data         256  algorithmofcrc.o(.constdata)
    Region$$Table$$Base                      0x08009dc8   Number         0  anon$$obj.o(Region$$Table)
    Region$$Table$$Limit                     0x08009de8   Number         0  anon$$obj.o(Region$$Table)
    run_time_check                           0x20000000   Data           4  main.o(.data)
    fric_flag                                0x20000004   Data           2  main.o(.data)
    Judge_Lost                               0x20000006   Data           1  main.o(.data)
    Offline_Check_high_water                 0x20000008   Data           4  main.o(.data)
    SystemCoreClock                          0x2000000c   Data           4  system_stm32f4xx.o(.data)
    AHBPrescTable                            0x20000010   Data          16  system_stm32f4xx.o(.data)
    SRC_Buffer                               0x20000030   Data         128  frictionwheel.o(.data)
    bias_speed                               0x200000b0   Data           2  frictionwheel.o(.data)
    FrictionCurrent                          0x200000b2   Data           4  frictionwheel.o(.data)
    SHOOT_Speed                              0x200000b8   Data           4  frictionwheel.o(.data)
    magazineState                            0x200000bc   Data           1  steeringengine.o(.data)
    mag_place                                0x200000c0   Data           4  steeringengine.o(.data)
    accelerator                              0x200000c4   Data           4  tim4.o(.data)
    CPU_RunTime                              0x200000c8   Data           4  tim7.o(.data)
    Remote_Receive_Flag                      0x200000cc   Data           1  usart1.o(.data)
    PC_ReceiveFlag                           0x200000d4   Data           1  usart2.o(.data)
    CRC_INIT                                 0x200000dc   Data           2  algorithmofcrc.o(.data)
    sss                                      0x200000de   Data           2  algorithmofcrc.o(.data)
    ChassisAct_Init_Flag                     0x200000e0   Data           2  chassistask.o(.data)
    Theta                                    0x200000e4   Data           4  chassistask.o(.data)
    SinTheTa                                 0x200000e8   Data           4  chassistask.o(.data)
    CosTheTa                                 0x200000ec   Data           4  chassistask.o(.data)
    TanTheTa                                 0x200000f0   Data           4  chassistask.o(.data)
    Theta0                                   0x200000f4   Data           4  chassistask.o(.data)
    Speed_Theta                              0x200000f8   Data           4  chassistask.o(.data)
    SelfProtect_Cross_Flag                   0x200000fc   Data           1  chassistask.o(.data)
    ResetPos                                 0x20000100   Data           4  chassistask.o(.data)
    Be_shooted_flag                          0x20000104   Data           2  chassistask.o(.data)
    chassis                                  0x20000106   Data           6  chassistask.o(.data)
    test_w                                   0x2000010c   Data           2  chassistask.o(.data)
    SP_Theta                                 0x20000110   Data           4  chassistask.o(.data)
    CosSP_Theta                              0x20000114   Data           4  chassistask.o(.data)
    SinSP_Theta                              0x20000118   Data           4  chassistask.o(.data)
    TanSP_Theta                              0x2000011c   Data           4  chassistask.o(.data)
    SOLO_bias                                0x20000120   Data           2  chassistask.o(.data)
    SOLO_bias_max                            0x20000122   Data           2  chassistask.o(.data)
    H_pid                                    0x20000124   Data           2  chassistask.o(.data)
    L_pid                                    0x20000126   Data           2  chassistask.o(.data)
    H_P                                      0x20000128   Data           4  chassistask.o(.data)
    Bias_Angle                               0x2000012c   Data           4  chassistask.o(.data)
    Chassis_high_water                       0x20000130   Data           4  chassistask.o(.data)
    BodanReceive                             0x20000134   Data           6  datareceivetask.o(.data)
    PitchMotor_ReceiveFlag                   0x2000013a   Data           1  datareceivetask.o(.data)
    FrictionReceive                          0x2000013c   Data           4  datareceivetask.o(.data)
    PitchMotorReceive                        0x20000140   Data           4  datareceivetask.o(.data)
    YawMotorReceive                          0x20000144   Data           4  datareceivetask.o(.data)
    Chassis_ID                               0x20000148   Data           1  datareceivetask.o(.data)
    crcNopass                                0x2000014a   Data           2  datareceivetask.o(.data)
    buffindex                                0x2000014c   Data           2  datareceivetask.o(.data)
    error_cnt                                0x20000150   Data           4  datareceivetask.o(.data)
    YawMotorSpeed                            0x20000154   Data           2  datareceivetask.o(.data)
    PitchMotorSpeed                          0x20000156   Data           2  datareceivetask.o(.data)
    gyro_receive                             0x20000158   Data           4  datareceivetask.o(.data)
    pc_yaw                                   0x2000015c   Data           4  datareceivetask.o(.data)
    pc_pitch                                 0x20000160   Data           2  datareceivetask.o(.data)
    pc_x                                     0x20000162   Data           2  datareceivetask.o(.data)
    pc_y                                     0x20000164   Data           2  datareceivetask.o(.data)
    pc_z                                     0x20000166   Data           2  datareceivetask.o(.data)
    distance                                 0x20000168   Data           2  datareceivetask.o(.data)
    armor_state                              0x2000016a   Data           2  datareceivetask.o(.data)
    aim_yaw                                  0x2000016c   Data           4  datareceivetask.o(.data)
    aim_pitch                                0x20000170   Data           4  datareceivetask.o(.data)
    tx2_last_receive_flag                    0x20000174   Data           2  datareceivetask.o(.data)
    tx2_receive_flag                         0x20000176   Data           1  datareceivetask.o(.data)
    temp1                                    0x20000177   Data           1  datareceivetask.o(.data)
    temp2                                    0x20000178   Data           1  datareceivetask.o(.data)
    temp3                                    0x20000179   Data           1  datareceivetask.o(.data)
    Heat_LimitTick                           0x2000017c   Data           4  datareceivetask.o(.data)
    sendTOPC_time                            0x20000180   Data           4  datasendtask.o(.data)
    Flag_use                                 0x20000184   Data           1  datasendtask.o(.data)
    pitch                                    0x20000186   Data           2  datasendtask.o(.data)
    yaw                                      0x20000188   Data           4  datasendtask.o(.data)
    down_sampling_rate                       0x2000018c   Data           2  datasendtask.o(.data)
    PC_TX_num                                0x20000190   Data           4  datasendtask.o(.data)
    Debug_yaw                                0x20000194   Data           4  datasendtask.o(.data)
    pitch_send                               0x20000198   Data           4  datasendtask.o(.data)
    switchPriority                           0x2000019c   Data           1  datasendtask.o(.data)
    TX2_high_water                           0x200001a0   Data           4  datasendtask.o(.data)
    LastWakeTime_PC                          0x200001a4   Data           4  datasendtask.o(.data)
    Bodan_Pos                                0x200001a8   Data           4  zerochecktask.o(.data)
    MirocPosition                            0x200001ac   Data           4  shoottask.o(.data)
    FrictionWheel_speed                      0x200001b0   Data           2  shoottask.o(.data)
    BulletSpeed                              0x200001b2   Data           2  shoottask.o(.data)
    BodanMotorCurrent                        0x200001b4   Data           2  shoottask.o(.data)
    ShootAct_Init_Flag                       0x200001b6   Data           2  shoottask.o(.data)
    Shoot_Init_flag                          0x200001b8   Data           4  shoottask.o(.data)
    ShootContinue                            0x200001bc   Data           1  shoottask.o(.data)
    Onegrid                                  0x200001c0   Data           4  shoottask.o(.data)
    PullerSpeed                              0x200001c4   Data           2  shoottask.o(.data)
    checkPullerSpeed                         0x200001c6   Data           2  shoottask.o(.data)
    Reverse_Flag                             0x200001c8   Data           1  shoottask.o(.data)
    delay_time                               0x200001cc   Data           4  shoottask.o(.data)
    EnterAimTick                             0x200001d0   Data           4  shoottask.o(.data)
    nowAimTick                               0x200001d4   Data           4  shoottask.o(.data)
    Last_GimbalState                         0x200001d8   Data           2  shoottask.o(.data)
    Shoot_high_water                         0x200001dc   Data           4  shoottask.o(.data)
    Shoot_Power                              0x200001e0   Data           4  shoottask.o(.data)
    GimbalAct_Init_Flag                      0x200001e4   Data           2  gimbaltask.o(.data)
    YawCurrent                               0x200001e6   Data           2  gimbaltask.o(.data)
    PitchCurrent                             0x200001e8   Data           2  gimbaltask.o(.data)
    GimbalYawPos                             0x200001ec   Data           4  gimbaltask.o(.data)
    GimbalPitchPos                           0x200001f0   Data           4  gimbaltask.o(.data)
    Recent_Angle_Buff                        0x200001f4   Data           4  gimbaltask.o(.data)
    Recent_Yaw_Angle_Armor                   0x200001f8   Data           4  gimbaltask.o(.data)
    Recent_Pitch_Angle_Armor                 0x200001fc   Data           4  gimbaltask.o(.data)
    speed_limit                              0x20000200   Data           4  gimbaltask.o(.data)
    Aim_Follow                               0x20000204   Data           1  gimbaltask.o(.data)
    Inte_z                                   0x20000208   Data           4  gimbaltask.o(.data)
    last_aim_yaw                             0x2000020c   Data           4  gimbaltask.o(.data)
    F_Change_flag                            0x20000210   Data           2  gimbaltask.o(.data)
    Gimbal_direct                            0x20000214   Data           4  gimbaltask.o(.data)
    T                                        0x20000218   Data           4  gimbaltask.o(.data)
    T_cnt                                    0x2000021c   Data           4  gimbaltask.o(.data)
    T_Time_cnt                               0x20000220   Data           4  gimbaltask.o(.data)
    F_cnt                                    0x20000224   Data           4  gimbaltask.o(.data)
    F_cnt_last                               0x20000228   Data           4  gimbaltask.o(.data)
    F                                        0x2000022c   Data           4  gimbaltask.o(.data)
    Gimbal_high_water                        0x20000230   Data           4  gimbaltask.o(.data)
    GGGG                                     0x20000234   Data           4  gimbaltask.o(.data)
    Mouse_Key_Flag                           0x2000023c   Data           2  actiontask.o(.data)
    waitFlag                                 0x2000023e   Data          20  actiontask.o(.data)
    SpeedMode                                0x20000252   Data           2  actiontask.o(.data)
    ctrl_rising_flag                         0x20000254   Data           2  actiontask.o(.data)
    pre_key_ctrl                             0x20000256   Data           2  actiontask.o(.data)
    v_rising_flag                            0x20000258   Data           2  actiontask.o(.data)
    pre_key_v                                0x2000025a   Data           2  actiontask.o(.data)
    c_rising_flag                            0x2000025c   Data           2  actiontask.o(.data)
    pre_key_c                                0x2000025e   Data           2  actiontask.o(.data)
    pre_key_e                                0x20000260   Data           2  actiontask.o(.data)
    e_rising_flag                            0x20000262   Data           2  actiontask.o(.data)
    x_rising_flag                            0x20000264   Data           2  actiontask.o(.data)
    pre_key_x                                0x20000266   Data           2  actiontask.o(.data)
    Press_Key_x_Flag                         0x20000268   Data           2  actiontask.o(.data)
    pre_key_b                                0x2000026a   Data           2  actiontask.o(.data)
    q_rising_flag                            0x2000026c   Data           2  actiontask.o(.data)
    b_rising_flag                            0x2000026e   Data           2  actiontask.o(.data)
    f_rising_flag                            0x20000270   Data           2  actiontask.o(.data)
    g_rising_flag                            0x20000272   Data           2  actiontask.o(.data)
    pre_key_f                                0x20000274   Data           2  actiontask.o(.data)
    mouse_Press_r_rising_flag                0x20000276   Data           2  actiontask.o(.data)
    pre_mouse_l                              0x20000278   Data           2  actiontask.o(.data)
    r_rising_flag                            0x2000027a   Data           2  actiontask.o(.data)
    pre_key_r                                0x2000027c   Data           2  actiontask.o(.data)
    z_rising_flag                            0x2000027e   Data           2  actiontask.o(.data)
    pre_key_z                                0x20000280   Data           2  actiontask.o(.data)
    Press_Key_z_Flag                         0x20000282   Data           2  actiontask.o(.data)
    pre_key_q                                0x20000284   Data           2  actiontask.o(.data)
    pre_key_g                                0x20000286   Data           2  actiontask.o(.data)
    pre_v_rising_flag                        0x20000288   Data           2  actiontask.o(.data)
    v_high_flag                              0x2000028a   Data           2  actiontask.o(.data)
    q_flag                                   0x2000028c   Data           1  actiontask.o(.data)
    f_flag                                   0x2000028d   Data           1  actiontask.o(.data)
    HighFreq_flag                            0x2000028e   Data           1  actiontask.o(.data)
    k_slow                                   0x2000028f   Data           1  actiontask.o(.data)
    smallBuff_flag                           0x20000290   Data           1  actiontask.o(.data)
    Turning_flag                             0x20000292   Data           2  actiontask.o(.data)
    Graphic_Init_flag                        0x20000294   Data           1  actiontask.o(.data)
    Budan                                    0x20000295   Data           1  actiontask.o(.data)
    Buff_flag                                0x20000296   Data           1  actiontask.o(.data)
    PC_Sendflag                              0x20000298   Data           2  actiontask.o(.data)
    SteeringEngineDelay                      0x2000029a   Data           2  actiontask.o(.data)
    Buff_Yaw_Motor                           0x2000029c   Data           4  actiontask.o(.data)
    Buff_Init                                0x200002a0   Data           1  actiontask.o(.data)
    k_onegrid                                0x200002a4   Data           4  actiontask.o(.data)
    k_single                                 0x200002a8   Data           4  actiontask.o(.data)
    aaaa                                     0x200002ac   Data           2  actiontask.o(.data)
    ARMOR_FLAG                               0x200002ae   Data           1  actiontask.o(.data)
    Last_shift                               0x200002af   Data           1  actiontask.o(.data)
    shift_press_flag                         0x200002b0   Data           1  actiontask.o(.data)
    shift_flag                               0x200002b1   Data           1  actiontask.o(.data)
    ReverseRotation                          0x200002b2   Data           1  actiontask.o(.data)
    ModeChoose_high_water                    0x200002b4   Data           4  actiontask.o(.data)
    CPU_high_water                           0x200002bc   Data           4  start_task.o(.data)
    RCReceiveTask_Handler                    0x200002d4   Data           4  start_task.o(.data)
    PCReceiveTask_Handler                    0x200002d8   Data           4  start_task.o(.data)
    pxCurrentTCB                             0x200002ec   Data           4  tasks.o(.data)
    NotifyValue                              0x20000330   Data           4  tasks.o(.data)
    Infantry                                 0x20000354   Data          36  main.o(.bss)
    sbus_rx_buffer                           0x20000378   Data          18  usart1.o(.bss)
    VOFA_justfloat                           0x2000038c   Data          40  uart4.o(.bss)
    VOFA_send_Data                           0x200003b4   Data          44  uart4.o(.bss)
    dma                                      0x200003e0   Data          60  uart4.o(.bss)
    PCbuffer                                 0x2000041c   Data           9  usart2.o(.bss)
    OUT                                      0x20000428   Data          52  pid.o(.bss)
    pidChassisPosition                       0x2000045c   Data          64  chassistask.o(.bss)
    pidChassisPosition_Speed                 0x2000049c   Data          64  chassistask.o(.bss)
    SOLO_pidChassisPosition                  0x200004dc   Data          64  chassistask.o(.bss)
    FF_w                                     0x2000051c   Data          24  chassistask.o(.bss)
    RC_Ctl                                   0x20000534   Data          54  datareceivetask.o(.bss)
    GyroReceive                              0x2000056c   Data          24  datareceivetask.o(.bss)
    F105                                     0x20000584   Data          32  datareceivetask.o(.bss)
    PC_Receive                               0x200005a4   Data          20  datareceivetask.o(.bss)
    pitch_Kalman                             0x200005b8   Data         108  datareceivetask.o(.bss)
    yaw_Kalman                               0x20000624   Data         108  datareceivetask.o(.bss)
    Robot_Disconnect                         0x20000690   Data          36  datareceivetask.o(.bss)
    tempPC                                   0x200006b4   Data           9  datareceivetask.o(.bss)
    SendToPC_Buff                            0x200006d0   Data          16  datasendtask.o(.bss)
    F405                                     0x200006e0   Data          12  datasendtask.o(.bss)
    Gimbal                                   0x200006ec   Data          24  zerochecktask.o(.bss)
    ZeroCheck_Pitch                          0x20000704   Data          20  zerochecktask.o(.bss)
    ZeroCheck_Yaw                            0x20000718   Data          20  zerochecktask.o(.bss)
    ZeroCheck_Pitch_speed                    0x2000072c   Data          20  zerochecktask.o(.bss)
    ZeroCheck_Yaw_speed                      0x20000740   Data          20  zerochecktask.o(.bss)
    ZeroCheck_BodanPos                       0x20000754   Data          20  zerochecktask.o(.bss)
    ZeroCheck_BodanSpeed                     0x20000768   Data          20  zerochecktask.o(.bss)
    ZeroCheck_GyroYaw                        0x2000077c   Data          20  zerochecktask.o(.bss)
    ZeroCheck_GyroPitch                      0x20000790   Data          20  zerochecktask.o(.bss)
    PidBodanMotorPos                         0x200007a4   Data          64  shoottask.o(.bss)
    PidBodanMotorSpeed                       0x200007e4   Data          64  shoottask.o(.bss)
    PidFrictionSpeed                         0x20000824   Data         128  shoottask.o(.bss)
    FuzzyBodanMotorPos                       0x200008a4   Data          52  shoottask.o(.bss)
    inttoshort                               0x200008d8   Data          16  gimbaltask.o(.bss)
    PidPitchSpeed                            0x200008e8   Data          64  gimbaltask.o(.bss)
    PidPitchPos                              0x20000928   Data          64  gimbaltask.o(.bss)
    PidYawSpeed                              0x20000968   Data          64  gimbaltask.o(.bss)
    PidYawPos                                0x200009a8   Data          64  gimbaltask.o(.bss)
    PidPitchAidPos                           0x200009e8   Data          64  gimbaltask.o(.bss)
    PidPitchAidSpeed                         0x20000a28   Data          64  gimbaltask.o(.bss)
    PidYawAidPos                             0x20000a68   Data          64  gimbaltask.o(.bss)
    PidYawAidSpeed                           0x20000aa8   Data          64  gimbaltask.o(.bss)
    PidPitchBuffSpeed                        0x20000ae8   Data          64  gimbaltask.o(.bss)
    PidYawBuffSpeed                          0x20000b28   Data          64  gimbaltask.o(.bss)
    FuzzyAidPidPitchPos                      0x20000b68   Data          52  gimbaltask.o(.bss)
    FuzzyAidPidYawPos                        0x20000b9c   Data          52  gimbaltask.o(.bss)
    FuzzyBuffPidPitchPos                     0x20000bd0   Data          52  gimbaltask.o(.bss)
    FuzzyBuffPidYawPos                       0x20000c04   Data          52  gimbaltask.o(.bss)
    Status                                   0x20000c38   Data          20  actiontask.o(.bss)
    __initial_sp                             0x20003b30   Data           0  startup_stm32f40_41xxx.o(STACK)



==============================================================================

Memory Map of the image

  Image Entry point : 0x08000189

  Load Region LR_IROM1 (Base: 0x08000000, Size: 0x0000a13c, Max: 0x00100000, ABSOLUTE, COMPRESSED[0x00009e4c])

    Execution Region ER_IROM1 (Exec base: 0x08000000, Load base: 0x08000000, Size: 0x00009de8, Max: 0x00100000, ABSOLUTE)

    Exec Addr    Load Addr    Size         Type   Attr      Idx    E Section Name        Object

    0x08000000   0x08000000   0x00000188   Data   RO          398    RESET               startup_stm32f40_41xxx.o
    0x08000188   0x08000188   0x00000000   Code   RO         5667  * .ARM.Collect$$$$00000000  mc_w.l(entry.o)
    0x08000188   0x08000188   0x00000004   Code   RO         5987    .ARM.Collect$$$$00000001  mc_w.l(entry2.o)
    0x0800018c   0x0800018c   0x00000004   Code   RO         5990    .ARM.Collect$$$$00000004  mc_w.l(entry5.o)
    0x08000190   0x08000190   0x00000000   Code   RO         5992    .ARM.Collect$$$$00000008  mc_w.l(entry7b.o)
    0x08000190   0x08000190   0x00000000   Code   RO         5994    .ARM.Collect$$$$0000000A  mc_w.l(entry8b.o)
    0x08000190   0x08000190   0x00000008   Code   RO         5995    .ARM.Collect$$$$0000000B  mc_w.l(entry9a.o)
    0x08000198   0x08000198   0x00000000   Code   RO         5997    .ARM.Collect$$$$0000000D  mc_w.l(entry10a.o)
    0x08000198   0x08000198   0x00000000   Code   RO         5999    .ARM.Collect$$$$0000000F  mc_w.l(entry11a.o)
    0x08000198   0x08000198   0x00000004   Code   RO         5988    .ARM.Collect$$$$00002712  mc_w.l(entry2.o)
    0x0800019c   0x0800019c   0x000000b6   Code   RO         5381    .emb_text           port.o
    0x08000252   0x08000252   0x00000002   PAD
    0x08000254   0x08000254   0x00000024   Code   RO          399    .text               startup_stm32f40_41xxx.o
    0x08000278   0x08000278   0x00000024   Code   RO         5670    .text               mc_w.l(memcpya.o)
    0x0800029c   0x0800029c   0x00000024   Code   RO         5672    .text               mc_w.l(memseta.o)
    0x080002c0   0x080002c0   0x000000e4   Code   RO         5941    .text               mf_w.l(dmul.o)
    0x080003a4   0x080003a4   0x000000de   Code   RO         5943    .text               mf_w.l(ddiv.o)
    0x08000482   0x08000482   0x00000022   Code   RO         5945    .text               mf_w.l(dflti.o)
    0x080004a4   0x080004a4   0x0000003e   Code   RO         5947    .text               mf_w.l(dfixi.o)
    0x080004e2   0x080004e2   0x00000026   Code   RO         5949    .text               mf_w.l(f2d.o)
    0x08000508   0x08000508   0x00000038   Code   RO         5951    .text               mf_w.l(d2f.o)
    0x08000540   0x08000540   0x00000020   Code   RO         6008    .text               mc_w.l(llushr.o)
    0x08000560   0x08000560   0x00000000   Code   RO         6017    .text               mc_w.l(iusefp.o)
    0x08000560   0x08000560   0x0000006e   Code   RO         6018    .text               mf_w.l(fepilogue.o)
    0x080005ce   0x080005ce   0x000000ba   Code   RO         6020    .text               mf_w.l(depilogue.o)
    0x08000688   0x08000688   0x0000014e   Code   RO         6022    .text               mf_w.l(dadd.o)
    0x080007d6   0x080007d6   0x00000002   PAD
    0x080007d8   0x080007d8   0x00000088   Code   RO         6026    .text               mf_w.l(drnd.o)
    0x08000860   0x08000860   0x00000030   Code   RO         6030    .text               mf_w.l(cdcmple.o)
    0x08000890   0x08000890   0x00000030   Code   RO         6032    .text               mf_w.l(cdrcmple.o)
    0x080008c0   0x080008c0   0x00000024   Code   RO         6044    .text               mc_w.l(init.o)
    0x080008e4   0x080008e4   0x0000001e   Code   RO         6047    .text               mc_w.l(llshl.o)
    0x08000902   0x08000902   0x00000024   Code   RO         6049    .text               mc_w.l(llsshr.o)
    0x08000926   0x08000926   0x0000001a   Code   RO         6052    .text               mf_w.l(dfltui.o)
    0x08000940   0x08000940   0x00000056   Code   RO         6062    .text               mc_w.l(__dczerorl2.o)
    0x08000996   0x08000996   0x00000024   Code   RO         3982    i.Append_CRC8_Check_Sum  algorithmofcrc.o
    0x080009ba   0x080009ba   0x00000002   PAD
    0x080009bc   0x080009bc   0x00000074   Code   RO          121    i.BSP_Init          main.o
    0x08000a30   0x08000a30   0x000000e0   Code   RO         4292    i.BodanMotor_CurrentPid_Cal  shoottask.o
    0x08000b10   0x08000b10   0x00000004   Code   RO            3    i.BusFault_Handler  stm32f4xx_it.o
    0x08000b14   0x08000b14   0x00000184   Code   RO         3507    i.CAN1_Configuration  can1.o
    0x08000c98   0x08000c98   0x00000034   Code   RO         3508    i.CAN1_RX0_IRQHandler  can1.o
    0x08000ccc   0x08000ccc   0x00000038   Code   RO         3509    i.CAN1_RX1_IRQHandler  can1.o
    0x08000d04   0x08000d04   0x0000001c   Code   RO         3510    i.CAN1_TX_IRQHandler  can1.o
    0x08000d20   0x08000d20   0x0000019c   Code   RO         3545    i.CAN2_Configuration  can2.o
    0x08000ebc   0x08000ebc   0x00000034   Code   RO         3546    i.CAN2_RX0_IRQHandler  can2.o
    0x08000ef0   0x08000ef0   0x00000034   Code   RO         3547    i.CAN2_RX1_IRQHandler  can2.o
    0x08000f24   0x08000f24   0x0000001c   Code   RO         3548    i.CAN2_TX_IRQHandler  can2.o
    0x08000f40   0x08000f40   0x000000a8   Code   RO          693    i.CAN_ClearITPendingBit  stm32f4xx_can.o
    0x08000fe8   0x08000fe8   0x00000038   Code   RO          695    i.CAN_DeInit        stm32f4xx_can.o
    0x08001020   0x08001020   0x00000108   Code   RO          697    i.CAN_FilterInit    stm32f4xx_can.o
    0x08001128   0x08001128   0x00000120   Code   RO          699    i.CAN_GetITStatus   stm32f4xx_can.o
    0x08001248   0x08001248   0x00000012   Code   RO          703    i.CAN_ITConfig      stm32f4xx_can.o
    0x0800125a   0x0800125a   0x00000114   Code   RO          704    i.CAN_Init          stm32f4xx_can.o
    0x0800136e   0x0800136e   0x000000f0   Code   RO          707    i.CAN_Receive       stm32f4xx_can.o
    0x0800145e   0x0800145e   0x00000020   Code   RO          710    i.CAN_StructInit    stm32f4xx_can.o
    0x0800147e   0x0800147e   0x00000126   Code   RO          712    i.CAN_Transmit      stm32f4xx_can.o
    0x080015a4   0x080015a4   0x00000040   Code   RO         4109    i.Can1Receive0      datareceivetask.o
    0x080015e4   0x080015e4   0x00000050   Code   RO         4110    i.Can1Receive1      datareceivetask.o
    0x08001634   0x08001634   0x00000128   Code   RO         4111    i.Can2Receive0      datareceivetask.o
    0x0800175c   0x0800175c   0x0000009c   Code   RO         4112    i.Can2Receive1      datareceivetask.o
    0x080017f8   0x080017f8   0x00000070   Code   RO         4189    i.ChassisCan1Send   datasendtask.o
    0x08001868   0x08001868   0x00000090   Code   RO         4035    i.ChassisPostionAngle_TranSform  chassistask.o
    0x080018f8   0x080018f8   0x000003dc   Code   RO         4036    i.Chassis_Act_Cal   chassistask.o
    0x08001cd4   0x08001cd4   0x00000114   Code   RO         4037    i.Chassis_CurrentPid_Cal  chassistask.o
    0x08001de8   0x08001de8   0x00000388   Code   RO         4038    i.Chassis_Jump_Cal  chassistask.o
    0x08002170   0x08002170   0x00000020   Code   RO         4039    i.Chassis_Powerdown_Cal  chassistask.o
    0x08002190   0x08002190   0x00000358   Code   RO         4040    i.Chassis_SelfProtect_Cal  chassistask.o
    0x080024e8   0x080024e8   0x000004a4   Code   RO         4041    i.Chassis_Solo_Cal  chassistask.o
    0x0800298c   0x0800298c   0x00000012   Code   RO         4042    i.Chassis_task      chassistask.o
    0x0800299e   0x0800299e   0x00000012   Code   RO          715    i.CheckITStatus     stm32f4xx_can.o
    0x080029b0   0x080029b0   0x00000028   Code   RO         3842    i.DMA1_Stream4_IRQHandler  uart4.o
    0x080029d8   0x080029d8   0x00000034   Code   RO         3878    i.DMA1_Stream5_IRQHandler  usart2.o
    0x08002a0c   0x08002a0c   0x00000070   Code   RO         3583    i.DMA2_Stream1_IRQHandler  frictionwheel.o
    0x08002a7c   0x08002a7c   0x00000034   Code   RO         1026    i.DMA_ClearFlag     stm32f4xx_dma.o
    0x08002ab0   0x08002ab0   0x00000034   Code   RO         1027    i.DMA_ClearITPendingBit  stm32f4xx_dma.o
    0x08002ae4   0x08002ae4   0x00000016   Code   RO         1028    i.DMA_Cmd           stm32f4xx_dma.o
    0x08002afa   0x08002afa   0x00000002   PAD
    0x08002afc   0x08002afc   0x00000158   Code   RO         1029    i.DMA_DeInit        stm32f4xx_dma.o
    0x08002c54   0x08002c54   0x00000044   Code   RO         1037    i.DMA_GetFlagStatus  stm32f4xx_dma.o
    0x08002c98   0x08002c98   0x00000064   Code   RO         1038    i.DMA_GetITStatus   stm32f4xx_dma.o
    0x08002cfc   0x08002cfc   0x0000003a   Code   RO         1039    i.DMA_ITConfig      stm32f4xx_dma.o
    0x08002d36   0x08002d36   0x00000002   PAD
    0x08002d38   0x08002d38   0x00000058   Code   RO         1040    i.DMA_Init          stm32f4xx_dma.o
    0x08002d90   0x08002d90   0x00000002   Code   RO            4    i.DebugMon_Handler  stm32f4xx_it.o
    0x08002d92   0x08002d92   0x00000002   PAD
    0x08002d94   0x08002d94   0x00000038   Code   RO         4113    i.F105_Rst          datareceivetask.o
    0x08002dcc   0x08002dcc   0x000000e4   Code   RO         4190    i.F405Can1Send      datasendtask.o
    0x08002eb0   0x08002eb0   0x0000006a   Code   RO         3909    i.FeedForward_Calc  pid.o
    0x08002f1a   0x08002f1a   0x00000002   PAD
    0x08002f1c   0x08002f1c   0x00000160   Code   RO         4191    i.FrictionBodanCan2Send  datasendtask.o
    0x0800307c   0x0800307c   0x00000050   Code   RO         4293    i.FrictionSpeedChoose  shoottask.o
    0x080030cc   0x080030cc   0x000000f0   Code   RO         3585    i.FrictionWheel_Set  frictionwheel.o
    0x080031bc   0x080031bc   0x000002ac   Code   RO         4371    i.FuzzyGyroGimbal_Act_Cal  gimbaltask.o
    0x08003468   0x08003468   0x000002d4   Code   RO         4372    i.FuzzyMotorGimbal_Act_Cal  gimbaltask.o
    0x0800373c   0x0800373c   0x0000011c   Code   RO         3910    i.FuzzyPID_Calc     pid.o
    0x08003858   0x08003858   0x00000090   Code   RO         1503    i.GPIO_Init         stm32f4xx_gpio.o
    0x080038e8   0x080038e8   0x00000046   Code   RO         1504    i.GPIO_PinAFConfig  stm32f4xx_gpio.o
    0x0800392e   0x0800392e   0x00000004   Code   RO         1510    i.GPIO_ResetBits    stm32f4xx_gpio.o
    0x08003932   0x08003932   0x00000004   Code   RO         1511    i.GPIO_SetBits      stm32f4xx_gpio.o
    0x08003936   0x08003936   0x00000002   PAD
    0x08003938   0x08003938   0x00000024   Code   RO         3984    i.Get_CRC8_Check_Sum  algorithmofcrc.o
    0x0800395c   0x0800395c   0x0000010c   Code   RO         4192    i.GimbalCan2Send    datasendtask.o
    0x08003a68   0x08003a68   0x000002ec   Code   RO         4373    i.Gimbal_Armor_Cal  gimbaltask.o
    0x08003d54   0x08003d54   0x00000274   Code   RO         4374    i.Gimbal_Buff_Cal   gimbaltask.o
    0x08003fc8   0x08003fc8   0x00000158   Code   RO         4375    i.Gimbal_CurrentPid_Cal  gimbaltask.o
    0x08004120   0x08004120   0x00000098   Code   RO         4376    i.Gimbal_Powerdown_Cal  gimbaltask.o
    0x080041b8   0x080041b8   0x00000194   Code   RO         4377    i.Gimbal_SI_Cal     gimbaltask.o
    0x0800434c   0x0800434c   0x000001ac   Code   RO         4378    i.Gimbal_Test_Cal   gimbaltask.o
    0x080044f8   0x080044f8   0x0000006c   Code   RO         4379    i.Gimbal_task       gimbaltask.o
    0x08004564   0x08004564   0x00000004   Code   RO            5    i.HardFault_Handler  stm32f4xx_it.o
    0x08004568   0x08004568   0x00000024   Code   RO         3619    i.IWDG_Config       iwdg.o
    0x0800458c   0x0800458c   0x00000010   Code   RO         1827    i.IWDG_Enable       stm32f4xx_iwdg.o
    0x0800459c   0x0800459c   0x00000008   Code   RO         3620    i.IWDG_Feed         iwdg.o
    0x080045a4   0x080045a4   0x00000010   Code   RO         1829    i.IWDG_ReloadCounter  stm32f4xx_iwdg.o
    0x080045b4   0x080045b4   0x0000000c   Code   RO         1830    i.IWDG_SetPrescaler  stm32f4xx_iwdg.o
    0x080045c0   0x080045c0   0x0000000c   Code   RO         1831    i.IWDG_SetReload    stm32f4xx_iwdg.o
    0x080045cc   0x080045cc   0x0000000c   Code   RO         1832    i.IWDG_WriteAccessCmd  stm32f4xx_iwdg.o
    0x080045d8   0x080045d8   0x00000058   Code   RO          122    i.Infantry_Init     main.o
    0x08004630   0x08004630   0x00000004   Code   RO            6    i.MemManage_Handler  stm32f4xx_it.o
    0x08004634   0x08004634   0x00000030   Code   RO         3648    i.MicroSwConfigration  microsw.o
    0x08004664   0x08004664   0x00000012   Code   RO         4462    i.ModeChoose_task   actiontask.o
    0x08004676   0x08004676   0x00000002   PAD
    0x08004678   0x08004678   0x00000608   Code   RO         4463    i.MouseKey_Act_Cal  actiontask.o
    0x08004c80   0x08004c80   0x00000098   Code   RO         4464    i.Mouse_Key_Process  actiontask.o
    0x08004d18   0x08004d18   0x00000002   Code   RO            7    i.NMI_Handler       stm32f4xx_it.o
    0x08004d1a   0x08004d1a   0x00000002   PAD
    0x08004d1c   0x08004d1c   0x00000078   Code   RO          405    i.NVIC_Init         misc.o
    0x08004d94   0x08004d94   0x000000ac   Code   RO          123    i.Offline_Check_task  main.o
    0x08004e40   0x08004e40   0x00000154   Code   RO         4114    i.PCReceive         datareceivetask.o
    0x08004f94   0x08004f94   0x000000c0   Code   RO         4115    i.PCReceive_task    datareceivetask.o
    0x08005054   0x08005054   0x00000174   Code   RO         3911    i.PID_Calc          pid.o
    0x080051c8   0x080051c8   0x00000248   Code   RO         4380    i.PidGimbalMotor_Init  gimbaltask.o
    0x08005410   0x08005410   0x000000a4   Code   RO         4294    i.Pid_BodanMotor_Init  shoottask.o
    0x080054b4   0x080054b4   0x00000068   Code   RO         4043    i.Pid_ChassisPosition_Init  chassistask.o
    0x0800551c   0x0800551c   0x0000008c   Code   RO         4295    i.Pid_Friction_Init  shoottask.o
    0x080055a8   0x080055a8   0x00000024   Code   RO         4296    i.Pluck_Speed_Choose  shoottask.o
    0x080055cc   0x080055cc   0x00000030   Code   RO         4465    i.Powerdown_Process  actiontask.o
    0x080055fc   0x080055fc   0x00000020   Code   RO         1880    i.RCC_AHB1PeriphClockCmd  stm32f4xx_rcc.o
    0x0800561c   0x0800561c   0x00000020   Code   RO         1889    i.RCC_APB1PeriphClockCmd  stm32f4xx_rcc.o
    0x0800563c   0x0800563c   0x00000020   Code   RO         1891    i.RCC_APB1PeriphResetCmd  stm32f4xx_rcc.o
    0x0800565c   0x0800565c   0x00000020   Code   RO         1892    i.RCC_APB2PeriphClockCmd  stm32f4xx_rcc.o
    0x0800567c   0x0800567c   0x000000e8   Code   RO         1901    i.RCC_GetClocksFreq  stm32f4xx_rcc.o
    0x08005764   0x08005764   0x00000024   Code   RO         4116    i.RCReceive_task    datareceivetask.o
    0x08005788   0x08005788   0x00000048   Code   RO         4117    i.RC_Rst            datareceivetask.o
    0x080057d0   0x080057d0   0x000001d4   Code   RO         4118    i.RemoteReceive     datareceivetask.o
    0x080059a4   0x080059a4   0x00000090   Code   RO         4466    i.Remote_Process    actiontask.o
    0x08005a34   0x08005a34   0x0000001c   Code   RO          124    i.Robot_Init        main.o
    0x08005a50   0x08005a50   0x00000048   Code   RO         4467    i.SetInputMode      actiontask.o
    0x08005a98   0x08005a98   0x000000ec   Code   RO          361    i.SetSysClock       system_stm32f4xx.o
    0x08005b84   0x08005b84   0x00000084   Code   RO         4297    i.Shoot_Check_Cal   shoottask.o
    0x08005c08   0x08005c08   0x000001a4   Code   RO         4298    i.Shoot_Fire_Cal    shoottask.o
    0x08005dac   0x08005dac   0x00000048   Code   RO         4299    i.Shoot_Powerdown_Cal  shoottask.o
    0x08005df4   0x08005df4   0x0000002c   Code   RO         4527    i.Shoot_Recover     start_task.o
    0x08005e20   0x08005e20   0x00000034   Code   RO         4528    i.Shoot_Stop        start_task.o
    0x08005e54   0x08005e54   0x0000010c   Code   RO         4300    i.Shoot_Test_Cal    shoottask.o
    0x08005f60   0x08005f60   0x000000a0   Code   RO         4301    i.Shoot_task        shoottask.o
    0x08006000   0x08006000   0x000000b4   Code   RO         4468    i.Status_Act        actiontask.o
    0x080060b4   0x080060b4   0x000000b8   Code   RO         3668    i.SteeringEngine_Configuration  steeringengine.o
    0x0800616c   0x0800616c   0x00000040   Code   RO         3669    i.SteeringEngine_Set  steeringengine.o
    0x080061ac   0x080061ac   0x00000008   Code   RO            8    i.SysTick_Handler   stm32f4xx_it.o
    0x080061b4   0x080061b4   0x00000068   Code   RO          363    i.SystemInit        system_stm32f4xx.o
    0x0800621c   0x0800621c   0x0000001c   Code   RO         3698    i.TIM4_IRQHandler   tim4.o
    0x08006238   0x08006238   0x00000060   Code   RO         3727    i.TIM7_Configuration  tim7.o
    0x08006298   0x08006298   0x00000028   Code   RO         3728    i.TIM7_IRQHandler   tim7.o
    0x080062c0   0x080062c0   0x00000018   Code   RO         2696    i.TIM_ARRPreloadConfig  stm32f4xx_tim.o
    0x080062d8   0x080062d8   0x00000006   Code   RO         2702    i.TIM_ClearFlag     stm32f4xx_tim.o
    0x080062de   0x080062de   0x00000006   Code   RO         2703    i.TIM_ClearITPendingBit  stm32f4xx_tim.o
    0x080062e4   0x080062e4   0x00000018   Code   RO         2708    i.TIM_Cmd           stm32f4xx_tim.o
    0x080062fc   0x080062fc   0x0000001e   Code   RO         2710    i.TIM_CtrlPWMOutputs  stm32f4xx_tim.o
    0x0800631a   0x0800631a   0x00000012   Code   RO         2711    i.TIM_DMACmd        stm32f4xx_tim.o
    0x0800632c   0x0800632c   0x00000022   Code   RO         2729    i.TIM_GetITStatus   stm32f4xx_tim.o
    0x0800634e   0x0800634e   0x00000012   Code   RO         2733    i.TIM_ITConfig      stm32f4xx_tim.o
    0x08006360   0x08006360   0x00000078   Code   RO         2752    i.TIM_OC4Init       stm32f4xx_tim.o
    0x080063d8   0x080063d8   0x0000001a   Code   RO         2754    i.TIM_OC4PreloadConfig  stm32f4xx_tim.o
    0x080063f2   0x080063f2   0x00000004   Code   RO         2772    i.TIM_SetCompare3   stm32f4xx_tim.o
    0x080063f6   0x080063f6   0x00000004   Code   RO         2773    i.TIM_SetCompare4   stm32f4xx_tim.o
    0x080063fa   0x080063fa   0x00000002   PAD
    0x080063fc   0x080063fc   0x00000084   Code   RO         2780    i.TIM_TimeBaseInit  stm32f4xx_tim.o
    0x08006480   0x08006480   0x00000020   Code   RO         4193    i.TX2_task          datasendtask.o
    0x080064a0   0x080064a0   0x00000290   Code   RO         4381    i.T_change          gimbaltask.o
    0x08006730   0x08006730   0x00000128   Code   RO         3759    i.USART1_Configuration  usart1.o
    0x08006858   0x08006858   0x0000005c   Code   RO         3760    i.USART1_IRQHandler  usart1.o
    0x080068b4   0x080068b4   0x000001a0   Code   RO         3879    i.USART2_Configuration  usart2.o
    0x08006a54   0x08006a54   0x00000244   Code   RO         4195    i.USART6_SendtoPC   datasendtask.o
    0x08006c98   0x08006c98   0x00000018   Code   RO         3258    i.USART_Cmd         stm32f4xx_usart.o
    0x08006cb0   0x08006cb0   0x00000012   Code   RO         3259    i.USART_DMACmd      stm32f4xx_usart.o
    0x08006cc2   0x08006cc2   0x00000054   Code   RO         3262    i.USART_GetITStatus  stm32f4xx_usart.o
    0x08006d16   0x08006d16   0x0000004a   Code   RO         3264    i.USART_ITConfig    stm32f4xx_usart.o
    0x08006d60   0x08006d60   0x000000d4   Code   RO         3265    i.USART_Init        stm32f4xx_usart.o
    0x08006e34   0x08006e34   0x00000004   Code   RO            9    i.UsageFault_Handler  stm32f4xx_it.o
    0x08006e38   0x08006e38   0x0000006c   Code   RO         3843    i.VOFA_Send         uart4.o
    0x08006ea4   0x08006ea4   0x00000178   Code   RO         3844    i.VOFA_USART_Configuration  uart4.o
    0x0800701c   0x0800701c   0x00000038   Code   RO         3986    i.Verify_CRC8_Check_Sum  algorithmofcrc.o
    0x08007054   0x08007054   0x000000c8   Code   RO         4255    i.ZeroCheck         zerochecktask.o
    0x0800711c   0x0800711c   0x00000108   Code   RO         4256    i.ZeroCheck_Init    zerochecktask.o
    0x08007224   0x08007224   0x000000fc   Code   RO         4257    i.ZeroCheck_cal     zerochecktask.o
    0x08007320   0x08007320   0x00000030   Code   RO         6040    i.__ARM_fpclassify  m_wm.l(fpclassify.o)
    0x08007350   0x08007350   0x000000c8   Code   RO         5627    i.__hardfp_cos      m_wm.l(cos.o)
    0x08007418   0x08007418   0x000000e0   Code   RO         5639    i.__hardfp_round    m_wm.l(round.o)
    0x080074f8   0x080074f8   0x000000c8   Code   RO         5643    i.__hardfp_sin      m_wm.l(sin.o)
    0x080075c0   0x080075c0   0x00000080   Code   RO         5655    i.__hardfp_tan      m_wm.l(tan.o)
    0x08007640   0x08007640   0x00000438   Code   RO         5970    i.__ieee754_rem_pio2  m_wm.l(rred.o)
    0x08007a78   0x08007a78   0x00000170   Code   RO         5953    i.__kernel_cos      m_wm.l(cos_i.o)
    0x08007be8   0x08007be8   0x000000f8   Code   RO         6042    i.__kernel_poly     m_wm.l(poly.o)
    0x08007ce0   0x08007ce0   0x00000130   Code   RO         5975    i.__kernel_sin      m_wm.l(sin_i.o)
    0x08007e10   0x08007e10   0x00000350   Code   RO         5981    i.__kernel_tan      m_wm.l(tan_i.o)
    0x08008160   0x08008160   0x00000014   Code   RO         5957    i.__mathlib_dbl_infnan  m_wm.l(dunder.o)
    0x08008174   0x08008174   0x00000004   PAD
    0x08008178   0x08008178   0x00000020   Code   RO         5959    i.__mathlib_dbl_invalid  m_wm.l(dunder.o)
    0x08008198   0x08008198   0x00000020   Code   RO         5962    i.__mathlib_dbl_underflow  m_wm.l(dunder.o)
    0x080081b8   0x080081b8   0x0000000e   Code   RO         6056    i.__scatterload_copy  mc_w.l(handlers.o)
    0x080081c6   0x080081c6   0x00000002   Code   RO         6057    i.__scatterload_null  mc_w.l(handlers.o)
    0x080081c8   0x080081c8   0x0000000e   Code   RO         6058    i.__scatterload_zeroinit  mc_w.l(handlers.o)
    0x080081d6   0x080081d6   0x00000002   PAD
    0x080081d8   0x080081d8   0x0000000c   Code   RO         6012    i.__set_errno       mc_w.l(errno.o)
    0x080081e4   0x080081e4   0x0000001c   Code   RO          125    i.delay_ms          main.o
    0x08008200   0x08008200   0x00000018   Code   RO         6036    i.fabs              m_wm.l(fabs.o)
    0x08008218   0x08008218   0x0000033c   Code   RO         3912    i.fuzzy             pid.o
    0x08008554   0x08008554   0x0000015c   Code   RO         4382    i.get_F             gimbaltask.o
    0x080086b0   0x080086b0   0x00000014   Code   RO          127    i.main              main.o
    0x080086c4   0x080086c4   0x00000098   Code   RO         4963    i.prvAddCurrentTaskToDelayedList  tasks.o
    0x0800875c   0x0800875c   0x000000b8   Code   RO         4964    i.prvAddNewTaskToReadyList  tasks.o
    0x08008814   0x08008814   0x00000064   Code   RO         4965    i.prvCheckTasksWaitingTermination  tasks.o
    0x08008878   0x08008878   0x00000012   Code   RO         4966    i.prvDeleteTCB      tasks.o
    0x0800888a   0x0800888a   0x00000002   PAD
    0x0800888c   0x0800888c   0x0000007c   Code   RO         5324    i.prvHeapInit       heap_4.o
    0x08008908   0x08008908   0x00000028   Code   RO         4967    i.prvIdleTask       tasks.o
    0x08008930   0x08008930   0x00000090   Code   RO         4968    i.prvInitialiseNewTask  tasks.o
    0x080089c0   0x080089c0   0x00000068   Code   RO         4969    i.prvInitialiseTaskLists  tasks.o
    0x08008a28   0x08008a28   0x00000068   Code   RO         5325    i.prvInsertBlockIntoFreeList  heap_4.o
    0x08008a90   0x08008a90   0x00000034   Code   RO         4971    i.prvResetNextTaskUnblockTime  tasks.o
    0x08008ac4   0x08008ac4   0x00000016   Code   RO         5382    i.prvTaskExitError  port.o
    0x08008ada   0x08008ada   0x00000002   PAD
    0x08008adc   0x08008adc   0x00000040   Code   RO         4973    i.prvTaskIsTaskSuspended  tasks.o
    0x08008b1c   0x08008b1c   0x000000d0   Code   RO         5326    i.pvPortMalloc      heap_4.o
    0x08008bec   0x08008bec   0x0000002c   Code   RO         5383    i.pxPortInitialiseStack  port.o
    0x08008c18   0x08008c18   0x0000002c   Code   RO         4529    i.startTast         start_task.o
    0x08008c44   0x08008c44   0x00000174   Code   RO         4530    i.start_task        start_task.o
    0x08008db8   0x08008db8   0x0000007c   Code   RO         4975    i.ulTaskNotifyTake  tasks.o
    0x08008e34   0x08008e34   0x00000028   Code   RO         4744    i.uxListRemove      list.o
    0x08008e5c   0x08008e5c   0x0000001a   Code   RO         4745    i.vListInitialise   list.o
    0x08008e76   0x08008e76   0x00000006   Code   RO         4746    i.vListInitialiseItem  list.o
    0x08008e7c   0x08008e7c   0x00000034   Code   RO         4747    i.vListInsert       list.o
    0x08008eb0   0x08008eb0   0x00000018   Code   RO         4748    i.vListInsertEnd    list.o
    0x08008ec8   0x08008ec8   0x00000024   Code   RO         5385    i.vPortEnterCritical  port.o
    0x08008eec   0x08008eec   0x00000020   Code   RO         5386    i.vPortExitCritical  port.o
    0x08008f0c   0x08008f0c   0x00000048   Code   RO         5327    i.vPortFree         heap_4.o
    0x08008f54   0x08008f54   0x00000020   Code   RO         5387    i.vPortSetupTimerInterrupt  port.o
    0x08008f74   0x08008f74   0x00000034   Code   RO         4982    i.vTaskDelay        tasks.o
    0x08008fa8   0x08008fa8   0x00000074   Code   RO         4983    i.vTaskDelayUntil   tasks.o
    0x0800901c   0x0800901c   0x000000cc   Code   RO         4984    i.vTaskDelete       tasks.o
    0x080090e8   0x080090e8   0x00000078   Code   RO         4994    i.vTaskResume       tasks.o
    0x08009160   0x08009160   0x0000006c   Code   RO         4997    i.vTaskStartScheduler  tasks.o
    0x080091cc   0x080091cc   0x000000bc   Code   RO         4998    i.vTaskSuspend      tasks.o
    0x08009288   0x08009288   0x00000010   Code   RO         4999    i.vTaskSuspendAll   tasks.o
    0x08009298   0x08009298   0x000000a0   Code   RO         5000    i.vTaskSwitchContext  tasks.o
    0x08009338   0x08009338   0x00000048   Code   RO         5388    i.xPortStartScheduler  port.o
    0x08009380   0x08009380   0x00000034   Code   RO         5389    i.xPortSysTickHandler  port.o
    0x080093b4   0x080093b4   0x00000060   Code   RO         5002    i.xTaskCreate       tasks.o
    0x08009414   0x08009414   0x000000c4   Code   RO         5003    i.xTaskGenericNotify  tasks.o
    0x080094d8   0x080094d8   0x0000000c   Code   RO         5006    i.xTaskGetTickCount  tasks.o
    0x080094e4   0x080094e4   0x0000000c   Code   RO         5007    i.xTaskGetTickCountFromISR  tasks.o
    0x080094f0   0x080094f0   0x0000011c   Code   RO         5008    i.xTaskIncrementTick  tasks.o
    0x0800960c   0x0800960c   0x000000e8   Code   RO         5013    i.xTaskResumeAll    tasks.o
    0x080096f4   0x080096f4   0x0000024c   Data   RO         3914    .constdata          pid.o
    0x08009940   0x08009940   0x00000301   Data   RO         3987    .constdata          algorithmofcrc.o
    0x08009c41   0x08009c41   0x00000007   PAD
    0x08009c48   0x08009c48   0x00000030   Data   RO         5954    .constdata          m_wm.l(cos_i.o)
    0x08009c78   0x08009c78   0x000000c8   Data   RO         5972    .constdata          m_wm.l(rred.o)
    0x08009d40   0x08009d40   0x00000028   Data   RO         5976    .constdata          m_wm.l(sin_i.o)
    0x08009d68   0x08009d68   0x00000060   Data   RO         5982    .constdata          m_wm.l(tan_i.o)
    0x08009dc8   0x08009dc8   0x00000020   Data   RO         6054    Region$$Table       anon$$obj.o


    Execution Region RW_IRAM1 (Exec base: 0x20000000, Load base: 0x08009de8, Size: 0x00003b30, Max: 0x00020000, ABSOLUTE, COMPRESSED[0x00000064])

    Exec Addr    Load Addr    Size         Type   Attr      Idx    E Section Name        Object

    0x20000000   COMPRESSED   0x0000000c   Data   RW          129    .data               main.o
    0x2000000c   COMPRESSED   0x00000014   Data   RW          364    .data               system_stm32f4xx.o
    0x20000020   COMPRESSED   0x00000010   Data   RW         1933    .data               stm32f4xx_rcc.o
    0x20000030   COMPRESSED   0x0000008c   Data   RW         3586    .data               frictionwheel.o
    0x200000bc   COMPRESSED   0x00000008   Data   RW         3670    .data               steeringengine.o
    0x200000c4   COMPRESSED   0x00000004   Data   RW         3700    .data               tim4.o
    0x200000c8   COMPRESSED   0x00000004   Data   RW         3729    .data               tim7.o
    0x200000cc   COMPRESSED   0x00000008   Data   RW         3762    .data               usart1.o
    0x200000d4   COMPRESSED   0x00000001   Data   RW         3881    .data               usart2.o
    0x200000d5   COMPRESSED   0x00000003   PAD
    0x200000d8   COMPRESSED   0x00000004   Data   RW         3915    .data               pid.o
    0x200000dc   COMPRESSED   0x00000004   Data   RW         3988    .data               algorithmofcrc.o
    0x200000e0   COMPRESSED   0x00000054   Data   RW         4046    .data               chassistask.o
    0x20000134   COMPRESSED   0x0000004c   Data   RW         4120    .data               datareceivetask.o
    0x20000180   COMPRESSED   0x00000028   Data   RW         4197    .data               datasendtask.o
    0x200001a8   COMPRESSED   0x00000004   Data   RW         4259    .data               zerochecktask.o
    0x200001ac   COMPRESSED   0x00000038   Data   RW         4303    .data               shoottask.o
    0x200001e4   COMPRESSED   0x00000058   Data   RW         4384    .data               gimbaltask.o
    0x2000023c   COMPRESSED   0x00000080   Data   RW         4470    .data               actiontask.o
    0x200002bc   COMPRESSED   0x0000002e   Data   RW         4532    .data               start_task.o
    0x200002ea   COMPRESSED   0x00000002   PAD
    0x200002ec   COMPRESSED   0x00000048   Data   RW         5016    .data               tasks.o
    0x20000334   COMPRESSED   0x00000018   Data   RW         5332    .data               heap_4.o
    0x2000034c   COMPRESSED   0x00000004   Data   RW         5390    .data               port.o
    0x20000350   COMPRESSED   0x00000004   Data   RW         6013    .data               mc_w.l(errno.o)
    0x20000354        -       0x00000024   Zero   RW          128    .bss                main.o
    0x20000378        -       0x00000012   Zero   RW         3761    .bss                usart1.o
    0x2000038a   COMPRESSED   0x00000002   PAD
    0x2000038c        -       0x00000090   Zero   RW         3845    .bss                uart4.o
    0x2000041c        -       0x00000009   Zero   RW         3880    .bss                usart2.o
    0x20000425   COMPRESSED   0x00000003   PAD
    0x20000428        -       0x00000034   Zero   RW         3913    .bss                pid.o
    0x2000045c        -       0x000000d8   Zero   RW         4044    .bss                chassistask.o
    0x20000534        -       0x0000019b   Zero   RW         4119    .bss                datareceivetask.o
    0x200006cf   COMPRESSED   0x00000001   PAD
    0x200006d0        -       0x0000001c   Zero   RW         4196    .bss                datasendtask.o
    0x200006ec        -       0x000000b8   Zero   RW         4258    .bss                zerochecktask.o
    0x200007a4        -       0x00000134   Zero   RW         4302    .bss                shoottask.o
    0x200008d8        -       0x00000360   Zero   RW         4383    .bss                gimbaltask.o
    0x20000c38        -       0x00000014   Zero   RW         4469    .bss                actiontask.o
    0x20000c4c        -       0x000002e4   Zero   RW         5015    .bss                tasks.o
    0x20000f30        -       0x00002800   Zero   RW         5331    .bss                heap_4.o
    0x20003730        -       0x00000400   Zero   RW          396    STACK               startup_stm32f40_41xxx.o


==============================================================================

Image component sizes


      Code (inc. data)   RO Data    RW Data    ZI Data      Debug   Object Name

      2158        310          0        128         20       8362   actiontask.o
       128         12        769          4          0       3158   algorithmofcrc.o
       524         22          0          0          0       2630   can1.o
       544         24          0          0          0       2594   can2.o
      4510        402          0         84        216       8031   chassistask.o
         0          0          0          0          0       7196   croutine.o
      1760        194          0         76        411       8898   datareceivetask.o
      1572        138          0         40         28       6495   datasendtask.o
         0          0          0          0          0       1472   event_groups.o
       352         56          0        140          0       2248   frictionwheel.o
      5808        784          0         88        864      11486   gimbaltask.o
       508         62          0         24      10240       4059   heap_4.o
        44          0          0          0          0       1106   iwdg.o
       148          0          0          0          0       3434   list.o
       452         20          0         12         36     316823   main.o
        48          4          0          0          0        570   microsw.o
       120         14          0          0          0       1068   misc.o
      1590         30        588          4         52       4824   pid.o
       472         58          0          4          0       9900   port.o
      1696        300          0         56        308       8067   shoottask.o
       512        230          0         46          0       4211   start_task.o
        36          8        392          0       1024        864   startup_stm32f40_41xxx.o
       248         30          0          8          0       1746   steeringengine.o
      1654         22          0          0          0       7880   stm32f4xx_can.o
       784         86          0          0          0       6811   stm32f4xx_dma.o
       222          0          0          0          0       3039   stm32f4xx_gpio.o
        28          0          0          0          0     306151   stm32f4xx_it.o
        68         30          0          0          0       2730   stm32f4xx_iwdg.o
       360         42          0         16          0       5424   stm32f4xx_rcc.o
       446         36          0          0          0       8844   stm32f4xx_tim.o
       412          8          0          0          0       4489   stm32f4xx_usart.o
       340         32          0         20          0       1929   system_stm32f4xx.o
      2778        424          0         72        740      29277   tasks.o
        28          6          0          4          0        792   tim4.o
       136         14          0          4          0       1753   tim7.o
       524         64          0          0        144       3274   uart4.o
       388         36          0          8         18       2185   usart1.o
       468         38          0          1          9       2231   usart2.o
       716        122          0          4        184       3208   zerochecktask.o

    ----------------------------------------------------------------------
     32606       3658       1788        848      14300     809259   Object Totals
         0          0         32          0          0          0   (incl. Generated)
        24          0          7          5          6          0   (incl. Padding)

    ----------------------------------------------------------------------

      Code (inc. data)   RO Data    RW Data    ZI Data      Debug   Library Member Name

       200         20          0          0          0        164   cos.o
       368         46         48          0          0        200   cos_i.o
        84         16          0          0          0        372   dunder.o
        24          0          0          0          0        124   fabs.o
        48          0          0          0          0        124   fpclassify.o
       248          0          0          0          0        152   poly.o
       224         30          0          0          0        172   round.o
      1080        142        200          0          0        188   rred.o
       200         20          0          0          0        164   sin.o
       304         24         40          0          0        208   sin_i.o
       128         20          0          0          0        144   tan.o
       848         84         96          0          0        196   tan_i.o
        86          0          0          0          0          0   __dczerorl2.o
         0          0          0          0          0          0   entry.o
         0          0          0          0          0          0   entry10a.o
         0          0          0          0          0          0   entry11a.o
         8          4          0          0          0          0   entry2.o
         4          0          0          0          0          0   entry5.o
         0          0          0          0          0          0   entry7b.o
         0          0          0          0          0          0   entry8b.o
         8          4          0          0          0          0   entry9a.o
        12          6          0          4          0         68   errno.o
        30          0          0          0          0          0   handlers.o
        36          8          0          0          0         68   init.o
         0          0          0          0          0          0   iusefp.o
        30          0          0          0          0         68   llshl.o
        36          0          0          0          0         68   llsshr.o
        32          0          0          0          0         68   llushr.o
        36          0          0          0          0         68   memcpya.o
        36          0          0          0          0        108   memseta.o
        48          0          0          0          0         68   cdcmple.o
        48          0          0          0          0         68   cdrcmple.o
        56          0          0          0          0         88   d2f.o
       334          0          0          0          0        148   dadd.o
       222          0          0          0          0        100   ddiv.o
       186          0          0          0          0        176   depilogue.o
        62          0          0          0          0         80   dfixi.o
        34          0          0          0          0         76   dflti.o
        26          0          0          0          0         76   dfltui.o
       228          0          0          0          0         96   dmul.o
       136          4          0          0          0         92   drnd.o
        38          0          0          0          0         68   f2d.o
       110          0          0          0          0        168   fepilogue.o

    ----------------------------------------------------------------------
      5646        428        384          4          0       4028   Library Totals
         8          0          0          0          0          0   (incl. Padding)

    ----------------------------------------------------------------------

      Code (inc. data)   RO Data    RW Data    ZI Data      Debug   Library Name

      3756        402        384          0          0       2208   m_wm.l
       354         22          0          4          0        516   mc_w.l
      1528          4          0          0          0       1304   mf_w.l

    ----------------------------------------------------------------------
      5646        428        384          4          0       4028   Library Totals

    ----------------------------------------------------------------------

==============================================================================


      Code (inc. data)   RO Data    RW Data    ZI Data      Debug   

     38252       4086       2172        852      14300     792487   Grand Totals
     38252       4086       2172        100      14300     792487   ELF Image Totals (compressed)
     38252       4086       2172        100          0          0   ROM Totals

==============================================================================

    Total RO  Size (Code + RO Data)                40424 (  39.48kB)
    Total RW  Size (RW Data + ZI Data)             15152 (  14.80kB)
    Total ROM Size (Code + RO Data + RW Data)      40524 (  39.57kB)

==============================================================================

