Component: ARM Compiler 5.06 update 6 (build 750) Tool: armlink [4d35ed]

==============================================================================

Section Cross References

    stm32f4xx_it.o(i.SysTick_Handler) refers to port.o(i.xPortSysTickHandler) for xPortSysTickHandler
    main.o(i.BSP_Init) refers to usart1.o(i.USART1_Configuration) for USART1_Configuration
    main.o(i.BSP_Init) refers to main.o(i.delay_ms) for delay_ms
    main.o(i.BSP_Init) refers to usart2.o(i.USART2_Configuration) for USART2_Configuration
    main.o(i.BSP_Init) refers to microsw.o(i.MicroSwConfigration) for MicroSwConfigration
    main.o(i.BSP_Init) refers to steeringengine.o(i.SteeringEngine_Configuration) for SteeringEngine_Configuration
    main.o(i.BSP_Init) refers to tim7.o(i.TIM7_Configuration) for TIM7_Configuration
    main.o(i.BSP_Init) refers to can1.o(i.CAN1_Configuration) for CAN1_Configuration
    main.o(i.BSP_Init) refers to can2.o(i.CAN2_Configuration) for CAN2_Configuration
    main.o(i.BSP_Init) refers to iwdg.o(i.IWDG_Config) for IWDG_Config
    main.o(i.BSP_Init) refers to uart4.o(i.VOFA_USART_Configuration) for VOFA_USART_Configuration
    main.o(i.BSP_Init) refers to steeringengine.o(i.SteeringEngine_Set) for SteeringEngine_Set
    main.o(i.BSP_Init) refers to main.o(.bss) for Infantry
    main.o(i.Infantry_Init) refers to main.o(.data) for Robot_ID
    main.o(i.Infantry_Init) refers to main.o(.bss) for Infantry
    main.o(i.Offline_Check_task) refers to tasks.o(i.vTaskDelay) for vTaskDelay
    main.o(i.Robot_Init) refers to zerochecktask.o(i.ZeroCheck_Init) for ZeroCheck_Init
    main.o(i.Robot_Init) refers to main.o(i.Infantry_Init) for Infantry_Init
    main.o(i.Robot_Init) refers to chassistask.o(i.Pid_ChassisPosition_Init) for Pid_ChassisPosition_Init
    main.o(i.Robot_Init) refers to gimbaltask.o(i.PidGimbalMotor_Init) for PidGimbalMotor_Init
    main.o(i.Robot_Init) refers to shoottask.o(i.Pid_BodanMotor_Init) for Pid_BodanMotor_Init
    main.o(i.Robot_Init) refers to shoottask.o(i.Pid_Friction_Init) for Pid_Friction_Init
    main.o(i.main) refers to main.o(i.BSP_Init) for BSP_Init
    main.o(i.main) refers to main.o(i.Robot_Init) for Robot_Init
    main.o(i.main) refers to start_task.o(i.startTast) for startTast
    main.o(i.main) refers to tasks.o(i.vTaskStartScheduler) for vTaskStartScheduler
    system_stm32f4xx.o(i.SystemCoreClockUpdate) refers to system_stm32f4xx.o(.data) for SystemCoreClock
    system_stm32f4xx.o(i.SystemInit) refers to system_stm32f4xx.o(i.SetSysClock) for SetSysClock
    startup_stm32f40_41xxx.o(RESET) refers to startup_stm32f40_41xxx.o(STACK) for __initial_sp
    startup_stm32f40_41xxx.o(RESET) refers to startup_stm32f40_41xxx.o(.text) for Reset_Handler
    startup_stm32f40_41xxx.o(RESET) refers to stm32f4xx_it.o(i.NMI_Handler) for NMI_Handler
    startup_stm32f40_41xxx.o(RESET) refers to stm32f4xx_it.o(i.HardFault_Handler) for HardFault_Handler
    startup_stm32f40_41xxx.o(RESET) refers to stm32f4xx_it.o(i.MemManage_Handler) for MemManage_Handler
    startup_stm32f40_41xxx.o(RESET) refers to stm32f4xx_it.o(i.BusFault_Handler) for BusFault_Handler
    startup_stm32f40_41xxx.o(RESET) refers to stm32f4xx_it.o(i.UsageFault_Handler) for UsageFault_Handler
    startup_stm32f40_41xxx.o(RESET) refers to port.o(.emb_text) for SVC_Handler
    startup_stm32f40_41xxx.o(RESET) refers to stm32f4xx_it.o(i.DebugMon_Handler) for DebugMon_Handler
    startup_stm32f40_41xxx.o(RESET) refers to stm32f4xx_it.o(i.SysTick_Handler) for SysTick_Handler
    startup_stm32f40_41xxx.o(RESET) refers to uart4.o(i.DMA1_Stream4_IRQHandler) for DMA1_Stream4_IRQHandler
    startup_stm32f40_41xxx.o(RESET) refers to usart2.o(i.DMA1_Stream5_IRQHandler) for DMA1_Stream5_IRQHandler
    startup_stm32f40_41xxx.o(RESET) refers to can1.o(i.CAN1_TX_IRQHandler) for CAN1_TX_IRQHandler
    startup_stm32f40_41xxx.o(RESET) refers to can1.o(i.CAN1_RX0_IRQHandler) for CAN1_RX0_IRQHandler
    startup_stm32f40_41xxx.o(RESET) refers to can1.o(i.CAN1_RX1_IRQHandler) for CAN1_RX1_IRQHandler
    startup_stm32f40_41xxx.o(RESET) refers to tim4.o(i.TIM4_IRQHandler) for TIM4_IRQHandler
    startup_stm32f40_41xxx.o(RESET) refers to usart1.o(i.USART1_IRQHandler) for USART1_IRQHandler
    startup_stm32f40_41xxx.o(RESET) refers to tim7.o(i.TIM7_IRQHandler) for TIM7_IRQHandler
    startup_stm32f40_41xxx.o(RESET) refers to frictionwheel.o(i.DMA2_Stream1_IRQHandler) for DMA2_Stream1_IRQHandler
    startup_stm32f40_41xxx.o(RESET) refers to can2.o(i.CAN2_TX_IRQHandler) for CAN2_TX_IRQHandler
    startup_stm32f40_41xxx.o(RESET) refers to can2.o(i.CAN2_RX0_IRQHandler) for CAN2_RX0_IRQHandler
    startup_stm32f40_41xxx.o(RESET) refers to can2.o(i.CAN2_RX1_IRQHandler) for CAN2_RX1_IRQHandler
    startup_stm32f40_41xxx.o(.text) refers to system_stm32f4xx.o(i.SystemInit) for SystemInit
    startup_stm32f40_41xxx.o(.text) refers to entry.o(.ARM.Collect$$$$00000000) for __main
[...]
    __Vectors_End                            0x08000188   Data           0  startup_stm32f40_41xxx.o(RESET)
    __main                                   0x08000189   Thumb Code     0  entry.o(.ARM.Collect$$$$00000000)
    _main_stk                                0x08000189   Thumb Code     0  entry2.o(.ARM.Collect$$$$00000001)
    _main_scatterload                        0x0800018d   Thumb Code     0  entry5.o(.ARM.Collect$$$$00000004)
    __main_after_scatterload                 0x08000191   Thumb Code     0  entry5.o(.ARM.Collect$$$$00000004)
    _main_clock                              0x08000191   Thumb Code     0  entry7b.o(.ARM.Collect$$$$00000008)
    _main_cpp_init                           0x08000191   Thumb Code     0  entry8b.o(.ARM.Collect$$$$0000000A)
    _main_init                               0x08000191   Thumb Code     0  entry9a.o(.ARM.Collect$$$$0000000B)
    __rt_final_cpp                           0x08000199   Thumb Code     0  entry10a.o(.ARM.Collect$$$$0000000D)
    __rt_final_exit                          0x08000199   Thumb Code     0  entry11a.o(.ARM.Collect$$$$0000000F)
    SVC_Handler                              0x0800019d   Thumb Code    28  port.o(.emb_text)
    __asm___6_port_c_39a90d8d__prvStartFirstTask 0x080001bd   Thumb Code    28  port.o(.emb_text)
    __asm___6_port_c_39a90d8d__prvEnableVFP  0x080001dd   Thumb Code    16  port.o(.emb_text)
    PendSV_Handler                           0x080001f1   Thumb Code    88  port.o(.emb_text)
    vPortGetIPSR                             0x0800024d   Thumb Code     6  port.o(.emb_text)
    Reset_Handler                            0x08000255   Thumb Code     8  startup_stm32f40_41xxx.o(.text)
    ADC_IRQHandler                           0x0800026f   Thumb Code     0  startup_stm32f40_41xxx.o(.text)
    CAN1_SCE_IRQHandler                      0x0800026f   Thumb Code     0  startup_stm32f40_41xxx.o(.text)
    CAN2_SCE_IRQHandler                      0x0800026f   Thumb Code     0  startup_stm32f40_41xxx.o(.text)
    CRYP_IRQHandler                          0x0800026f   Thumb Code     0  startup_stm32f40_41xxx.o(.text)
    DCMI_IRQHandler                          0x0800026f   Thumb Code     0  startup_stm32f40_41xxx.o(.text)
    DMA1_Stream0_IRQHandler                  0x0800026f   Thumb Code     0  startup_stm32f40_41xxx.o(.text)
    DMA1_Stream1_IRQHandler                  0x0800026f   Thumb Code     0  startup_stm32f40_41xxx.o(.text)
    DMA1_Stream2_IRQHandler                  0x0800026f   Thumb Code     0  startup_stm32f40_41xxx.o(.text)
    DMA1_Stream3_IRQHandler                  0x0800026f   Thumb Code     0  startup_stm32f40_41xxx.o(.text)
    DMA1_Stream6_IRQHandler                  0x0800026f   Thumb Code     0  startup_stm32f40_41xxx.o(.text)
    DMA1_Stream7_IRQHandler                  0x0800026f   Thumb Code     0  startup_stm32f40_41xxx.o(.text)
    DMA2_Stream0_IRQHandler                  0x0800026f   Thumb Code     0  startup_stm32f40_41xxx.o(.text)
    DMA2_Stream2_IRQHandler                  0x0800026f   Thumb Code     0  startup_stm32f40_41xxx.o(.text)
    DMA2_Stream3_IRQHandler                  0x0800026f   Thumb Code     0  startup_stm32f40_41xxx.o(.text)
    DMA2_Stream4_IRQHandler                  0x0800026f   Thumb Code     0  startup_stm32f40_41xxx.o(.text)
    DMA2_Stream5_IRQHandler                  0x0800026f   Thumb Code     0  startup_stm32f40_41xxx.o(.text)
    DMA2_Stream6_IRQHandler                  0x0800026f   Thumb Code     0  startup_stm32f40_41xxx.o(.text)
    DMA2_Stream7_IRQHandler                  0x0800026f   Thumb Code     0  startup_stm32f40_41xxx.o(.text)
    ETH_IRQHandler                           0x0800026f   Thumb Code     0  startup_stm32f40_41xxx.o(.text)
    ETH_WKUP_IRQHandler                      0x0800026f   Thumb Code     0  startup_stm32f40_41xxx.o(.text)
    EXTI0_IRQHandler                         0x0800026f   Thumb Code     0  startup_stm32f40_41xxx.o(.text)
    EXTI15_10_IRQHandler                     0x0800026f   Thumb Code     0  startup_stm32f40_41xxx.o(.text)
    EXTI1_IRQHandler                         0x0800026f   Thumb Code     0  startup_stm32f40_41xxx.o(.text)
    EXTI2_IRQHandler                         0x0800026f   Thumb Code     0  startup_stm32f40_41xxx.o(.text)
    EXTI3_IRQHandler                         0x0800026f   Thumb Code     0  startup_stm32f40_41xxx.o(.text)
    EXTI4_IRQHandler                         0x0800026f   Thumb Code     0  startup_stm32f40_41xxx.o(.text)
    EXTI9_5_IRQHandler                       0x0800026f   Thumb Code     0  startup_stm32f40_41xxx.o(.text)
    FLASH_IRQHandler                         0x0800026f   Thumb Code     0  startup_stm32f40_41xxx.o(.text)
    FPU_IRQHandler                           0x0800026f   Thumb Code     0  startup_stm32f40_41xxx.o(.text)
    FSMC_IRQHandler                          0x0800026f   Thumb Code     0  startup_stm32f40_41xxx.o(.text)
    HASH_RNG_IRQHandler                      0x0800026f   Thumb Code     0  startup_stm32f40_41xxx.o(.text)
    I2C1_ER_IRQHandler                       0x0800026f   Thumb Code     0  startup_stm32f40_41xxx.o(.text)
    I2C1_EV_IRQHandler                       0x0800026f   Thumb Code     0  startup_stm32f40_41xxx.o(.text)
    I2C2_ER_IRQHandler                       0x0800026f   Thumb Code     0  startup_stm32f40_41xxx.o(.text)
    I2C2_EV_IRQHandler                       0x0800026f   Thumb Code     0  startup_stm32f40_41xxx.o(.text)
    I2C3_ER_IRQHandler                       0x0800026f   Thumb Code     0  startup_stm32f40_41xxx.o(.text)
    I2C3_EV_IRQHandler                       0x0800026f   Thumb Code     0  startup_stm32f40_41xxx.o(.text)
    OTG_FS_IRQHandler                        0x0800026f   Thumb Code     0  startup_stm32f40_41xxx.o(.text)
    OTG_FS_WKUP_IRQHandler                   0x0800026f   Thumb Code     0  startup_stm32f40_41xxx.o(.text)
    OTG_HS_EP1_IN_IRQHandler                 0x0800026f   Thumb Code     0  startup_stm32f40_41xxx.o(.text)
    OTG_HS_EP1_OUT_IRQHandler                0x0800026f   Thumb Code     0  startup_stm32f40_41xxx.o(.text)
    OTG_HS_IRQHandler                        0x0800026f   Thumb Code     0  startup_stm32f40_41xxx.o(.text)
    OTG_HS_WKUP_IRQHandler                   0x0800026f   Thumb Code     0  startup_stm32f40_41xxx.o(.text)
    PVD_IRQHandler                           0x0800026f   Thumb Code     0  startup_stm32f40_41xxx.o(.text)
    RCC_IRQHandler                           0x0800026f   Thumb Code     0  startup_stm32f40_41xxx.o(.text)
    RTC_Alarm_IRQHandler                     0x0800026f   Thumb Code     0  startup_stm32f40_41xxx.o(.text)
    RTC_WKUP_IRQHandler                      0x0800026f   Thumb Code     0  startup_stm32f40_41xxx.o(.text)
    SDIO_IRQHandler                          0x0800026f   Thumb Code     0  startup_stm32f40_41xxx.o(.text)
    SPI1_IRQHandler                          0x0800026f   Thumb Code     0  startup_stm32f40_41xxx.o(.text)
    SPI2_IRQHandler                          0x0800026f   Thumb Code     0  startup_stm32f40_41xxx.o(.text)
    SPI3_IRQHandler                          0x0800026f   Thumb Code     0  startup_stm32f40_41xxx.o(.text)
    TAMP_STAMP_IRQHandler                    0x0800026f   Thumb Code     0  startup_stm32f40_41xxx.o(.text)
    TIM1_BRK_TIM9_IRQHandler                 0x0800026f   Thumb Code     0  startup_stm32f40_41xxx.o(.text)
    TIM1_CC_IRQHandler                       0x0800026f   Thumb Code     0  startup_stm32f40_41xxx.o(.text)
    TIM1_TRG_COM_TIM11_IRQHandler            0x0800026f   Thumb Code     0  startup_stm32f40_41xxx.o(.text)
    TIM1_UP_TIM10_IRQHandler                 0x0800026f   Thumb Code     0  startup_stm32f40_41xxx.o(.text)
    TIM2_IRQHandler                          0x0800026f   Thumb Code     0  startup_stm32f40_41xxx.o(.text)
    TIM3_IRQHandler                          0x0800026f   Thumb Code     0  startup_stm32f40_41xxx.o(.text)
    TIM5_IRQHandler                          0x0800026f   Thumb Code     0  startup_stm32f40_41xxx.o(.text)
    TIM6_DAC_IRQHandler                      0x0800026f   Thumb Code     0  startup_stm32f40_41xxx.o(.text)
    TIM8_BRK_TIM12_IRQHandler                0x0800026f   Thumb Code     0  startup_stm32f40_41xxx.o(.text)
    TIM8_CC_IRQHandler                       0x0800026f   Thumb Code     0  startup_stm32f40_41xxx.o(.text)
    TIM8_TRG_COM_TIM14_IRQHandler            0x0800026f   Thumb Code     0  startup_stm32f40_41xxx.o(.text)
    TIM8_UP_TIM13_IRQHandler                 0x0800026f   Thumb Code     0  startup_stm32f40_41xxx.o(.text)
    UART4_IRQHandler                         0x0800026f   Thumb Code     0  startup_stm32f40_41xxx.o(.text)
    UART5_IRQHandler                         0x0800026f   Thumb Code     0  startup_stm32f40_41xxx.o(.text)
    USART2_IRQHandler                        0x0800026f   Thumb Code     0  startup_stm32f40_41xxx.o(.text)
    USART3_IRQHandler                        0x0800026f   Thumb Code     0  startup_stm32f40_41xxx.o(.text)
    USART6_IRQHandler                        0x0800026f   Thumb Code     0  startup_stm32f40_41xxx.o(.text)
    WWDG_IRQHandler                          0x0800026f   Thumb Code     0  startup_stm32f40_41xxx.o(.text)
    __aeabi_memcpy                           0x08000279   Thumb Code    36  memcpya.o(.text)
    __aeabi_memcpy4                          0x08000279   Thumb Code     0  memcpya.o(.text)
    __aeabi_memcpy8                          0x08000279   Thumb Code     0  memcpya.o(.text)
    __aeabi_memset                           0x0800029d   Thumb Code    14  memseta.o(.text)
    __aeabi_memset4                          0x0800029d   Thumb Code     0  memseta.o(.text)
    __aeabi_memset8                          0x0800029d   Thumb Code     0  memseta.o(.text)
    __aeabi_memclr                           0x080002ab   Thumb Code     4  memseta.o(.text)
    __aeabi_memclr4                          0x080002ab   Thumb Code     0  memseta.o(.text)
    __aeabi_memclr8                          0x080002ab   Thumb Code     0  memseta.o(.text)
    _memset$wrapper                          0x080002af   Thumb Code    18  memseta.o(.text)
    __aeabi_dmul                             0x080002c1   Thumb Code   228  dmul.o(.text)
    __aeabi_ddiv                             0x080003a5   Thumb Code   222  ddiv.o(.text)
    __aeabi_i2d                              0x08000483   Thumb Code    34  dflti.o(.text)
    __aeabi_d2iz                             0x080004a5   Thumb Code    62  dfixi.o(.text)
    __aeabi_f2d                              0x080004e3   Thumb Code    38  f2d.o(.text)
    __aeabi_d2f                              0x08000509   Thumb Code    56  d2f.o(.text)
    __aeabi_llsr                             0x08000541   Thumb Code    32  llushr.o(.text)
    _ll_ushift_r                             0x08000541   Thumb Code     0  llushr.o(.text)
    __I$use$fp                               0x08000561   Thumb Code     0  iusefp.o(.text)
    _float_round                             0x08000561   Thumb Code    18  fepilogue.o(.text)
    _float_epilogue                          0x08000573   Thumb Code    92  fepilogue.o(.text)
    _double_round                            0x080005cf   Thumb Code    30  depilogue.o(.text)
    _double_epilogue                         0x080005ed   Thumb Code   156  depilogue.o(.text)
    __aeabi_dadd                             0x08000689   Thumb Code   322  dadd.o(.text)
    __aeabi_dsub                             0x080007cb   Thumb Code     6  dadd.o(.text)
    __aeabi_drsub                            0x080007d1   Thumb Code     6  dadd.o(.text)
    _drnd                                    0x080007d9   Thumb Code   132  drnd.o(.text)
    __aeabi_cdcmpeq                          0x08000861   Thumb Code     0  cdcmple.o(.text)
    __aeabi_cdcmple                          0x08000861   Thumb Code    48  cdcmple.o(.text)
    __aeabi_cdrcmple                         0x08000891   Thumb Code    48  cdrcmple.o(.text)
    __scatterload                            0x080008c1   Thumb Code    28  init.o(.text)
    __scatterload_rt2                        0x080008c1   Thumb Code     0  init.o(.text)
    __aeabi_llsl                             0x080008e5   Thumb Code    30  llshl.o(.text)
    _ll_shift_l                              0x080008e5   Thumb Code     0  llshl.o(.text)
    __aeabi_lasr                             0x08000903   Thumb Code    36  llsshr.o(.text)
    _ll_sshift_r                             0x08000903   Thumb Code     0  llsshr.o(.text)
    __aeabi_ui2d                             0x08000927   Thumb Code    26  dfltui.o(.text)
    __decompress                             0x08000941   Thumb Code     0  __dczerorl2.o(.text)
    __decompress1                            0x08000941   Thumb Code    86  __dczerorl2.o(.text)
    Append_CRC8_Check_Sum                    0x08000997   Thumb Code    36  algorithmofcrc.o(i.Append_CRC8_Check_Sum)
    BSP_Init                                 0x080009bd   Thumb Code   110  main.o(i.BSP_Init)
    BodanMotor_CurrentPid_Cal                0x08000a31   Thumb Code   188  shoottask.o(i.BodanMotor_CurrentPid_Cal)
    BusFault_Handler                         0x08000b11   Thumb Code     4  stm32f4xx_it.o(i.BusFault_Handler)
    CAN1_Configuration                       0x08000b15   Thumb Code   380  can1.o(i.CAN1_Configuration)
    CAN1_RX0_IRQHandler                      0x08000c99   Thumb Code    48  can1.o(i.CAN1_RX0_IRQHandler)
    CAN1_RX1_IRQHandler                      0x08000ccd   Thumb Code    52  can1.o(i.CAN1_RX1_IRQHandler)
    CAN1_TX_IRQHandler                       0x08000d05   Thumb Code    22  can1.o(i.CAN1_TX_IRQHandler)
    CAN2_Configuration                       0x08000d21   Thumb Code   402  can2.o(i.CAN2_Configuration)
    CAN2_RX0_IRQHandler                      0x08000ebd   Thumb Code    48  can2.o(i.CAN2_RX0_IRQHandler)
    CAN2_RX1_IRQHandler                      0x08000ef1   Thumb Code    48  can2.o(i.CAN2_RX1_IRQHandler)
    CAN2_TX_IRQHandler                       0x08000f25   Thumb Code    22  can2.o(i.CAN2_TX_IRQHandler)
    CAN_ClearITPendingBit                    0x08000f41   Thumb Code   162  stm32f4xx_can.o(i.CAN_ClearITPendingBit)
    CAN_DeInit                               0x08000fe9   Thumb Code    50  stm32f4xx_can.o(i.CAN_DeInit)
    CAN_FilterInit                           0x08001021   Thumb Code   258  stm32f4xx_can.o(i.CAN_FilterInit)
    CAN_GetITStatus                          0x08001129   Thumb Code   284  stm32f4xx_can.o(i.CAN_GetITStatus)
    CAN_ITConfig                             0x08001249   Thumb Code    18  stm32f4xx_can.o(i.CAN_ITConfig)
    CAN_Init                                 0x0800125b   Thumb Code   276  stm32f4xx_can.o(i.CAN_Init)
    CAN_Receive                              0x0800136f   Thumb Code   240  stm32f4xx_can.o(i.CAN_Receive)
    CAN_StructInit                           0x0800145f   Thumb Code    32  stm32f4xx_can.o(i.CAN_StructInit)
    CAN_Transmit                             0x0800147f   Thumb Code   294  stm32f4xx_can.o(i.CAN_Transmit)
    Can1Receive0                             0x080015a5   Thumb Code    52  datareceivetask.o(i.Can1Receive0)
    Can1Receive1                             0x080015e5   Thumb Code    66  datareceivetask.o(i.Can1Receive1)
    Can2Receive0                             0x08001635   Thumb Code   260  datareceivetask.o(i.Can2Receive0)
    Can2Receive1                             0x0800175d   Thumb Code   144  datareceivetask.o(i.Can2Receive1)
    ChassisCan1Send                          0x080017f9   Thumb Code   104  datasendtask.o(i.ChassisCan1Send)
    ChassisPostionAngle_TranSform            0x08001869   Thumb Code   118  chassistask.o(i.ChassisPostionAngle_TranSform)
    Chassis_Act_Cal                          0x080018f9   Thumb Code   912  chassistask.o(i.Chassis_Act_Cal)
    Chassis_CurrentPid_Cal                   0x08001cd5   Thumb Code   260  chassistask.o(i.Chassis_CurrentPid_Cal)
    Chassis_Jump_Cal                         0x08001de9   Thumb Code   826  chassistask.o(i.Chassis_Jump_Cal)
    Chassis_Powerdown_Cal                    0x08002171   Thumb Code    24  chassistask.o(i.Chassis_Powerdown_Cal)
    Chassis_SelfProtect_Cal                  0x08002191   Thumb Code   794  chassistask.o(i.Chassis_SelfProtect_Cal)
    Chassis_Solo_Cal                         0x080024e9   Thumb Code  1174  chassistask.o(i.Chassis_Solo_Cal)
    Chassis_task                             0x0800298d   Thumb Code    18  chassistask.o(i.Chassis_task)
    DMA1_Stream4_IRQHandler                  0x080029b1   Thumb Code    30  uart4.o(i.DMA1_Stream4_IRQHandler)
    DMA1_Stream5_IRQHandler                  0x080029d9   Thumb Code    36  usart2.o(i.DMA1_Stream5_IRQHandler)
    DMA2_Stream1_IRQHandler                  0x08002a0d   Thumb Code    94  frictionwheel.o(i.DMA2_Stream1_IRQHandler)
    DMA_ClearFlag                            0x08002a7d   Thumb Code    38  stm32f4xx_dma.o(i.DMA_ClearFlag)
    DMA_ClearITPendingBit                    0x08002ab1   Thumb Code    38  stm32f4xx_dma.o(i.DMA_ClearITPendingBit)
    DMA_Cmd                                  0x08002ae5   Thumb Code    22  stm32f4xx_dma.o(i.DMA_Cmd)
    DMA_DeInit                               0x08002afd   Thumb Code   324  stm32f4xx_dma.o(i.DMA_DeInit)
    DMA_GetFlagStatus                        0x08002c55   Thumb Code    54  stm32f4xx_dma.o(i.DMA_GetFlagStatus)
    DMA_GetITStatus                          0x08002c99   Thumb Code    82  stm32f4xx_dma.o(i.DMA_GetITStatus)
    DMA_ITConfig                             0x08002cfd   Thumb Code    58  stm32f4xx_dma.o(i.DMA_ITConfig)
    DMA_Init                                 0x08002d39   Thumb Code    82  stm32f4xx_dma.o(i.DMA_Init)
    DebugMon_Handler                         0x08002d91   Thumb Code     2  stm32f4xx_it.o(i.DebugMon_Handler)
    FeedForward_Calc                         0x08002d93   Thumb Code    50  pid.o(i.FeedForward_Calc)
    FrictionBodanCan2Send                    0x08002dc5   Thumb Code   336  datasendtask.o(i.FrictionBodanCan2Send)
    FrictionSpeedChoose                      0x08002f25   Thumb Code    68  shoottask.o(i.FrictionSpeedChoose)
    FrictionWheel_Set                        0x08002f75   Thumb Code   202  frictionwheel.o(i.FrictionWheel_Set)
    FuzzyGyroGimbal_Act_Cal                  0x08003065   Thumb Code   602  gimbaltask.o(i.FuzzyGyroGimbal_Act_Cal)
    FuzzyMotorGimbal_Act_Cal                 0x08003311   Thumb Code   632  gimbaltask.o(i.FuzzyMotorGimbal_Act_Cal)
    FuzzyPID_Calc                            0x080035e5   Thumb Code   276  pid.o(i.FuzzyPID_Calc)
    GPIO_Init                                0x08003701   Thumb Code   144  stm32f4xx_gpio.o(i.GPIO_Init)
    GPIO_PinAFConfig                         0x08003791   Thumb Code    70  stm32f4xx_gpio.o(i.GPIO_PinAFConfig)
    GPIO_ResetBits                           0x080037d7   Thumb Code     4  stm32f4xx_gpio.o(i.GPIO_ResetBits)
    GPIO_SetBits                             0x080037db   Thumb Code     4  stm32f4xx_gpio.o(i.GPIO_SetBits)
    Get_CRC8_Check_Sum                       0x080037e1   Thumb Code    30  algorithmofcrc.o(i.Get_CRC8_Check_Sum)
    GimbalCan2Send                           0x08003805   Thumb Code   254  datasendtask.o(i.GimbalCan2Send)
    Gimbal_Armor_Cal                         0x08003911   Thumb Code   650  gimbaltask.o(i.Gimbal_Armor_Cal)
    Gimbal_Buff_Cal                          0x08003bfd   Thumb Code   544  gimbaltask.o(i.Gimbal_Buff_Cal)
    Gimbal_CurrentPid_Cal                    0x08003e71   Thumb Code   312  gimbaltask.o(i.Gimbal_CurrentPid_Cal)
    Gimbal_Powerdown_Cal                     0x08003fc9   Thumb Code   110  gimbaltask.o(i.Gimbal_Powerdown_Cal)
    Gimbal_SI_Cal                            0x08004061   Thumb Code   342  gimbaltask.o(i.Gimbal_SI_Cal)
    Gimbal_Test_Cal                          0x080041f5   Thumb Code   368  gimbaltask.o(i.Gimbal_Test_Cal)
    Gimbal_task                              0x080043a1   Thumb Code    88  gimbaltask.o(i.Gimbal_task)
    HardFault_Handler                        0x0800440d   Thumb Code     4  stm32f4xx_it.o(i.HardFault_Handler)
    IWDG_Config                              0x08004411   Thumb Code    36  iwdg.o(i.IWDG_Config)
    IWDG_Enable                              0x08004435   Thumb Code    10  stm32f4xx_iwdg.o(i.IWDG_Enable)
    IWDG_Feed                                0x08004445   Thumb Code     8  iwdg.o(i.IWDG_Feed)
    IWDG_ReloadCounter                       0x0800444d   Thumb Code    10  stm32f4xx_iwdg.o(i.IWDG_ReloadCounter)
    IWDG_SetPrescaler                        0x0800445d   Thumb Code     6  stm32f4xx_iwdg.o(i.IWDG_SetPrescaler)
    IWDG_SetReload                           0x08004469   Thumb Code     6  stm32f4xx_iwdg.o(i.IWDG_SetReload)
    IWDG_WriteAccessCmd                      0x08004475   Thumb Code     6  stm32f4xx_iwdg.o(i.IWDG_WriteAccessCmd)
    Infantry_Init                            0x08004481   Thumb Code   270  main.o(i.Infantry_Init)
    MemManage_Handler                        0x08004599   Thumb Code     4  stm32f4xx_it.o(i.MemManage_Handler)
    MicroSwConfigration                      0x0800459d   Thumb Code    44  microsw.o(i.MicroSwConfigration)
    ModeChoose_task                          0x080045cd   Thumb Code    36  actiontask.o(i.ModeChoose_task)
    NMI_Handler                              0x080045f9   Thumb Code     2  stm32f4xx_it.o(i.NMI_Handler)
    NVIC_Init                                0x080045fd   Thumb Code   106  misc.o(i.NVIC_Init)
    Offline_Check_task                       0x08004675   Thumb Code    10  main.o(i.Offline_Check_task)
    PCReceive                                0x08004681   Thumb Code   284  datareceivetask.o(i.PCReceive)
    PCReceive_task                           0x080047d5   Thumb Code   166  datareceivetask.o(i.PCReceive_task)
    PID_Calc                                 0x08004895   Thumb Code   366  pid.o(i.PID_Calc)
    PidGimbalMotor_Init                      0x08004a09   Thumb Code  1508  gimbaltask.o(i.PidGimbalMotor_Init)
    Pid_BodanMotor_Init                      0x08005019   Thumb Code   156  shoottask.o(i.Pid_BodanMotor_Init)
    Pid_ChassisPosition_Init                 0x080050e5   Thumb Code   232  chassistask.o(i.Pid_ChassisPosition_Init)
    Pid_Friction_Init                        0x080051ed   Thumb Code   208  shoottask.o(i.Pid_Friction_Init)
    Pluck_Speed_Choose                       0x080052d9   Thumb Code    26  shoottask.o(i.Pluck_Speed_Choose)
    RCC_AHB1PeriphClockCmd                   0x080052fd   Thumb Code    26  stm32f4xx_rcc.o(i.RCC_AHB1PeriphClockCmd)
    RCC_APB1PeriphClockCmd                   0x0800531d   Thumb Code    26  stm32f4xx_rcc.o(i.RCC_APB1PeriphClockCmd)
    RCC_APB1PeriphResetCmd                   0x0800533d   Thumb Code    26  stm32f4xx_rcc.o(i.RCC_APB1PeriphResetCmd)
    RCC_APB2PeriphClockCmd                   0x0800535d   Thumb Code    26  stm32f4xx_rcc.o(i.RCC_APB2PeriphClockCmd)
    RCC_GetClocksFreq                        0x0800537d   Thumb Code   214  stm32f4xx_rcc.o(i.RCC_GetClocksFreq)
    RCReceive_task                           0x08005465   Thumb Code    26  datareceivetask.o(i.RCReceive_task)
    RemoteReceive                            0x08005489   Thumb Code   452  datareceivetask.o(i.RemoteReceive)
    Robot_Init                               0x0800565d   Thumb Code    28  main.o(i.Robot_Init)
    Shoot_Check_Cal                          0x08005765   Thumb Code   104  shoottask.o(i.Shoot_Check_Cal)
    Shoot_Fire_Cal                           0x080057ed   Thumb Code   364  shoottask.o(i.Shoot_Fire_Cal)
    Shoot_Powerdown_Cal                      0x08005991   Thumb Code    56  shoottask.o(i.Shoot_Powerdown_Cal)
    Shoot_Test_Cal                           0x080059d9   Thumb Code   224  shoottask.o(i.Shoot_Test_Cal)
    Shoot_task                               0x08005ae5   Thumb Code   132  shoottask.o(i.Shoot_task)
    SteeringEngine_Configuration             0x08005b85   Thumb Code   172  steeringengine.o(i.SteeringEngine_Configuration)
    SteeringEngine_Set                       0x08005c3d   Thumb Code    46  steeringengine.o(i.SteeringEngine_Set)
    SysTick_Handler                          0x08005c7d   Thumb Code     8  stm32f4xx_it.o(i.SysTick_Handler)
    SystemInit                               0x08005c85   Thumb Code    88  system_stm32f4xx.o(i.SystemInit)
    TIM4_IRQHandler                          0x08005ced   Thumb Code    22  tim4.o(i.TIM4_IRQHandler)
    TIM7_Configuration                       0x08005d09   Thumb Code    90  tim7.o(i.TIM7_Configuration)
    TIM7_IRQHandler                          0x08005d69   Thumb Code    32  tim7.o(i.TIM7_IRQHandler)
    TIM_ARRPreloadConfig                     0x08005d91   Thumb Code    24  stm32f4xx_tim.o(i.TIM_ARRPreloadConfig)
    TIM_ClearFlag                            0x08005da9   Thumb Code     6  stm32f4xx_tim.o(i.TIM_ClearFlag)
    TIM_ClearITPendingBit                    0x08005daf   Thumb Code     6  stm32f4xx_tim.o(i.TIM_ClearITPendingBit)
    TIM_Cmd                                  0x08005db5   Thumb Code    24  stm32f4xx_tim.o(i.TIM_Cmd)
    TIM_CtrlPWMOutputs                       0x08005dcd   Thumb Code    30  stm32f4xx_tim.o(i.TIM_CtrlPWMOutputs)
    TIM_DMACmd                               0x08005deb   Thumb Code    18  stm32f4xx_tim.o(i.TIM_DMACmd)
    TIM_GetITStatus                          0x08005dfd   Thumb Code    34  stm32f4xx_tim.o(i.TIM_GetITStatus)
    TIM_ITConfig                             0x08005e1f   Thumb Code    18  stm32f4xx_tim.o(i.TIM_ITConfig)
    TIM_OC4Init                              0x08005e31   Thumb Code   112  stm32f4xx_tim.o(i.TIM_OC4Init)
    TIM_OC4PreloadConfig                     0x08005ea9   Thumb Code    26  stm32f4xx_tim.o(i.TIM_OC4PreloadConfig)
    TIM_SetCompare3                          0x08005ec3   Thumb Code     4  stm32f4xx_tim.o(i.TIM_SetCompare3)
    TIM_SetCompare4                          0x08005ec7   Thumb Code     4  stm32f4xx_tim.o(i.TIM_SetCompare4)
    TIM_TimeBaseInit                         0x08005ecd   Thumb Code   104  stm32f4xx_tim.o(i.TIM_TimeBaseInit)
    TX2_task                                 0x08005f51   Thumb Code    18  datasendtask.o(i.TX2_task)
    T_change                                 0x08005f65   Thumb Code   588  gimbaltask.o(i.T_change)
    USART1_Configuration                     0x080061f5   Thumb Code   276  usart1.o(i.USART1_Configuration)
    USART1_IRQHandler                        0x0800631d   Thumb Code    76  usart1.o(i.USART1_IRQHandler)
    USART2_Configuration                     0x08006379   Thumb Code   394  usart2.o(i.USART2_Configuration)
    USART6_SendtoPC                          0x08006519   Thumb Code   490  datasendtask.o(i.USART6_SendtoPC)
    USART_Cmd                                0x08006741   Thumb Code    24  stm32f4xx_usart.o(i.USART_Cmd)
    USART_DMACmd                             0x08006759   Thumb Code    18  stm32f4xx_usart.o(i.USART_DMACmd)
    USART_GetITStatus                        0x0800676b   Thumb Code    84  stm32f4xx_usart.o(i.USART_GetITStatus)
    USART_ITConfig                           0x080067bf   Thumb Code    74  stm32f4xx_usart.o(i.USART_ITConfig)
    USART_Init                               0x08006809   Thumb Code   204  stm32f4xx_usart.o(i.USART_Init)
    UsageFault_Handler                       0x080068dd   Thumb Code     4  stm32f4xx_it.o(i.UsageFault_Handler)
    VOFA_USART_Configuration                 0x080068e1   Thumb Code   348  uart4.o(i.VOFA_USART_Configuration)
    Verify_CRC8_Check_Sum                    0x08006a59   Thumb Code    50  algorithmofcrc.o(i.Verify_CRC8_Check_Sum)
    ZeroCheck                                0x08006a91   Thumb Code   186  zerochecktask.o(i.ZeroCheck)
    ZeroCheck_Init                           0x08006b59   Thumb Code   208  zerochecktask.o(i.ZeroCheck_Init)
    ZeroCheck_cal                            0x08006c61   Thumb Code   200  zerochecktask.o(i.ZeroCheck_cal)
    __ARM_fpclassify                         0x08006d5d   Thumb Code    48  fpclassify.o(i.__ARM_fpclassify)
    __hardfp_cos                             0x08006d91   Thumb Code   180  cos.o(i.__hardfp_cos)
    __hardfp_round                           0x08006e59   Thumb Code   194  round.o(i.__hardfp_round)
    __hardfp_sin                             0x08006f39   Thumb Code   180  sin.o(i.__hardfp_sin)
    __hardfp_tan                             0x08007001   Thumb Code   108  tan.o(i.__hardfp_tan)
    __ieee754_rem_pio2                       0x08007081   Thumb Code   938  rred.o(i.__ieee754_rem_pio2)
    __kernel_cos                             0x080074b9   Thumb Code   322  cos_i.o(i.__kernel_cos)
    __kernel_poly                            0x08007629   Thumb Code   248  poly.o(i.__kernel_poly)
    __kernel_sin                             0x08007721   Thumb Code   280  sin_i.o(i.__kernel_sin)
    __kernel_tan                             0x08007851   Thumb Code   764  tan_i.o(i.__kernel_tan)
    __mathlib_dbl_infnan                     0x08007ba1   Thumb Code    20  dunder.o(i.__mathlib_dbl_infnan)
    __mathlib_dbl_invalid                    0x08007bb9   Thumb Code    24  dunder.o(i.__mathlib_dbl_invalid)
    __mathlib_dbl_underflow                  0x08007bd9   Thumb Code    24  dunder.o(i.__mathlib_dbl_underflow)
    __scatterload_copy                       0x08007bf9   Thumb Code    14  handlers.o(i.__scatterload_copy)
    __scatterload_null                       0x08007c07   Thumb Code     2  handlers.o(i.__scatterload_null)
    __scatterload_zeroinit                   0x08007c09   Thumb Code    14  handlers.o(i.__scatterload_zeroinit)
    __set_errno                              0x08007c19   Thumb Code     6  errno.o(i.__set_errno)
    delay_ms                                 0x08007c25   Thumb Code    28  main.o(i.delay_ms)
    fabs                                     0x08007c41   Thumb Code    24  fabs.o(i.fabs)
    fuzzy                                    0x08007c59   Thumb Code   812  pid.o(i.fuzzy)
    get_F                                    0x08007f95   Thumb Code   312  gimbaltask.o(i.get_F)
    main                                     0x080080f1   Thumb Code    20  main.o(i.main)
    pvPortMalloc                             0x0800851d   Thumb Code   188  heap_4.o(i.pvPortMalloc)
    pxPortInitialiseStack                    0x080085ed   Thumb Code    38  port.o(i.pxPortInitialiseStack)
    startTast                                0x08008619   Thumb Code    24  start_task.o(i.startTast)
    start_task                               0x08008645   Thumb Code   182  start_task.o(i.start_task)
    ulTaskNotifyTake                         0x080087b9   Thumb Code   112  tasks.o(i.ulTaskNotifyTake)
    uxListRemove                             0x08008835   Thumb Code    40  list.o(i.uxListRemove)
    vListInitialise                          0x0800885d   Thumb Code    26  list.o(i.vListInitialise)
    vListInitialiseItem                      0x08008877   Thumb Code     6  list.o(i.vListInitialiseItem)
    vListInsert                              0x0800887d   Thumb Code    52  list.o(i.vListInsert)
    vListInsertEnd                           0x080088b1   Thumb Code    24  list.o(i.vListInsertEnd)
    vPortEnterCritical                       0x080088c9   Thumb Code    30  port.o(i.vPortEnterCritical)
    vPortExitCritical                        0x080088ed   Thumb Code    28  port.o(i.vPortExitCritical)
    vPortFree                                0x0800890d   Thumb Code    64  heap_4.o(i.vPortFree)
    vPortSetupTimerInterrupt                 0x08008955   Thumb Code    26  port.o(i.vPortSetupTimerInterrupt)
    vTaskDelay                               0x08008975   Thumb Code    46  tasks.o(i.vTaskDelay)
    vTaskDelayUntil                          0x080089a9   Thumb Code   106  tasks.o(i.vTaskDelayUntil)
    vTaskDelete                              0x08008a1d   Thumb Code   166  tasks.o(i.vTaskDelete)
    vTaskStartScheduler                      0x08008ae9   Thumb Code    76  tasks.o(i.vTaskStartScheduler)
    vTaskSuspendAll                          0x08008b55   Thumb Code    12  tasks.o(i.vTaskSuspendAll)
    vTaskSwitchContext                       0x08008b65   Thumb Code   128  tasks.o(i.vTaskSwitchContext)
    xPortStartScheduler                      0x08008c05   Thumb Code    58  port.o(i.xPortStartScheduler)
    xPortSysTickHandler                      0x08008c4d   Thumb Code    46  port.o(i.xPortSysTickHandler)
    xTaskCreate                              0x08008c81   Thumb Code    96  tasks.o(i.xTaskCreate)
    xTaskGenericNotify                       0x08008ce1   Thumb Code   178  tasks.o(i.xTaskGenericNotify)
    xTaskGetTickCount                        0x08008da5   Thumb Code     6  tasks.o(i.xTaskGetTickCount)
    xTaskGetTickCountFromISR                 0x08008db1   Thumb Code     8  tasks.o(i.xTaskGetTickCountFromISR)
    xTaskIncrementTick                       0x08008dbd   Thumb Code   238  tasks.o(i.xTaskIncrementTick)
    xTaskResumeAll                           0x08008ed9   Thumb Code   196  tasks.o(i.xTaskResumeAll)
    wCRC_Table                               0x0800920c   Data         512  algorithmofcrc.o(.constdata)
    CRC8_INIT                                0x0800940c   Data           1  algorithmofcrc.o(.constdata)
    CRC8_TAB                                 0x0800940d   Data         256  algorithmofcrc.o(.constdata)
    Region$$Table$$Base                      0x08009690   Number         0  anon$$obj.o(Region$$Table)
    Region$$Table$$Limit                     0x080096b0   Number         0  anon$$obj.o(Region$$Table)
    Robot_ID                                 0x20000000   Data           1  main.o(.data)
    run_time_check                           0x20000004   Data           4  main.o(.data)
    fric_flag                                0x20000008   Data           2  main.o(.data)
    Judge_Lost                               0x2000000a   Data           1  main.o(.data)
    Offline_Check_high_water                 0x2000000c   Data           4  main.o(.data)
    SystemCoreClock                          0x20000010   Data           4  system_stm32f4xx.o(.data)
    AHBPrescTable                            0x20000014   Data          16  system_stm32f4xx.o(.data)
    SRC_Buffer                               0x20000034   Data         128  frictionwheel.o(.data)
    bias_speed                               0x200000b4   Data           2  frictionwheel.o(.data)
    FrictionCurrent                          0x200000b6   Data           4  frictionwheel.o(.data)
    SHOOT_Speed                              0x200000bc   Data           4  frictionwheel.o(.data)
    magazineState                            0x200000c0   Data           1  steeringengine.o(.data)
    mag_place                                0x200000c4   Data           4  steeringengine.o(.data)
    accelerator                              0x200000c8   Data           4  tim4.o(.data)
    CPU_RunTime                              0x200000cc   Data           4  tim7.o(.data)
    Remote_Receive_Flag                      0x200000d0   Data           1  usart1.o(.data)
    PC_ReceiveFlag                           0x200000d8   Data           1  usart2.o(.data)
    CRC_INIT                                 0x200000e0   Data           2  algorithmofcrc.o(.data)
    sss                                      0x200000e2   Data           2  algorithmofcrc.o(.data)
    ChassisAct_Init_Flag                     0x200000e4   Data           2  chassistask.o(.data)
    Theta                                    0x200000e8   Data           4  chassistask.o(.data)
    SinTheTa                                 0x200000ec   Data           4  chassistask.o(.data)
    CosTheTa                                 0x200000f0   Data           4  chassistask.o(.data)
    TanTheTa                                 0x200000f4   Data           4  chassistask.o(.data)
    Theta0                                   0x200000f8   Data           4  chassistask.o(.data)
    Speed_Theta                              0x200000fc   Data           4  chassistask.o(.data)
    SelfProtect_Cross_Flag                   0x20000100   Data           1  chassistask.o(.data)
    ResetPos                                 0x20000104   Data           4  chassistask.o(.data)
    Be_shooted_flag                          0x20000108   Data           2  chassistask.o(.data)
    chassis                                  0x2000010a   Data           6  chassistask.o(.data)
    test_w                                   0x20000110   Data           2  chassistask.o(.data)
    SP_Theta                                 0x20000114   Data           4  chassistask.o(.data)
    CosSP_Theta                              0x20000118   Data           4  chassistask.o(.data)
    SinSP_Theta                              0x2000011c   Data           4  chassistask.o(.data)
    TanSP_Theta                              0x20000120   Data           4  chassistask.o(.data)
    SOLO_bias                                0x20000124   Data           2  chassistask.o(.data)
    SOLO_bias_max                            0x20000126   Data           2  chassistask.o(.data)
    H_pid                                    0x20000128   Data           2  chassistask.o(.data)
    L_pid                                    0x2000012a   Data           2  chassistask.o(.data)
    H_P                                      0x2000012c   Data           4  chassistask.o(.data)
    Bias_Angle                               0x20000130   Data           4  chassistask.o(.data)
    Chassis_high_water                       0x20000134   Data           4  chassistask.o(.data)
    BodanReceive                             0x20000138   Data           6  datareceivetask.o(.data)
    PitchMotor_ReceiveFlag                   0x2000013e   Data           1  datareceivetask.o(.data)
    FrictionReceive                          0x20000140   Data           4  datareceivetask.o(.data)
    PitchMotorReceive                        0x20000144   Data           4  datareceivetask.o(.data)
    YawMotorReceive                          0x20000148   Data           4  datareceivetask.o(.data)
    Chassis_ID                               0x2000014c   Data           1  datareceivetask.o(.data)
    crcNopass                                0x2000014e   Data           2  datareceivetask.o(.data)
    buffindex                                0x20000150   Data           2  datareceivetask.o(.data)
    error_cnt                                0x20000154   Data           4  datareceivetask.o(.data)
    YawMotorSpeed                            0x20000158   Data           2  datareceivetask.o(.data)
    PitchMotorSpeed                          0x2000015a   Data           2  datareceivetask.o(.data)
    gyro_receive                             0x2000015c   Data           4  datareceivetask.o(.data)
    pc_yaw                                   0x20000160   Data           4  datareceivetask.o(.data)
    pc_pitch                                 0x20000164   Data           2  datareceivetask.o(.data)
    pc_x                                     0x20000166   Data           2  datareceivetask.o(.data)
    pc_y                                     0x20000168   Data           2  datareceivetask.o(.data)
    pc_z                                     0x2000016a   Data           2  datareceivetask.o(.data)
    distance                                 0x2000016c   Data           2  datareceivetask.o(.data)
    armor_state                              0x2000016e   Data           2  datareceivetask.o(.data)
    aim_yaw                                  0x20000170   Data           4  datareceivetask.o(.data)
    aim_pitch                                0x20000174   Data           4  datareceivetask.o(.data)
    tx2_last_receive_flag                    0x20000178   Data           2  datareceivetask.o(.data)
    tx2_receive_flag                         0x2000017a   Data           1  datareceivetask.o(.data)
    temp1                                    0x2000017b   Data           1  datareceivetask.o(.data)
    temp2                                    0x2000017c   Data           1  datareceivetask.o(.data)
    temp3                                    0x2000017d   Data           1  datareceivetask.o(.data)
    Heat_LimitTick                           0x20000180   Data           4  datareceivetask.o(.data)
    sendTOPC_time                            0x20000184   Data           4  datasendtask.o(.data)
    Flag_use                                 0x20000188   Data           1  datasendtask.o(.data)
    pitch                                    0x2000018a   Data           2  datasendtask.o(.data)
    yaw                                      0x2000018c   Data           4  datasendtask.o(.data)
    down_sampling_rate                       0x20000190   Data           2  datasendtask.o(.data)
    PC_TX_num                                0x20000194   Data           4  datasendtask.o(.data)
    Debug_yaw                                0x20000198   Data           4  datasendtask.o(.data)
    pitch_send                               0x2000019c   Data           4  datasendtask.o(.data)
    TX2_high_water                           0x200001a0   Data           4  datasendtask.o(.data)
    Bodan_Pos                                0x200001a4   Data           4  zerochecktask.o(.data)
    MirocPosition                            0x200001a8   Data           4  shoottask.o(.data)
    FrictionWheel_speed                      0x200001ac   Data           2  shoottask.o(.data)
    BulletSpeed                              0x200001ae   Data           2  shoottask.o(.data)
    BodanMotorCurrent                        0x200001b0   Data           2  shoottask.o(.data)
    ShootAct_Init_Flag                       0x200001b2   Data           2  shoottask.o(.data)
    Shoot_Init_flag                          0x200001b4   Data           4  shoottask.o(.data)
    ShootContinue                            0x200001b8   Data           1  shoottask.o(.data)
    Onegrid                                  0x200001bc   Data           4  shoottask.o(.data)
    PullerSpeed                              0x200001c0   Data           2  shoottask.o(.data)
    checkPullerSpeed                         0x200001c2   Data           2  shoottask.o(.data)
    Reverse_Flag                             0x200001c4   Data           1  shoottask.o(.data)
    delay_time                               0x200001c8   Data           4  shoottask.o(.data)
    EnterAimTick                             0x200001cc   Data           4  shoottask.o(.data)
    nowAimTick                               0x200001d0   Data           4  shoottask.o(.data)
    Last_GimbalState                         0x200001d4   Data           2  shoottask.o(.data)
    Shoot_high_water                         0x200001d8   Data           4  shoottask.o(.data)
    Shoot_Power                              0x200001dc   Data           4  shoottask.o(.data)
    GimbalAct_Init_Flag                      0x200001e0   Data           2  gimbaltask.o(.data)
    YawCurrent                               0x200001e2   Data           2  gimbaltask.o(.data)
    PitchCurrent                             0x200001e4   Data           2  gimbaltask.o(.data)
    GimbalYawPos                             0x200001e8   Data           4  gimbaltask.o(.data)
    GimbalPitchPos                           0x200001ec   Data           4  gimbaltask.o(.data)
    Recent_Angle_Buff                        0x200001f0   Data           4  gimbaltask.o(.data)
    Recent_Yaw_Angle_Armor                   0x200001f4   Data           4  gimbaltask.o(.data)
    Recent_Pitch_Angle_Armor                 0x200001f8   Data           4  gimbaltask.o(.data)
    speed_limit                              0x200001fc   Data           4  gimbaltask.o(.data)
    Aim_Follow                               0x20000200   Data           1  gimbaltask.o(.data)
    Inte_z                                   0x20000204   Data           4  gimbaltask.o(.data)
    last_aim_yaw                             0x20000208   Data           4  gimbaltask.o(.data)
    F_Change_flag                            0x2000020c   Data           2  gimbaltask.o(.data)
    Gimbal_direct                            0x20000210   Data           4  gimbaltask.o(.data)
    T                                        0x20000214   Data           4  gimbaltask.o(.data)
    T_cnt                                    0x20000218   Data           4  gimbaltask.o(.data)
    T_Time_cnt                               0x2000021c   Data           4  gimbaltask.o(.data)
    F_cnt                                    0x20000220   Data           4  gimbaltask.o(.data)
    F_cnt_last                               0x20000224   Data           4  gimbaltask.o(.data)
    F                                        0x20000228   Data           4  gimbaltask.o(.data)
    Gimbal_high_water                        0x2000022c   Data           4  gimbaltask.o(.data)
    GGGG                                     0x20000230   Data           4  gimbaltask.o(.data)
    Mouse_Key_Flag                           0x20000238   Data           2  actiontask.o(.data)
    waitFlag                                 0x2000023a   Data          20  actiontask.o(.data)
    SpeedMode                                0x2000024e   Data           2  actiontask.o(.data)
    ctrl_rising_flag                         0x20000250   Data           2  actiontask.o(.data)
    pre_key_ctrl                             0x20000252   Data           2  actiontask.o(.data)
    v_rising_flag                            0x20000254   Data           2  actiontask.o(.data)
    pre_key_v                                0x20000256   Data           2  actiontask.o(.data)
    c_rising_flag                            0x20000258   Data           2  actiontask.o(.data)
    pre_key_c                                0x2000025a   Data           2  actiontask.o(.data)
    pre_key_e                                0x2000025c   Data           2  actiontask.o(.data)
    e_rising_flag                            0x2000025e   Data           2  actiontask.o(.data)
    x_rising_flag                            0x20000260   Data           2  actiontask.o(.data)
    pre_key_x                                0x20000262   Data           2  actiontask.o(.data)
    Press_Key_x_Flag                         0x20000264   Data           2  actiontask.o(.data)
    pre_key_b                                0x20000266   Data           2  actiontask.o(.data)
    q_rising_flag                            0x20000268   Data           2  actiontask.o(.data)
    b_rising_flag                            0x2000026a   Data           2  actiontask.o(.data)
    f_rising_flag                            0x2000026c   Data           2  actiontask.o(.data)
    g_rising_flag                            0x2000026e   Data           2  actiontask.o(.data)
    pre_key_f                                0x20000270   Data           2  actiontask.o(.data)
    mouse_Press_r_rising_flag                0x20000272   Data           2  actiontask.o(.data)
    pre_mouse_l                              0x20000274   Data           2  actiontask.o(.data)
    r_rising_flag                            0x20000276   Data           2  actiontask.o(.data)
    pre_key_r                                0x20000278   Data           2  actiontask.o(.data)
    z_rising_flag                            0x2000027a   Data           2  actiontask.o(.data)
    pre_key_z                                0x2000027c   Data           2  actiontask.o(.data)
    Press_Key_z_Flag                         0x2000027e   Data           2  actiontask.o(.data)
    pre_key_q                                0x20000280   Data           2  actiontask.o(.data)
    pre_key_g                                0x20000282   Data           2  actiontask.o(.data)
    pre_v_rising_flag                        0x20000284   Data           2  actiontask.o(.data)
    v_high_flag                              0x20000286   Data           2  actiontask.o(.data)
    q_flag                                   0x20000288   Data           1  actiontask.o(.data)
    f_flag                                   0x20000289   Data           1  actiontask.o(.data)
    HighFreq_flag                            0x2000028a   Data           1  actiontask.o(.data)
    k_slow                                   0x2000028b   Data           1  actiontask.o(.data)
    smallBuff_flag                           0x2000028c   Data           1  actiontask.o(.data)
    Turning_flag                             0x2000028e   Data           2  actiontask.o(.data)
    Graphic_Init_flag                        0x20000290   Data           1  actiontask.o(.data)
    Budan                                    0x20000291   Data           1  actiontask.o(.data)
    Buff_flag                                0x20000292   Data           1  actiontask.o(.data)
    PC_Sendflag                              0x20000294   Data           2  actiontask.o(.data)
    SteeringEngineDelay                      0x20000296   Data           2  actiontask.o(.data)
    Buff_Yaw_Motor                           0x20000298   Data           4  actiontask.o(.data)
    Buff_Init                                0x2000029c   Data           1  actiontask.o(.data)
    k_onegrid                                0x200002a0   Data           4  actiontask.o(.data)
    k_single                                 0x200002a4   Data           4  actiontask.o(.data)
    aaaa                                     0x200002a8   Data           2  actiontask.o(.data)
    ARMOR_FLAG                               0x200002aa   Data           1  actiontask.o(.data)
    Last_shift                               0x200002ab   Data           1  actiontask.o(.data)
    shift_press_flag                         0x200002ac   Data           1  actiontask.o(.data)
    shift_flag                               0x200002ad   Data           1  actiontask.o(.data)
    ReverseRotation                          0x200002ae   Data           1  actiontask.o(.data)
    ModeChoose_high_water                    0x200002b0   Data           4  actiontask.o(.data)
    CPU_high_water                           0x200002b8   Data           4  start_task.o(.data)
    RCReceiveTask_Handler                    0x200002d0   Data           4  start_task.o(.data)
    PCReceiveTask_Handler                    0x200002d4   Data           4  start_task.o(.data)
    pxCurrentTCB                             0x200002e8   Data           4  tasks.o(.data)
    NotifyValue                              0x2000032c   Data           4  tasks.o(.data)
    Infantry                                 0x20000350   Data          36  main.o(.bss)
    sbus_rx_buffer                           0x20000374   Data          18  usart1.o(.bss)
    VOFA_justfloat                           0x20000388   Data          40  uart4.o(.bss)
    VOFA_send_Data                           0x200003b0   Data          44  uart4.o(.bss)
    dma                                      0x200003dc   Data          60  uart4.o(.bss)
    PCbuffer                                 0x20000418   Data           9  usart2.o(.bss)
    OUT                                      0x20000424   Data          52  pid.o(.bss)
    pidChassisPosition                       0x20000458   Data          64  chassistask.o(.bss)
    pidChassisPosition_Speed                 0x20000498   Data          64  chassistask.o(.bss)
    SOLO_pidChassisPosition                  0x200004d8   Data          64  chassistask.o(.bss)
    FF_w                                     0x20000518   Data          20  chassistask.o(.bss)
    RC_Ctl                                   0x2000052c   Data          54  datareceivetask.o(.bss)
    GyroReceive                              0x20000564   Data          24  datareceivetask.o(.bss)
    F105                                     0x2000057c   Data          32  datareceivetask.o(.bss)
    PC_Receive                               0x2000059c   Data          20  datareceivetask.o(.bss)
    pitch_Kalman                             0x200005b0   Data         108  datareceivetask.o(.bss)
    yaw_Kalman                               0x2000061c   Data         108  datareceivetask.o(.bss)
    Robot_Disconnect                         0x20000688   Data          36  datareceivetask.o(.bss)
    tempPC                                   0x200006ac   Data           9  datareceivetask.o(.bss)
    SendToPC_Buff                            0x200006c8   Data          16  datasendtask.o(.bss)
    F405                                     0x200006d8   Data          12  datasendtask.o(.bss)
    Gimbal                                   0x200006e4   Data          24  zerochecktask.o(.bss)
    ZeroCheck_Pitch                          0x200006fc   Data          20  zerochecktask.o(.bss)
    ZeroCheck_Yaw                            0x20000710   Data          20  zerochecktask.o(.bss)
    ZeroCheck_Pitch_speed                    0x20000724   Data          20  zerochecktask.o(.bss)
    ZeroCheck_Yaw_speed                      0x20000738   Data          20  zerochecktask.o(.bss)
    ZeroCheck_BodanPos                       0x2000074c   Data          20  zerochecktask.o(.bss)
    ZeroCheck_BodanSpeed                     0x20000760   Data          20  zerochecktask.o(.bss)
    ZeroCheck_GyroYaw                        0x20000774   Data          20  zerochecktask.o(.bss)
    ZeroCheck_GyroPitch                      0x20000788   Data          20  zerochecktask.o(.bss)
    PidBodanMotorPos                         0x2000079c   Data          64  shoottask.o(.bss)
    PidBodanMotorSpeed                       0x200007dc   Data          64  shoottask.o(.bss)
    PidFrictionSpeed                         0x2000081c   Data         128  shoottask.o(.bss)
    FuzzyBodanMotorPos                       0x2000089c   Data          52  shoottask.o(.bss)
    inttoshort                               0x200008d0   Data          16  gimbaltask.o(.bss)
    PidPitchSpeed                            0x200008e0   Data          64  gimbaltask.o(.bss)
    PidPitchPos                              0x20000920   Data          64  gimbaltask.o(.bss)
    PidYawSpeed                              0x20000960   Data          64  gimbaltask.o(.bss)
    PidYawPos                                0x200009a0   Data          64  gimbaltask.o(.bss)
    PidPitchAidPos                           0x200009e0   Data          64  gimbaltask.o(.bss)
    PidPitchAidSpeed                         0x20000a20   Data          64  gimbaltask.o(.bss)
    PidYawAidPos                             0x20000a60   Data          64  gimbaltask.o(.bss)
    PidYawAidSpeed                           0x20000aa0   Data          64  gimbaltask.o(.bss)
    FuzzyPidPitchPos                         0x20000ae0   Data          52  gimbaltask.o(.bss)
    FuzzyAidPidPitchPos                      0x20000b14   Data          52  gimbaltask.o(.bss)
    FuzzyAidPidYawPos                        0x20000b48   Data          52  gimbaltask.o(.bss)
    Status                                   0x20000b7c   Data          20  actiontask.o(.bss)
    __initial_sp                             0x20003a78   Data           0  startup_stm32f40_41xxx.o(STACK)



==============================================================================

Memory Map of the image

  Image Entry point : 0x08000189

  Load Region LR_IROM1 (Base: 0x08000000, Size: 0x00009a00, Max: 0x00100000, ABSOLUTE, COMPRESSED[0x00009714])

    Execution Region ER_IROM1 (Exec base: 0x08000000, Load base: 0x08000000, Size: 0x000096b0, Max: 0x00100000, ABSOLUTE)

    Exec Addr    Load Addr    Size         Type   Attr      Idx    E Section Name        Object

    0x08000000   0x08000000   0x00000188   Data   RO          398    RESET               startup_stm32f40_41xxx.o
    0x08000188   0x08000188   0x00000000   Code   RO         5745  * .ARM.Collect$$$$00000000  mc_w.l(entry.o)
    0x08000188   0x08000188   0x00000004   Code   RO         6065    .ARM.Collect$$$$00000001  mc_w.l(entry2.o)
    0x0800018c   0x0800018c   0x00000004   Code   RO         6068    .ARM.Collect$$$$00000004  mc_w.l(entry5.o)
    0x08000190   0x08000190   0x00000000   Code   RO         6070    .ARM.Collect$$$$00000008  mc_w.l(entry7b.o)
    0x08000190   0x08000190   0x00000000   Code   RO         6072    .ARM.Collect$$$$0000000A  mc_w.l(entry8b.o)
    0x08000190   0x08000190   0x00000008   Code   RO         6073    .ARM.Collect$$$$0000000B  mc_w.l(entry9a.o)
    0x08000198   0x08000198   0x00000000   Code   RO         6075    .ARM.Collect$$$$0000000D  mc_w.l(entry10a.o)
    0x08000198   0x08000198   0x00000000   Code   RO         6077    .ARM.Collect$$$$0000000F  mc_w.l(entry11a.o)
    0x08000198   0x08000198   0x00000004   Code   RO         6066    .ARM.Collect$$$$00002712  mc_w.l(entry2.o)
    0x0800019c   0x0800019c   0x000000b6   Code   RO         5459    .emb_text           port.o
    0x08000252   0x08000252   0x00000002   PAD
    0x08000254   0x08000254   0x00000024   Code   RO          399    .text               startup_stm32f40_41xxx.o
    0x08000278   0x08000278   0x00000024   Code   RO         5748    .text               mc_w.l(memcpya.o)
    0x0800029c   0x0800029c   0x00000024   Code   RO         5750    .text               mc_w.l(memseta.o)
    0x080002c0   0x080002c0   0x000000e4   Code   RO         6019    .text               mf_w.l(dmul.o)
    0x080003a4   0x080003a4   0x000000de   Code   RO         6021    .text               mf_w.l(ddiv.o)
    0x08000482   0x08000482   0x00000022   Code   RO         6023    .text               mf_w.l(dflti.o)
    0x080004a4   0x080004a4   0x0000003e   Code   RO         6025    .text               mf_w.l(dfixi.o)
    0x080004e2   0x080004e2   0x00000026   Code   RO         6027    .text               mf_w.l(f2d.o)
    0x08000508   0x08000508   0x00000038   Code   RO         6029    .text               mf_w.l(d2f.o)
    0x08000540   0x08000540   0x00000020   Code   RO         6086    .text               mc_w.l(llushr.o)
    0x08000560   0x08000560   0x00000000   Code   RO         6095    .text               mc_w.l(iusefp.o)
    0x08000560   0x08000560   0x0000006e   Code   RO         6096    .text               mf_w.l(fepilogue.o)
    0x080005ce   0x080005ce   0x000000ba   Code   RO         6098    .text               mf_w.l(depilogue.o)
    0x08000688   0x08000688   0x0000014e   Code   RO         6100    .text               mf_w.l(dadd.o)
    0x080007d6   0x080007d6   0x00000002   PAD
    0x080007d8   0x080007d8   0x00000088   Code   RO         6104    .text               mf_w.l(drnd.o)
    0x08000860   0x08000860   0x00000030   Code   RO         6108    .text               mf_w.l(cdcmple.o)
    0x08000890   0x08000890   0x00000030   Code   RO         6110    .text               mf_w.l(cdrcmple.o)
    0x080008c0   0x080008c0   0x00000024   Code   RO         6122    .text               mc_w.l(init.o)
    0x080008e4   0x080008e4   0x0000001e   Code   RO         6125    .text               mc_w.l(llshl.o)
    0x08000902   0x08000902   0x00000024   Code   RO         6127    .text               mc_w.l(llsshr.o)
    0x08000926   0x08000926   0x0000001a   Code   RO         6130    .text               mf_w.l(dfltui.o)
    0x08000940   0x08000940   0x00000056   Code   RO         6140    .text               mc_w.l(__dczerorl2.o)
    0x08000996   0x08000996   0x00000024   Code   RO         4085    i.Append_CRC8_Check_Sum  algorithmofcrc.o
    0x080009ba   0x080009ba   0x00000002   PAD
    0x080009bc   0x080009bc   0x00000074   Code   RO          121    i.BSP_Init          main.o
    0x08000a30   0x08000a30   0x000000e0   Code   RO         4395    i.BodanMotor_CurrentPid_Cal  shoottask.o
    0x08000b10   0x08000b10   0x00000004   Code   RO            3    i.BusFault_Handler  stm32f4xx_it.o
    0x08000b14   0x08000b14   0x00000184   Code   RO         3507    i.CAN1_Configuration  can1.o
    0x08000c98   0x08000c98   0x00000034   Code   RO         3508    i.CAN1_RX0_IRQHandler  can1.o
    0x08000ccc   0x08000ccc   0x00000038   Code   RO         3509    i.CAN1_RX1_IRQHandler  can1.o
    0x08000d04   0x08000d04   0x0000001c   Code   RO         3510    i.CAN1_TX_IRQHandler  can1.o
    0x08000d20   0x08000d20   0x0000019c   Code   RO         3651    i.CAN2_Configuration  can2.o
    0x08000ebc   0x08000ebc   0x00000034   Code   RO         3652    i.CAN2_RX0_IRQHandler  can2.o
    0x08000ef0   0x08000ef0   0x00000034   Code   RO         3653    i.CAN2_RX1_IRQHandler  can2.o
    0x08000f24   0x08000f24   0x0000001c   Code   RO         3654    i.CAN2_TX_IRQHandler  can2.o
    0x08000f40   0x08000f40   0x000000a8   Code   RO          693    i.CAN_ClearITPendingBit  stm32f4xx_can.o
    0x08000fe8   0x08000fe8   0x00000038   Code   RO          695    i.CAN_DeInit        stm32f4xx_can.o
    0x08001020   0x08001020   0x00000108   Code   RO          697    i.CAN_FilterInit    stm32f4xx_can.o
    0x08001128   0x08001128   0x00000120   Code   RO          699    i.CAN_GetITStatus   stm32f4xx_can.o
    0x08001248   0x08001248   0x00000012   Code   RO          703    i.CAN_ITConfig      stm32f4xx_can.o
    0x0800125a   0x0800125a   0x00000114   Code   RO          704    i.CAN_Init          stm32f4xx_can.o
    0x0800136e   0x0800136e   0x000000f0   Code   RO          707    i.CAN_Receive       stm32f4xx_can.o
    0x0800145e   0x0800145e   0x00000020   Code   RO          710    i.CAN_StructInit    stm32f4xx_can.o
    0x0800147e   0x0800147e   0x00000126   Code   RO          712    i.CAN_Transmit      stm32f4xx_can.o
    0x080015a4   0x080015a4   0x00000040   Code   RO         4212    i.Can1Receive0      datareceivetask.o
    0x080015e4   0x080015e4   0x00000050   Code   RO         4213    i.Can1Receive1      datareceivetask.o
    0x08001634   0x08001634   0x00000128   Code   RO         4214    i.Can2Receive0      datareceivetask.o
    0x0800175c   0x0800175c   0x0000009c   Code   RO         4215    i.Can2Receive1      datareceivetask.o
    0x080017f8   0x080017f8   0x00000070   Code   RO         4292    i.ChassisCan1Send   datasendtask.o
    0x08001868   0x08001868   0x00000090   Code   RO         4138    i.ChassisPostionAngle_TranSform  chassistask.o
    0x080018f8   0x080018f8   0x000003dc   Code   RO         4139    i.Chassis_Act_Cal   chassistask.o
    0x08001cd4   0x08001cd4   0x00000114   Code   RO         4140    i.Chassis_CurrentPid_Cal  chassistask.o
    0x08001de8   0x08001de8   0x00000388   Code   RO         4141    i.Chassis_Jump_Cal  chassistask.o
    0x08002170   0x08002170   0x00000020   Code   RO         4142    i.Chassis_Powerdown_Cal  chassistask.o
    0x08002190   0x08002190   0x00000358   Code   RO         4143    i.Chassis_SelfProtect_Cal  chassistask.o
    0x080024e8   0x080024e8   0x000004a4   Code   RO         4144    i.Chassis_Solo_Cal  chassistask.o
    0x0800298c   0x0800298c   0x00000012   Code   RO         4145    i.Chassis_task      chassistask.o
    0x0800299e   0x0800299e   0x00000012   Code   RO          715    i.CheckITStatus     stm32f4xx_can.o
    0x080029b0   0x080029b0   0x00000028   Code   RO         3945    i.DMA1_Stream4_IRQHandler  uart4.o
    0x080029d8   0x080029d8   0x00000034   Code   RO         3981    i.DMA1_Stream5_IRQHandler  usart2.o
    0x08002a0c   0x08002a0c   0x00000070   Code   RO         3689    i.DMA2_Stream1_IRQHandler  frictionwheel.o
    0x08002a7c   0x08002a7c   0x00000034   Code   RO         1026    i.DMA_ClearFlag     stm32f4xx_dma.o
    0x08002ab0   0x08002ab0   0x00000034   Code   RO         1027    i.DMA_ClearITPendingBit  stm32f4xx_dma.o
    0x08002ae4   0x08002ae4   0x00000016   Code   RO         1028    i.DMA_Cmd           stm32f4xx_dma.o
    0x08002afa   0x08002afa   0x00000002   PAD
    0x08002afc   0x08002afc   0x00000158   Code   RO         1029    i.DMA_DeInit        stm32f4xx_dma.o
    0x08002c54   0x08002c54   0x00000044   Code   RO         1037    i.DMA_GetFlagStatus  stm32f4xx_dma.o
    0x08002c98   0x08002c98   0x00000064   Code   RO         1038    i.DMA_GetITStatus   stm32f4xx_dma.o
    0x08002cfc   0x08002cfc   0x0000003a   Code   RO         1039    i.DMA_ITConfig      stm32f4xx_dma.o
    0x08002d36   0x08002d36   0x00000002   PAD
    0x08002d38   0x08002d38   0x00000058   Code   RO         1040    i.DMA_Init          stm32f4xx_dma.o
    0x08002d90   0x08002d90   0x00000002   Code   RO            4    i.DebugMon_Handler  stm32f4xx_it.o
    0x08002d92   0x08002d92   0x00000032   Code   RO         4012    i.FeedForward_Calc  pid.o
    0x08002dc4   0x08002dc4   0x00000160   Code   RO         4294    i.FrictionBodanCan2Send  datasendtask.o
    0x08002f24   0x08002f24   0x00000050   Code   RO         4396    i.FrictionSpeedChoose  shoottask.o
    0x08002f74   0x08002f74   0x000000f0   Code   RO         3691    i.FrictionWheel_Set  frictionwheel.o
    0x08003064   0x08003064   0x000002ac   Code   RO         4474    i.FuzzyGyroGimbal_Act_Cal  gimbaltask.o
    0x08003310   0x08003310   0x000002d4   Code   RO         4475    i.FuzzyMotorGimbal_Act_Cal  gimbaltask.o
    0x080035e4   0x080035e4   0x0000011c   Code   RO         4013    i.FuzzyPID_Calc     pid.o
    0x08003700   0x08003700   0x00000090   Code   RO         1503    i.GPIO_Init         stm32f4xx_gpio.o
    0x08003790   0x08003790   0x00000046   Code   RO         1504    i.GPIO_PinAFConfig  stm32f4xx_gpio.o
    0x080037d6   0x080037d6   0x00000004   Code   RO         1510    i.GPIO_ResetBits    stm32f4xx_gpio.o
    0x080037da   0x080037da   0x00000004   Code   RO         1511    i.GPIO_SetBits      stm32f4xx_gpio.o
    0x080037de   0x080037de   0x00000002   PAD
    0x080037e0   0x080037e0   0x00000024   Code   RO         4087    i.Get_CRC8_Check_Sum  algorithmofcrc.o
    0x08003804   0x08003804   0x0000010c   Code   RO         4295    i.GimbalCan2Send    datasendtask.o
    0x08003910   0x08003910   0x000002ec   Code   RO         4476    i.Gimbal_Armor_Cal  gimbaltask.o
    0x08003bfc   0x08003bfc   0x00000274   Code   RO         4477    i.Gimbal_Buff_Cal   gimbaltask.o
    0x08003e70   0x08003e70   0x00000158   Code   RO         4478    i.Gimbal_CurrentPid_Cal  gimbaltask.o
    0x08003fc8   0x08003fc8   0x00000098   Code   RO         4479    i.Gimbal_Powerdown_Cal  gimbaltask.o
    0x08004060   0x08004060   0x00000194   Code   RO         4480    i.Gimbal_SI_Cal     gimbaltask.o
    0x080041f4   0x080041f4   0x000001ac   Code   RO         4481    i.Gimbal_Test_Cal   gimbaltask.o
    0x080043a0   0x080043a0   0x0000006c   Code   RO         4482    i.Gimbal_task       gimbaltask.o
    0x0800440c   0x0800440c   0x00000004   Code   RO            5    i.HardFault_Handler  stm32f4xx_it.o
    0x08004410   0x08004410   0x00000024   Code   RO         3725    i.IWDG_Config       iwdg.o
    0x08004434   0x08004434   0x00000010   Code   RO         1827    i.IWDG_Enable       stm32f4xx_iwdg.o
    0x08004444   0x08004444   0x00000008   Code   RO         3726    i.IWDG_Feed         iwdg.o
    0x0800444c   0x0800444c   0x00000010   Code   RO         1829    i.IWDG_ReloadCounter  stm32f4xx_iwdg.o
    0x0800445c   0x0800445c   0x0000000c   Code   RO         1830    i.IWDG_SetPrescaler  stm32f4xx_iwdg.o
    0x08004468   0x08004468   0x0000000c   Code   RO         1831    i.IWDG_SetReload    stm32f4xx_iwdg.o
    0x08004474   0x08004474   0x0000000c   Code   RO         1832    i.IWDG_WriteAccessCmd  stm32f4xx_iwdg.o
    0x08004480   0x08004480   0x00000118   Code   RO          122    i.Infantry_Init     main.o
    0x08004598   0x08004598   0x00000004   Code   RO            6    i.MemManage_Handler  stm32f4xx_it.o
    0x0800459c   0x0800459c   0x00000030   Code   RO         3751    i.MicroSwConfigration  microsw.o
    0x080045cc   0x080045cc   0x0000002c   Code   RO         4565    i.ModeChoose_task   actiontask.o
    0x080045f8   0x080045f8   0x00000002   Code   RO            7    i.NMI_Handler       stm32f4xx_it.o
    0x080045fa   0x080045fa   0x00000002   PAD
    0x080045fc   0x080045fc   0x00000078   Code   RO          405    i.NVIC_Init         misc.o
    0x08004674   0x08004674   0x0000000a   Code   RO          123    i.Offline_Check_task  main.o
    0x0800467e   0x0800467e   0x00000002   PAD
    0x08004680   0x08004680   0x00000154   Code   RO         4217    i.PCReceive         datareceivetask.o
    0x080047d4   0x080047d4   0x000000c0   Code   RO         4218    i.PCReceive_task    datareceivetask.o
    0x08004894   0x08004894   0x00000174   Code   RO         4014    i.PID_Calc          pid.o
    0x08004a08   0x08004a08   0x00000610   Code   RO         4483    i.PidGimbalMotor_Init  gimbaltask.o
    0x08005018   0x08005018   0x000000cc   Code   RO         4397    i.Pid_BodanMotor_Init  shoottask.o
    0x080050e4   0x080050e4   0x00000108   Code   RO         4146    i.Pid_ChassisPosition_Init  chassistask.o
    0x080051ec   0x080051ec   0x000000ec   Code   RO         4398    i.Pid_Friction_Init  shoottask.o
    0x080052d8   0x080052d8   0x00000024   Code   RO         4399    i.Pluck_Speed_Choose  shoottask.o
    0x080052fc   0x080052fc   0x00000020   Code   RO         1880    i.RCC_AHB1PeriphClockCmd  stm32f4xx_rcc.o
    0x0800531c   0x0800531c   0x00000020   Code   RO         1889    i.RCC_APB1PeriphClockCmd  stm32f4xx_rcc.o
    0x0800533c   0x0800533c   0x00000020   Code   RO         1891    i.RCC_APB1PeriphResetCmd  stm32f4xx_rcc.o
    0x0800535c   0x0800535c   0x00000020   Code   RO         1892    i.RCC_APB2PeriphClockCmd  stm32f4xx_rcc.o
    0x0800537c   0x0800537c   0x000000e8   Code   RO         1901    i.RCC_GetClocksFreq  stm32f4xx_rcc.o
    0x08005464   0x08005464   0x00000024   Code   RO         4219    i.RCReceive_task    datareceivetask.o
    0x08005488   0x08005488   0x000001d4   Code   RO         4221    i.RemoteReceive     datareceivetask.o
    0x0800565c   0x0800565c   0x0000001c   Code   RO          124    i.Robot_Init        main.o
    0x08005678   0x08005678   0x000000ec   Code   RO          361    i.SetSysClock       system_stm32f4xx.o
    0x08005764   0x08005764   0x00000088   Code   RO         4400    i.Shoot_Check_Cal   shoottask.o
    0x080057ec   0x080057ec   0x000001a4   Code   RO         4401    i.Shoot_Fire_Cal    shoottask.o
    0x08005990   0x08005990   0x00000048   Code   RO         4402    i.Shoot_Powerdown_Cal  shoottask.o
    0x080059d8   0x080059d8   0x0000010c   Code   RO         4403    i.Shoot_Test_Cal    shoottask.o
    0x08005ae4   0x08005ae4   0x000000a0   Code   RO         4404    i.Shoot_task        shoottask.o
    0x08005b84   0x08005b84   0x000000b8   Code   RO         3771    i.SteeringEngine_Configuration  steeringengine.o
    0x08005c3c   0x08005c3c   0x00000040   Code   RO         3772    i.SteeringEngine_Set  steeringengine.o
    0x08005c7c   0x08005c7c   0x00000008   Code   RO            8    i.SysTick_Handler   stm32f4xx_it.o
    0x08005c84   0x08005c84   0x00000068   Code   RO          363    i.SystemInit        system_stm32f4xx.o
    0x08005cec   0x08005cec   0x0000001c   Code   RO         3801    i.TIM4_IRQHandler   tim4.o
    0x08005d08   0x08005d08   0x00000060   Code   RO         3830    i.TIM7_Configuration  tim7.o
    0x08005d68   0x08005d68   0x00000028   Code   RO         3831    i.TIM7_IRQHandler   tim7.o
    0x08005d90   0x08005d90   0x00000018   Code   RO         2696    i.TIM_ARRPreloadConfig  stm32f4xx_tim.o
    0x08005da8   0x08005da8   0x00000006   Code   RO         2702    i.TIM_ClearFlag     stm32f4xx_tim.o
    0x08005dae   0x08005dae   0x00000006   Code   RO         2703    i.TIM_ClearITPendingBit  stm32f4xx_tim.o
    0x08005db4   0x08005db4   0x00000018   Code   RO         2708    i.TIM_Cmd           stm32f4xx_tim.o
    0x08005dcc   0x08005dcc   0x0000001e   Code   RO         2710    i.TIM_CtrlPWMOutputs  stm32f4xx_tim.o
    0x08005dea   0x08005dea   0x00000012   Code   RO         2711    i.TIM_DMACmd        stm32f4xx_tim.o
    0x08005dfc   0x08005dfc   0x00000022   Code   RO         2729    i.TIM_GetITStatus   stm32f4xx_tim.o
    0x08005e1e   0x08005e1e   0x00000012   Code   RO         2733    i.TIM_ITConfig      stm32f4xx_tim.o
    0x08005e30   0x08005e30   0x00000078   Code   RO         2752    i.TIM_OC4Init       stm32f4xx_tim.o
    0x08005ea8   0x08005ea8   0x0000001a   Code   RO         2754    i.TIM_OC4PreloadConfig  stm32f4xx_tim.o
    0x08005ec2   0x08005ec2   0x00000004   Code   RO         2772    i.TIM_SetCompare3   stm32f4xx_tim.o
    0x08005ec6   0x08005ec6   0x00000004   Code   RO         2773    i.TIM_SetCompare4   stm32f4xx_tim.o
    0x08005eca   0x08005eca   0x00000002   PAD
    0x08005ecc   0x08005ecc   0x00000084   Code   RO         2780    i.TIM_TimeBaseInit  stm32f4xx_tim.o
    0x08005f50   0x08005f50   0x00000012   Code   RO         4296    i.TX2_task          datasendtask.o
    0x08005f62   0x08005f62   0x00000002   PAD
    0x08005f64   0x08005f64   0x00000290   Code   RO         4484    i.T_change          gimbaltask.o
    0x080061f4   0x080061f4   0x00000128   Code   RO         3862    i.USART1_Configuration  usart1.o
    0x0800631c   0x0800631c   0x0000005c   Code   RO         3863    i.USART1_IRQHandler  usart1.o
    0x08006378   0x08006378   0x000001a0   Code   RO         3982    i.USART2_Configuration  usart2.o
    0x08006518   0x08006518   0x00000228   Code   RO         4298    i.USART6_SendtoPC   datasendtask.o
    0x08006740   0x08006740   0x00000018   Code   RO         3258    i.USART_Cmd         stm32f4xx_usart.o
    0x08006758   0x08006758   0x00000012   Code   RO         3259    i.USART_DMACmd      stm32f4xx_usart.o
    0x0800676a   0x0800676a   0x00000054   Code   RO         3262    i.USART_GetITStatus  stm32f4xx_usart.o
    0x080067be   0x080067be   0x0000004a   Code   RO         3264    i.USART_ITConfig    stm32f4xx_usart.o
    0x08006808   0x08006808   0x000000d4   Code   RO         3265    i.USART_Init        stm32f4xx_usart.o
    0x080068dc   0x080068dc   0x00000004   Code   RO            9    i.UsageFault_Handler  stm32f4xx_it.o
    0x080068e0   0x080068e0   0x00000178   Code   RO         3947    i.VOFA_USART_Configuration  uart4.o
    0x08006a58   0x08006a58   0x00000038   Code   RO         4089    i.Verify_CRC8_Check_Sum  algorithmofcrc.o
    0x08006a90   0x08006a90   0x000000c8   Code   RO         4358    i.ZeroCheck         zerochecktask.o
    0x08006b58   0x08006b58   0x00000108   Code   RO         4359    i.ZeroCheck_Init    zerochecktask.o
    0x08006c60   0x08006c60   0x000000fc   Code   RO         4360    i.ZeroCheck_cal     zerochecktask.o
    0x08006d5c   0x08006d5c   0x00000030   Code   RO         6118    i.__ARM_fpclassify  m_wm.l(fpclassify.o)
    0x08006d8c   0x08006d8c   0x00000004   PAD
    0x08006d90   0x08006d90   0x000000c8   Code   RO         5705    i.__hardfp_cos      m_wm.l(cos.o)
    0x08006e58   0x08006e58   0x000000e0   Code   RO         5717    i.__hardfp_round    m_wm.l(round.o)
    0x08006f38   0x08006f38   0x000000c8   Code   RO         5721    i.__hardfp_sin      m_wm.l(sin.o)
    0x08007000   0x08007000   0x00000080   Code   RO         5733    i.__hardfp_tan      m_wm.l(tan.o)
    0x08007080   0x08007080   0x00000438   Code   RO         6048    i.__ieee754_rem_pio2  m_wm.l(rred.o)
    0x080074b8   0x080074b8   0x00000170   Code   RO         6031    i.__kernel_cos      m_wm.l(cos_i.o)
    0x08007628   0x08007628   0x000000f8   Code   RO         6120    i.__kernel_poly     m_wm.l(poly.o)
    0x08007720   0x08007720   0x00000130   Code   RO         6053    i.__kernel_sin      m_wm.l(sin_i.o)
    0x08007850   0x08007850   0x00000350   Code   RO         6059    i.__kernel_tan      m_wm.l(tan_i.o)
    0x08007ba0   0x08007ba0   0x00000014   Code   RO         6035    i.__mathlib_dbl_infnan  m_wm.l(dunder.o)
    0x08007bb4   0x08007bb4   0x00000004   PAD
    0x08007bb8   0x08007bb8   0x00000020   Code   RO         6037    i.__mathlib_dbl_invalid  m_wm.l(dunder.o)
    0x08007bd8   0x08007bd8   0x00000020   Code   RO         6040    i.__mathlib_dbl_underflow  m_wm.l(dunder.o)
    0x08007bf8   0x08007bf8   0x0000000e   Code   RO         6134    i.__scatterload_copy  mc_w.l(handlers.o)
    0x08007c06   0x08007c06   0x00000002   Code   RO         6135    i.__scatterload_null  mc_w.l(handlers.o)
    0x08007c08   0x08007c08   0x0000000e   Code   RO         6136    i.__scatterload_zeroinit  mc_w.l(handlers.o)
    0x08007c16   0x08007c16   0x00000002   PAD
    0x08007c18   0x08007c18   0x0000000c   Code   RO         6090    i.__set_errno       mc_w.l(errno.o)
    0x08007c24   0x08007c24   0x0000001c   Code   RO          125    i.delay_ms          main.o
    0x08007c40   0x08007c40   0x00000018   Code   RO         6114    i.fabs              m_wm.l(fabs.o)
    0x08007c58   0x08007c58   0x0000033c   Code   RO         4015    i.fuzzy             pid.o
    0x08007f94   0x08007f94   0x0000015c   Code   RO         4485    i.get_F             gimbaltask.o
    0x080080f0   0x080080f0   0x00000014   Code   RO          127    i.main              main.o
    0x08008104   0x08008104   0x00000098   Code   RO         5041    i.prvAddCurrentTaskToDelayedList  tasks.o
    0x0800819c   0x0800819c   0x000000b8   Code   RO         5042    i.prvAddNewTaskToReadyList  tasks.o
    0x08008254   0x08008254   0x00000064   Code   RO         5043    i.prvCheckTasksWaitingTermination  tasks.o
    0x080082b8   0x080082b8   0x00000012   Code   RO         5044    i.prvDeleteTCB      tasks.o
    0x080082ca   0x080082ca   0x00000002   PAD
    0x080082cc   0x080082cc   0x0000007c   Code   RO         5402    i.prvHeapInit       heap_4.o
    0x08008348   0x08008348   0x00000028   Code   RO         5045    i.prvIdleTask       tasks.o
    0x08008370   0x08008370   0x00000090   Code   RO         5046    i.prvInitialiseNewTask  tasks.o
    0x08008400   0x08008400   0x00000068   Code   RO         5047    i.prvInitialiseTaskLists  tasks.o
    0x08008468   0x08008468   0x00000068   Code   RO         5403    i.prvInsertBlockIntoFreeList  heap_4.o
    0x080084d0   0x080084d0   0x00000034   Code   RO         5049    i.prvResetNextTaskUnblockTime  tasks.o
    0x08008504   0x08008504   0x00000016   Code   RO         5460    i.prvTaskExitError  port.o
    0x0800851a   0x0800851a   0x00000002   PAD
    0x0800851c   0x0800851c   0x000000d0   Code   RO         5404    i.pvPortMalloc      heap_4.o
    0x080085ec   0x080085ec   0x0000002c   Code   RO         5461    i.pxPortInitialiseStack  port.o
    0x08008618   0x08008618   0x0000002c   Code   RO         4632    i.startTast         start_task.o
    0x08008644   0x08008644   0x00000174   Code   RO         4633    i.start_task        start_task.o
    0x080087b8   0x080087b8   0x0000007c   Code   RO         5053    i.ulTaskNotifyTake  tasks.o
    0x08008834   0x08008834   0x00000028   Code   RO         4822    i.uxListRemove      list.o
    0x0800885c   0x0800885c   0x0000001a   Code   RO         4823    i.vListInitialise   list.o
    0x08008876   0x08008876   0x00000006   Code   RO         4824    i.vListInitialiseItem  list.o
    0x0800887c   0x0800887c   0x00000034   Code   RO         4825    i.vListInsert       list.o
    0x080088b0   0x080088b0   0x00000018   Code   RO         4826    i.vListInsertEnd    list.o
    0x080088c8   0x080088c8   0x00000024   Code   RO         5463    i.vPortEnterCritical  port.o
    0x080088ec   0x080088ec   0x00000020   Code   RO         5464    i.vPortExitCritical  port.o
    0x0800890c   0x0800890c   0x00000048   Code   RO         5405    i.vPortFree         heap_4.o
    0x08008954   0x08008954   0x00000020   Code   RO         5465    i.vPortSetupTimerInterrupt  port.o
    0x08008974   0x08008974   0x00000034   Code   RO         5060    i.vTaskDelay        tasks.o
    0x080089a8   0x080089a8   0x00000074   Code   RO         5061    i.vTaskDelayUntil   tasks.o
    0x08008a1c   0x08008a1c   0x000000cc   Code   RO         5062    i.vTaskDelete       tasks.o
    0x08008ae8   0x08008ae8   0x0000006c   Code   RO         5075    i.vTaskStartScheduler  tasks.o
    0x08008b54   0x08008b54   0x00000010   Code   RO         5077    i.vTaskSuspendAll   tasks.o
    0x08008b64   0x08008b64   0x000000a0   Code   RO         5078    i.vTaskSwitchContext  tasks.o
    0x08008c04   0x08008c04   0x00000048   Code   RO         5466    i.xPortStartScheduler  port.o
    0x08008c4c   0x08008c4c   0x00000034   Code   RO         5467    i.xPortSysTickHandler  port.o
    0x08008c80   0x08008c80   0x00000060   Code   RO         5080    i.xTaskCreate       tasks.o
    0x08008ce0   0x08008ce0   0x000000c4   Code   RO         5081    i.xTaskGenericNotify  tasks.o
    0x08008da4   0x08008da4   0x0000000c   Code   RO         5084    i.xTaskGetTickCount  tasks.o
    0x08008db0   0x08008db0   0x0000000c   Code   RO         5085    i.xTaskGetTickCountFromISR  tasks.o
    0x08008dbc   0x08008dbc   0x0000011c   Code   RO         5086    i.xTaskIncrementTick  tasks.o
    0x08008ed8   0x08008ed8   0x000000e8   Code   RO         5091    i.xTaskResumeAll    tasks.o
    0x08008fc0   0x08008fc0   0x0000024c   Data   RO         4017    .constdata          pid.o
    0x0800920c   0x0800920c   0x00000301   Data   RO         4090    .constdata          algorithmofcrc.o
    0x0800950d   0x0800950d   0x00000003   PAD
    0x08009510   0x08009510   0x00000030   Data   RO         6032    .constdata          m_wm.l(cos_i.o)
    0x08009540   0x08009540   0x000000c8   Data   RO         6050    .constdata          m_wm.l(rred.o)
    0x08009608   0x08009608   0x00000028   Data   RO         6054    .constdata          m_wm.l(sin_i.o)
    0x08009630   0x08009630   0x00000060   Data   RO         6060    .constdata          m_wm.l(tan_i.o)
    0x08009690   0x08009690   0x00000020   Data   RO         6132    Region$$Table       anon$$obj.o


    Execution Region RW_IRAM1 (Exec base: 0x20000000, Load base: 0x080096b0, Size: 0x00003a78, Max: 0x00020000, ABSOLUTE, COMPRESSED[0x00000064])

    Exec Addr    Load Addr    Size         Type   Attr      Idx    E Section Name        Object

    0x20000000   COMPRESSED   0x00000010   Data   RW          129    .data               main.o
    0x20000010   COMPRESSED   0x00000014   Data   RW          364    .data               system_stm32f4xx.o
    0x20000024   COMPRESSED   0x00000010   Data   RW         1933    .data               stm32f4xx_rcc.o
    0x20000034   COMPRESSED   0x0000008c   Data   RW         3692    .data               frictionwheel.o
    0x200000c0   COMPRESSED   0x00000008   Data   RW         3773    .data               steeringengine.o
    0x200000c8   COMPRESSED   0x00000004   Data   RW         3803    .data               tim4.o
    0x200000cc   COMPRESSED   0x00000004   Data   RW         3832    .data               tim7.o
    0x200000d0   COMPRESSED   0x00000008   Data   RW         3865    .data               usart1.o
    0x200000d8   COMPRESSED   0x00000001   Data   RW         3984    .data               usart2.o
    0x200000d9   COMPRESSED   0x00000003   PAD
    0x200000dc   COMPRESSED   0x00000004   Data   RW         4018    .data               pid.o
    0x200000e0   COMPRESSED   0x00000004   Data   RW         4091    .data               algorithmofcrc.o
    0x200000e4   COMPRESSED   0x00000054   Data   RW         4149    .data               chassistask.o
    0x20000138   COMPRESSED   0x0000004c   Data   RW         4223    .data               datareceivetask.o
    0x20000184   COMPRESSED   0x00000020   Data   RW         4300    .data               datasendtask.o
    0x200001a4   COMPRESSED   0x00000004   Data   RW         4362    .data               zerochecktask.o
    0x200001a8   COMPRESSED   0x00000038   Data   RW         4406    .data               shoottask.o
    0x200001e0   COMPRESSED   0x00000058   Data   RW         4487    .data               gimbaltask.o
    0x20000238   COMPRESSED   0x00000080   Data   RW         4573    .data               actiontask.o
    0x200002b8   COMPRESSED   0x0000002e   Data   RW         4635    .data               start_task.o
    0x200002e6   COMPRESSED   0x00000002   PAD
    0x200002e8   COMPRESSED   0x00000048   Data   RW         5094    .data               tasks.o
    0x20000330   COMPRESSED   0x00000018   Data   RW         5410    .data               heap_4.o
    0x20000348   COMPRESSED   0x00000004   Data   RW         5468    .data               port.o
    0x2000034c   COMPRESSED   0x00000004   Data   RW         6091    .data               mc_w.l(errno.o)
    0x20000350        -       0x00000024   Zero   RW          128    .bss                main.o
    0x20000374        -       0x00000012   Zero   RW         3864    .bss                usart1.o
    0x20000386   COMPRESSED   0x00000002   PAD
    0x20000388        -       0x00000090   Zero   RW         3948    .bss                uart4.o
    0x20000418        -       0x00000009   Zero   RW         3983    .bss                usart2.o
    0x20000421   COMPRESSED   0x00000003   PAD
    0x20000424        -       0x00000034   Zero   RW         4016    .bss                pid.o
    0x20000458        -       0x000000d4   Zero   RW         4147    .bss                chassistask.o
    0x2000052c        -       0x0000019b   Zero   RW         4222    .bss                datareceivetask.o
    0x200006c7   COMPRESSED   0x00000001   PAD
    0x200006c8        -       0x0000001c   Zero   RW         4299    .bss                datasendtask.o
    0x200006e4        -       0x000000b8   Zero   RW         4361    .bss                zerochecktask.o
    0x2000079c        -       0x00000134   Zero   RW         4405    .bss                shoottask.o
    0x200008d0        -       0x000002ac   Zero   RW         4486    .bss                gimbaltask.o
    0x20000b7c        -       0x00000014   Zero   RW         4572    .bss                actiontask.o
    0x20000b90        -       0x000002e4   Zero   RW         5093    .bss                tasks.o
    0x20000e74        -       0x00002800   Zero   RW         5409    .bss                heap_4.o
    0x20003674   COMPRESSED   0x00000004   PAD
    0x20003678        -       0x00000400   Zero   RW          396    STACK               startup_stm32f40_41xxx.o


==============================================================================

Image component sizes


      Code (inc. data)   RO Data    RW Data    ZI Data      Debug   Object Name

        44          8          0        128         20       5155   actiontask.o
       128         12        769          4          0       3094   algorithmofcrc.o
       524         22          0          0          0      34958   can1.o
       544         24          0          0          0       2538   can2.o
      4670        408          0         84        212       7983   chassistask.o
      1632        182          0         76        411       7731   datareceivetask.o
      1302        100          0         32         28       5565   datasendtask.o
         0          0          0          0          0       1472   event_groups.o
       352         56          0        140          0       2196   frictionwheel.o
      6776        850          0         88        684      11650   gimbaltask.o
       508         62          0         24      10240       4059   heap_4.o
        44          0          0          0          0       1106   iwdg.o
       148          0          0          0          0       3434   list.o
       482         16          0         16         36      13984   main.o
        48          4          0          0          0        554   microsw.o
       120         14          0          0          0       1068   misc.o
      1534         30        588          4         52       4708   pid.o
       472         58          0          4          0       9900   port.o
      1836        310          0         56        308       8100   shoottask.o
       416        210          0         46          0       3070   start_task.o
        36          8        392          0       1024        864   startup_stm32f40_41xxx.o
       248         30          0          8          0       1706   steeringengine.o
      1654         22          0          0          0       7880   stm32f4xx_can.o
       784         86          0          0          0       6811   stm32f4xx_dma.o
       222          0          0          0          0       3039   stm32f4xx_gpio.o
        28          0          0          0          0     306151   stm32f4xx_it.o
        68         30          0          0          0       2730   stm32f4xx_iwdg.o
       360         42          0         16          0       5424   stm32f4xx_rcc.o
       446         36          0          0          0       8844   stm32f4xx_tim.o
       412          8          0          0          0       4489   stm32f4xx_usart.o
       340         32          0         20          0       1929   system_stm32f4xx.o
      2406        372          0         72        740      27232   tasks.o
        28          6          0          4          0        760   tim4.o
       136         14          0          4          0       1701   tim7.o
       416         38          0          0        144       2678   uart4.o
       388         36          0          8         18       2129   usart1.o
       468         38          0          1          9       2179   usart2.o
       716        122          0          4        184       3144   zerochecktask.o

    ----------------------------------------------------------------------
     30758       3286       1784        844      14120     522015   Object Totals
         0          0         32          0          0          0   (incl. Generated)
        22          0          3          5         10          0   (incl. Padding)

    ----------------------------------------------------------------------

      Code (inc. data)   RO Data    RW Data    ZI Data      Debug   Library Member Name

       200         20          0          0          0        164   cos.o
       368         46         48          0          0        200   cos_i.o
        84         16          0          0          0        372   dunder.o
        24          0          0          0          0        124   fabs.o
        48          0          0          0          0        124   fpclassify.o
       248          0          0          0          0        152   poly.o
       224         30          0          0          0        172   round.o
      1080        142        200          0          0        188   rred.o
       200         20          0          0          0        164   sin.o
       304         24         40          0          0        208   sin_i.o
       128         20          0          0          0        144   tan.o
       848         84         96          0          0        196   tan_i.o
        86          0          0          0          0          0   __dczerorl2.o
         0          0          0          0          0          0   entry.o
         0          0          0          0          0          0   entry10a.o
         0          0          0          0          0          0   entry11a.o
         8          4          0          0          0          0   entry2.o
         4          0          0          0          0          0   entry5.o
         0          0          0          0          0          0   entry7b.o
         0          0          0          0          0          0   entry8b.o
         8          4          0          0          0          0   entry9a.o
        12          6          0          4          0         68   errno.o
        30          0          0          0          0          0   handlers.o
        36          8          0          0          0         68   init.o
         0          0          0          0          0          0   iusefp.o
        30          0          0          0          0         68   llshl.o
        36          0          0          0          0         68   llsshr.o
        32          0          0          0          0         68   llushr.o
        36          0          0          0          0         68   memcpya.o
        36          0          0          0          0        108   memseta.o
        48          0          0          0          0         68   cdcmple.o
        48          0          0          0          0         68   cdrcmple.o
        56          0          0          0          0         88   d2f.o
       334          0          0          0          0        148   dadd.o
       222          0          0          0          0        100   ddiv.o
       186          0          0          0          0        176   depilogue.o
        62          0          0          0          0         80   dfixi.o
        34          0          0          0          0         76   dflti.o
        26          0          0          0          0         76   dfltui.o
       228          0          0          0          0         96   dmul.o
       136          4          0          0          0         92   drnd.o
        38          0          0          0          0         68   f2d.o
       110          0          0          0          0        168   fepilogue.o

    ----------------------------------------------------------------------
      5650        428        384          4          0       4028   Library Totals
        12          0          0          0          0          0   (incl. Padding)

    ----------------------------------------------------------------------

      Code (inc. data)   RO Data    RW Data    ZI Data      Debug   Library Name

      3756        402        384          0          0       2208   m_wm.l
       354         22          0          4          0        516   mc_w.l
      1528          4          0          0          0       1304   mf_w.l

    ----------------------------------------------------------------------
      5650        428        384          4          0       4028   Library Totals

    ----------------------------------------------------------------------

==============================================================================


      Code (inc. data)   RO Data    RW Data    ZI Data      Debug   

     36408       3714       2168        848      14120     506743   Grand Totals
     36408       3714       2168        100      14120     506743   ELF Image Totals (compressed)
     36408       3714       2168        100          0          0   ROM Totals

==============================================================================

    Total RO  Size (Code + RO Data)                38576 (  37.67kB)
    Total RW  Size (RW Data + ZI Data)             14968 (  14.62kB)
    Total ROM Size (Code + RO Data + RW Data)      38676 (  37.77kB)

==============================================================================

