<html>
<body>
<pre>
<h1>µVision Build Log</h1>
<h2>Tool Versions:</h2>
IDE-Version: ¦ÌVision V5.25.2.0
Copyright (C) 2018 ARM Ltd and ARM Germany GmbH. All rights reserved.
License Information: 1 8618632560969, 23, LIC=ZB412-9TV92-ADLKK-ZCPRD-QV6Y4-AQ1S1
 
Tool Versions:
Toolchain:       MDK-ARM Plus  Version: 5.25.2.0
Toolchain Path:  D:\Keil_v5\ARM\ARMCC\Bin
C Compiler:      Armcc.exe V5.06 update 6 (build 750)
Assembler:       Armasm.exe V5.06 update 6 (build 750)
Linker/Locator:  ArmLink.exe V5.06 update 6 (build 750)
Library Manager: ArmAr.exe V5.06 update 6 (build 750)
Hex Converter:   FromElf.exe V5.06 update 6 (build 750)
CPU DLL:         SARMCM3.DLL V5.25.2.0
Dialog DLL:      DCM.DLL V1.17.1.0
Target DLL:      Segger\JL2CM3.dll V2.99.29.0
Dialog DLL:      TCM.DLL V1.35.1.0
 
<h2>Project:</h2>
D:\Robomaster\Infantry\Infantry_2022\new_Infantry\Infantry2022\Gimbal\Gimbal\F405_Gimbal\Project\HUST-RM-Master.uvprojx
Project File Date:  07/07/2022

<h2>Output:</h2>
*** Using Compiler 'V5.06 update 6 (build 750)', folder: 'D:\Keil_v5\ARM\ARMCC\Bin'
Build target 'HUST-RM-Master'
compiling main.c...
..\Task\DataReceivetask.h(106): warning:  #1295-D: Deprecated declaration RCReceive_task - give arg types
  void RCReceive_task();
..\Task\DataReceivetask.h(107): warning:  #1295-D: Deprecated declaration PCReceive_task - give arg types
  void PCReceive_task();
..\Task\Start_Task.h(7): warning:  #1295-D: Deprecated declaration Robot_Stop - give arg types
  void Robot_Stop();
..\Task\Start_Task.h(8): warning:  #1295-D: Deprecated declaration Robot_Recover - give arg types
  void Robot_Recover();
..\Task\Start_Task.h(9): warning:  #1295-D: Deprecated declaration Shoot_Stop - give arg types
  void Shoot_Stop();
..\Task\Start_Task.h(10): warning:  #1295-D: Deprecated declaration Shoot_Recover - give arg types
  void Shoot_Recover();
..\Task\Start_Task.h(11): warning:  #1295-D: Deprecated declaration PC_Rst - give arg types
  void PC_Rst();
..\User\main.c: 7 warnings, 0 errors
linking...
Program Size: Code=38356 RO-data=2172 RW-data=852 ZI-data=14300  
"..\OBJ\HUST-RM-Master.axf" - 0 Error(s), 7 Warning(s).

<h2>Software Packages used:</h2>

Package Vendor: Keil
                http://www.keil.com/pack/Keil.STM32F4xx_DFP.2.4.0.pack
                Keil.STM32F4xx_DFP.2.4.0
                STMicroelectronics STM32F4 Series Device Support, Drivers and Examples

<h2>Collection of Component include folders:</h2>
  .\RTE\_HUST-RM-Master
  D:\Keil_v5\ARM\PACK\Keil\STM32F4xx_DFP\2.4.0\Drivers\CMSIS\Device\ST\STM32F4xx\Include

<h2>Collection of Component Files used:</h2>
Build Time Elapsed:  00:00:01
</pre>
</body>
</html>
